03-13 16:10:45.509: W/AppOps(3188): 	at com.android.server.AppOpsService.checkPackage(AppOpsService.java:1053)
03-13 16:10:45.509: W/AppOps(3188): 	at com.android.internal.app.IAppOpsService$Stub.onTransact(IAppOpsService.java:169)
03-13 16:10:45.509: W/AppOps(3188): 	at android.os.Binder.execTransact(Binder.java:565)
03-13 16:10:45.510: W/AppOps(3188): Bad call: specified package com.google.android.play.games under uid 10168 but it is really 10144
03-13 16:10:45.510: W/AppOps(3188): java.lang.RuntimeException: here
03-13 16:10:45.510: W/AppOps(3188): 	at com.android.server.AppOpsService.getOpsRawLocked(AppOpsService.java:1379)
03-13 16:10:45.510: W/AppOps(3188): 	at com.android.server.AppOpsService.checkPackage(AppOpsService.java:1053)
03-13 16:10:45.510: W/AppOps(3188): 	at com.android.internal.app.IAppOpsService$Stub.onTransact(IAppOpsService.java:169)
03-13 16:10:45.510: W/AppOps(3188): 	at android.os.Binder.execTransact(Binder.java:565)
03-13 16:10:45.896: I/ContentDownloadManager(5050): Up-to-date file is already available locally: EntrySpec[3834]
03-13 16:10:46.049: W/GamesServiceBroker(5050): Client connected with SDK 12605000, Services 12218448, and Games 55810048
03-13 16:10:46.053: W/AppOps(3188): Bad call: specified package com.google.android.play.games under uid 10168 but it is really 10144
03-13 16:10:46.053: W/AppOps(3188): java.lang.RuntimeException: here
03-13 16:10:46.053: W/AppOps(3188): 	at com.android.server.AppOpsService.getOpsRawLocked(AppOpsService.java:1379)
03-13 16:10:46.053: W/AppOps(3188): 	at com.android.server.AppOpsService.checkPackage(AppOpsService.java:1053)
03-13 16:10:46.053: W/AppOps(3188): 	at com.android.internal.app.IAppOpsService$Stub.onTransact(IAppOpsService.java:169)
03-13 16:10:46.053: W/AppOps(3188): 	at android.os.Binder.execTransact(Binder.java:565)
03-13 16:10:46.054: W/AppOps(3188): Bad call: specified package com.google.android.play.games under uid 10168 but it is really 10144
03-13 16:10:46.054: W/AppOps(3188): java.lang.RuntimeException: here
03-13 16:10:46.054: W/AppOps(3188): 	at com.android.server.AppOpsService.getOpsRawLocked(AppOpsService.java:1379)
03-13 16:10:46.054: W/AppOps(3188): 	at com.android.server.AppOpsService.checkPackage(AppOpsService.java:1053)
03-13 16:10:46.054: W/AppOps(3188): 	at com.android.internal.app.IAppOpsService$Stub.onTransact(IAppOpsService.java:169)
03-13 16:10:46.054: W/AppOps(3188): 	at android.os.Binder.execTransact(Binder.java:565)
03-13 16:10:46.409: I/ContentDownloadManager(5050): Up-to-date file is already available locally: EntrySpec[3834]
03-13 16:10:46.565: W/GamesServiceBroker(5050): Client connected with SDK 12605000, Services 12218448, and Games 55810048
03-13 16:10:46.579: W/AppOps(3188): Bad call: specified package com.google.android.play.games under uid 10168 but it is really 10144
03-13 16:10:46.579: W/AppOps(3188): java.lang.RuntimeException: here
03-13 16:10:46.579: W/AppOps(3188): 	at com.android.server.AppOpsService.getOpsRawLocked(AppOpsService.java:1379)
03-13 16:10:46.579: W/AppOps(3188): 	at com.android.server.AppOpsService.checkPackage(AppOpsService.java:1053)
03-13 16:10:46.579: W/AppOps(3188): 	at com.android.internal.app.IAppOpsService$Stub.onTransact(IAppOpsService.java:169)
03-13 16:10:46.579: W/AppOps(3188): 	at android.os.Binder.execTransact(Binder.java:565)
03-13 16:10:46.580: W/AppOps(3188): Bad call: specified package com.google.android.play.games under uid 10168 but it is really 10144
03-13 16:10:46.580: W/AppOps(3188): java.lang.RuntimeException: here
03-13 16:10:46.580: W/AppOps(3188): 	at com.android.server.AppOpsService.getOpsRawLocked(AppOpsService.java:1379)
03-13 16:10:46.580: W/AppOps(3188): 	at com.android.server.AppOpsService.checkPackage(AppOpsService.java:1053)
03-13 16:10:46.580: W/AppOps(3188): 	at com.android.internal.app.IAppOpsService$Stub.onTransact(IAppOpsService.java:169)
03-13 16:10:46.580: W/AppOps(3188): 	at android.os.Binder.execTransact(Binder.java:565)
03-13 16:10:46.898: I/ContentDownloadManager(5050): Up-to-date file is already available locally: EntrySpec[3834]
03-13 16:10:47.072: V/eagle(2846): eagle pipeline proc call 212500 (size =1920, inCh=3, outCh=3, android fmt in=5, out=3) ret 0 
03-13 16:10:47.075: W/GamesServiceBroker(5050): Client connected with SDK 12605000, Services 12218448, and Games 55810048
03-13 16:10:47.076: W/AppOps(3188): Bad call: specified package com.google.android.play.games under uid 10168 but it is really 10144
03-13 16:10:47.076: W/AppOps(3188): java.lang.RuntimeException: here
03-13 16:10:47.076: W/AppOps(3188): 	at com.android.server.AppOpsService.getOpsRawLocked(AppOpsService.java:1379)
03-13 16:10:47.076: W/AppOps(3188): 	at com.android.server.AppOpsService.checkPackage(AppOpsService.java:1053)
03-13 16:10:47.076: W/AppOps(3188): 	at com.android.internal.app.IAppOpsService$Stub.onTransact(IAppOpsService.java:169)
03-13 16:10:47.076: W/AppOps(3188): 	at android.os.Binder.execTransact(Binder.java:565)
03-13 16:10:47.077: W/AppOps(3188): Bad call: specified package com.google.android.play.games under uid 10168 but it is really 10144
03-13 16:10:47.077: W/AppOps(3188): java.lang.RuntimeException: here
03-13 16:10:47.077: W/AppOps(3188): 	at com.android.server.AppOpsService.getOpsRawLocked(AppOpsService.java:1379)
03-13 16:10:47.077: W/AppOps(3188): 	at com.android.server.AppOpsService.checkPackage(AppOpsService.java:1053)
03-13 16:10:47.077: W/AppOps(3188): 	at com.android.internal.app.IAppOpsService$Stub.onTransact(IAppOpsService.java:169)
03-13 16:10:47.077: W/AppOps(3188): 	at android.os.Binder.execTransact(Binder.java:565)
03-13 16:10:47.251: V/GamesNativeSDK(6640): Snapshot was not committed, discarding.
03-13 16:10:47.251: V/GamesNativeSDK(6640): Attached to JVM on thread -743442144
03-13 16:10:47.402: I/ContentDownloadManager(5050): Up-to-date file is already available locally: EntrySpec[3834]
03-13 16:10:47.584: W/GamesServiceBroker(5050): Client connected with SDK 12605000, Services 12218448, and Games 55810048
03-13 16:10:47.597: W/AppOps(3188): Bad call: specified package com.google.android.play.games under uid 10168 but it is really 10144
03-13 16:10:47.597: W/AppOps(3188): java.lang.RuntimeException: here
03-13 16:10:47.597: W/AppOps(3188): 	at com.android.server.AppOpsService.getOpsRawLocked(AppOpsService.java:1379)
03-13 16:10:47.597: W/AppOps(3188): 	at com.android.server.AppOpsService.checkPackage(AppOpsService.java:1053)
03-13 16:10:47.597: W/AppOps(3188): 	at com.android.internal.app.IAppOpsService$Stub.onTransact(IAppOpsService.java:169)
03-13 16:10:47.597: W/AppOps(3188): 	at android.os.Binder.execTransact(Binder.java:565)
03-13 16:10:47.599: W/AppOps(3188): Bad call: specified package com.google.android.play.games under uid 10168 but it is really 10144
03-13 16:10:47.599: W/AppOps(3188): java.lang.RuntimeException: here
03-13 16:10:47.599: W/AppOps(3188): 	at com.android.server.AppOpsService.getOpsRawLocked(AppOpsService.java:1379)
03-13 16:10:47.599: W/AppOps(3188): 	at com.android.server.AppOpsService.checkPackage(AppOpsService.java:1053)
03-13 16:10:47.599: W/AppOps(3188): 	at com.android.internal.app.IAppOpsService$Stub.onTransact(IAppOpsService.java:169)
03-13 16:10:47.599: W/AppOps(3188): 	at android.os.Binder.execTransact(Binder.java:565)
03-13 16:10:47.731: D/wpa_supplicant(4173): wlan0: Control interface command 'SIGNAL_POLL'
03-13 16:10:47.734: D/wpa_supplicant(4173): CTRL-DEBUG: global_ctrl_sock-sendto: sock=8 sndbuf=229376 outq=0 send_len=48
03-13 16:10:47.955: I/ContentDownloadManager(5050): Up-to-date file is already available locally: EntrySpec[3834]
03-13 16:10:48.119: W/GamesServiceBroker(5050): Client connected with SDK 12605000, Services 12218448, and Games 55810048
03-13 16:10:48.126: W/AppOps(3188): Bad call: specified package com.google.android.play.games under uid 10168 but it is really 10144
03-13 16:10:48.126: W/AppOps(3188): java.lang.RuntimeException: here
03-13 16:10:48.126: W/AppOps(3188): 	at com.android.server.AppOpsService.getOpsRawLocked(AppOpsService.java:1379)
03-13 16:10:48.126: W/AppOps(3188): 	at com.android.server.AppOpsService.checkPackage(AppOpsService.java:1053)
03-13 16:10:48.126: W/AppOps(3188): 	at com.android.internal.app.IAppOpsService$Stub.onTransact(IAppOpsService.java:169)
03-13 16:10:48.126: W/AppOps(3188): 	at android.os.Binder.execTransact(Binder.java:565)
03-13 16:10:48.128: W/AppOps(3188): Bad call: specified package com.google.android.play.games under uid 10168 but it is really 10144
03-13 16:10:48.128: W/AppOps(3188): java.lang.RuntimeException: here
03-13 16:10:48.128: W/AppOps(3188): 	at com.android.server.AppOpsService.getOpsRawLocked(AppOpsService.java:1379)
03-13 16:10:48.128: W/AppOps(3188): 	at com.android.server.AppOpsService.checkPackage(AppOpsService.java:1053)
03-13 16:10:48.128: W/AppOps(3188): 	at com.android.internal.app.IAppOpsService$Stub.onTransact(IAppOpsService.java:169)
03-13 16:10:48.128: W/AppOps(3188): 	at android.os.Binder.execTransact(Binder.java:565)
03-13 16:10:48.440: W/GamesServiceBroker(5050): Client connected with SDK 12605000, Services 12218448, and Games 55810048
03-13 16:10:48.596: W/AppOps(3188): Bad call: specified package com.google.android.play.games under uid 10168 but it is really 10144
03-13 16:10:48.596: W/AppOps(3188): java.lang.RuntimeException: here
03-13 16:10:48.596: W/AppOps(3188): 	at com.android.server.AppOpsService.getOpsRawLocked(AppOpsService.java:1379)
03-13 16:10:48.596: W/AppOps(3188): 	at com.android.server.AppOpsService.checkPackage(AppOpsService.java:1053)
03-13 16:10:48.596: W/AppOps(3188): 	at com.android.internal.app.IAppOpsService$Stub.onTransact(IAppOpsService.java:169)
03-13 16:10:48.596: W/AppOps(3188): 	at android.os.Binder.execTransact(Binder.java:565)
03-13 16:10:48.598: W/AppOps(3188): Bad call: specified package com.google.android.play.games under uid 10168 but it is really 10144
03-13 16:10:48.598: W/AppOps(3188): java.lang.RuntimeException: here
03-13 16:10:48.598: W/AppOps(3188): 	at com.android.server.AppOpsService.getOpsRawLocked(AppOpsService.java:1379)
03-13 16:10:48.598: W/AppOps(3188): 	at com.android.server.AppOpsService.checkPackage(AppOpsService.java:1053)
03-13 16:10:48.598: W/AppOps(3188): 	at com.android.internal.app.IAppOpsService$Stub.onTransact(IAppOpsService.java:169)
03-13 16:10:48.598: W/AppOps(3188): 	at android.os.Binder.execTransact(Binder.java:565)
03-13 16:10:48.602: I/ContentMaintenance(5050): Pruning caches...
03-13 16:10:48.639: I/ContentMaintenance(5050): Internal cache bytes used: 0; limit: 100000000; download size: 0
03-13 16:10:48.646: I/ContentMaintenance(5050): Cache pruning complete.
03-13 16:10:48.652: I/ContentMaintenance(5050): Beginning garbage collection.
03-13 16:10:48.658: I/ContentMaintenance(5050): Keeping (internal): 035a1165-bd75-4db9-a8b8-98b5404766d0
03-13 16:10:48.661: I/ContentMaintenance(5050): Keeping (internal): cfcd6267-092e-40e2-ab3b-8cd194a5104c
03-13 16:10:48.661: I/ContentMaintenance(5050): Keeping (internal): 00437923-5ac9-449b-85b4-a9bd1af51e32
03-13 16:10:48.662: I/ContentMaintenance(5050): Keeping (internal): fbcbb942-8931-4f2b-b6f8-486a8632da29
03-13 16:10:48.663: I/ContentMaintenance(5050): Keeping (internal): 2dc98f97-fa42-47f2-ab8c-57069c0b9ba2
03-13 16:10:48.663: I/ContentMaintenance(5050): Keeping (internal): dd1351ff-5427-4d4b-8466-f6f50f6d676d
03-13 16:10:48.663: I/ContentMaintenance(5050): Keeping (internal): a90c48bf-2443-4c1e-871b-c8d8960c6601
03-13 16:10:48.664: I/ContentMaintenance(5050): Keeping (internal): 6ba01e98-543c-476b-a00d-fb11ec4a6d3b
03-13 16:10:48.664: I/ContentMaintenance(5050): Keeping (internal): c901760f-eb71-49e9-ad0f-2900387b3848
03-13 16:10:48.665: I/ContentMaintenance(5050): Keeping (internal): d99aa49a-1a71-40ab-bff8-d89e333456ee
03-13 16:10:48.665: I/ContentMaintenance(5050): Keeping (internal): 3f26df37-80ec-481b-8458-43f30bbd6561
03-13 16:10:48.668: I/ContentMaintenance(5050): Keeping (internal): 016a1464-2c81-4dab-be8e-b4e85c7fe5e8
03-13 16:10:48.673: I/ContentMaintenance(5050): Keeping (internal): 9dcb628a-b213-4720-a456-136a31cb95d6
03-13 16:10:48.679: W/ActivityManager(3188): Unable to start service Intent { cmp=com.google.android.gms/.drive.api.ApiService } U=0: not found
03-13 16:10:48.679: I/ContentMaintenance(5050): Keeping (internal): 59aad424-626a-4782-b5d6-c047be90d784
03-13 16:10:48.682: I/ContentMaintenance(5050): Keeping (internal): 7b864386-849a-4960-883c-1119b92df107
03-13 16:10:48.683: I/ContentMaintenance(5050): Keeping (internal): 937eff6b-e6c8-48d5-902d-22d4a92803f6
03-13 16:10:48.685: I/ContentMaintenance(5050): Keeping (internal): 3a7dedac-3302-481e-b091-1772ebf78735
03-13 16:10:48.687: I/ContentMaintenance(5050): Keeping (internal): 525f3e6d-4138-4c10-b184-72d96bca9c91
03-13 16:10:48.689: I/ContentMaintenance(5050): Keeping (internal): 82a5f56f-99b3-4b60-bb87-72e42f9f57d4
03-13 16:10:48.690: I/ContentMaintenance(5050): Keeping (internal): a261f627-2f71-4ffa-95ef-c94d1403f2a6
03-13 16:10:48.692: I/ContentMaintenance(5050): Keeping (internal): f1aaba42-f535-4196-af4c-2f0ebf740362
03-13 16:10:48.695: I/ContentMaintenance(5050): Keeping (internal): 4415fa65-f164-4bf9-bc53-1c8537b437f0
03-13 16:10:48.698: I/ContentMaintenance(5050): Keeping (internal): a3a6cc48-a683-456d-89c0-be3a4887f203
03-13 16:10:48.700: I/ContentMaintenance(5050): Keeping (internal): e5db637e-fd66-4432-9726-4b5f8d9039a2
03-13 16:10:48.703: I/ContentMaintenance(5050): Keeping (internal): dc451db6-bbd0-46ad-92ef-b3ffad9cd59a
03-13 16:10:48.706: I/ContentMaintenance(5050): Keeping (internal): e150897f-1558-42a8-ae38-18c2e590d23d
03-13 16:10:48.708: I/ContentMaintenance(5050): Keeping (internal): a4aa53fd-6c24-4fa6-9280-36f2deaea40c
03-13 16:10:48.715: I/ContentMaintenance(5050): Keeping (internal): 1dcf4e28-8e61-4425-95ce-852aee59356f
03-13 16:10:48.717: I/ContentMaintenance(5050): Keeping (internal): de078635-44ba-469a-8f7b-0408605227bc
03-13 16:10:48.720: I/ContentMaintenance(5050): Keeping (internal): df5b1289-8f1a-4e85-9342-00dd32ef7eb1
03-13 16:10:48.722: I/ContentMaintenance(5050): Keeping (internal): cd70e23b-4889-44c6-8c91-85c6f29d0186
03-13 16:10:48.725: I/ContentMaintenance(5050): Keeping (internal): d7891d41-7d2c-4c7e-898f-e94525d6916b
03-13 16:10:48.729: I/ContentMaintenance(5050): Keeping (internal): dfb0d3ea-eb84-48a3-9e34-6edff5d8ac67
03-13 16:10:48.730: I/ContentMaintenance(5050): Keeping (internal): 9d4c5548-1045-4cf2-88c8-50802bfdeb04
03-13 16:10:48.731: I/ContentMaintenance(5050): Keeping (internal): 79071cb2-b0c5-4893-9838-3c2fa7ab2800
03-13 16:10:48.733: I/ContentMaintenance(5050): Keeping (internal): 9ceee17b-7334-47f7-b2c5-a2a89bab22a6
03-13 16:10:48.740: I/ContentMaintenance(5050): Keeping (internal): 692d0622-b77e-4879-bb2c-6e725566dd73
03-13 16:10:48.740: I/ContentMaintenance(5050): Keeping (internal): f9be7cd8-11ba-40f7-b64b-47b569b0bd42
03-13 16:10:48.741: I/ContentMaintenance(5050): Keeping (internal): 6ce74f68-30c4-4a7a-9b63-00d778508f49
03-13 16:10:48.742: I/ContentMaintenance(5050): Keeping (internal): e6bcd30f-2190-489b-ad5e-7e921b74dce6
03-13 16:10:48.742: I/ContentMaintenance(5050): Keeping (internal): 48de18e8-33fb-43d0-a183-c7e21a2a89a3
03-13 16:10:48.743: I/ContentMaintenance(5050): Keeping (internal): 989e49ea-26e9-4949-9415-a253b3dee703
03-13 16:10:48.744: I/ContentMaintenance(5050): Keeping (internal): 87ab5a12-79cf-4413-a708-8cd41a22ddee
03-13 16:10:48.744: I/ContentMaintenance(5050): Keeping (internal): b516b040-b773-4cb6-a7cd-d27c4d450eab
03-13 16:10:48.745: I/ContentMaintenance(5050): Keeping (internal): 5565691a-6fc3-4664-8fdd-c4353eacb666
03-13 16:10:48.745: I/ContentMaintenance(5050): Keeping (internal): cbf3cef5-6317-429d-9f3d-c3175f463c82
03-13 16:10:48.746: I/ContentMaintenance(5050): Keeping (internal): 7a7eb14a-0eef-4edb-b370-b11471f7a731
03-13 16:10:48.746: I/ContentMaintenance(5050): Keeping (internal): 206eafee-3f46-4dcb-b7b5-dbec790fe8ea
03-13 16:10:48.746: I/ContentMaintenance(5050): Keeping (internal): 1093bf38-eff4-40c6-a4e4-008d2eb33729
03-13 16:10:48.747: I/ContentMaintenance(5050): Keeping (internal): 48d49ecb-7d12-4611-972a-a1b25e661c95
03-13 16:10:48.747: I/ContentMaintenance(5050): Keeping (internal): 5378df7b-0d62-4bd8-8141-338cc826eced
03-13 16:10:48.747: I/ContentMaintenance(5050): Keeping (internal): 8ec0fa9a-1bc2-4ba7-9328-1c5b9a84fbdb
03-13 16:10:48.748: I/ContentMaintenance(5050): Keeping (internal): 381618c1-cf33-4ae4-be0e-e8d3a79f84b8
03-13 16:10:48.748: I/ContentMaintenance(5050): Keeping (internal): de4d1d24-d8bf-4636-908a-0d4748979344
03-13 16:10:48.749: I/ContentMaintenance(5050): Keeping (internal): cb0ae0a1-2b6b-47f5-aae9-abbb53aec04b
03-13 16:10:48.749: I/ContentMaintenance(5050): Keeping (internal): 3c74d705-952b-408c-8214-06077f760bd6
03-13 16:10:48.749: I/ContentMaintenance(5050): Keeping (internal): 682deb9c-5f77-47cc-8b44-fcbac02b4315
03-13 16:10:48.750: I/ContentMaintenance(5050): Keeping (internal): 4f36deaf-04ae-401d-abb4-2da5d62bfd0d
03-13 16:10:48.750: I/ContentMaintenance(5050): Keeping (internal): 912464a0-db6f-4143-adb5-5bc4de86f478
03-13 16:10:48.750: I/ContentMaintenance(5050): Keeping (internal): 8b99f7f6-2f04-4c8c-bf87-7452fd571c62
03-13 16:10:48.751: I/ContentMaintenance(5050): Keeping (internal): 3a3c7a6b-f0e5-4413-85db-ee04fc5f9ac1
03-13 16:10:48.751: I/ContentMaintenance(5050): Keeping (internal): 603fb61d-a1a6-4036-be32-19990fc2060a
03-13 16:10:48.751: I/ContentMaintenance(5050): Keeping (internal): c22492e1-a1bb-4f76-8a28-5d1e54882268
03-13 16:10:48.752: I/ContentMaintenance(5050): Keeping (internal): 111f02f9-d6fc-425d-80ff-d7663dc86e46
03-13 16:10:48.752: I/ContentMaintenance(5050): Keeping (internal): a976064a-adfb-478d-89a6-eb8d50fe41b0
03-13 16:10:48.752: I/ContentMaintenance(5050): Keeping (internal): 8f1f4b76-63b4-45c9-88dc-cea205edf3b7
03-13 16:10:48.753: I/ContentMaintenance(5050): Keeping (internal): 435ca9b8-b8b9-4623-ab12-b61674cddd0c
03-13 16:10:48.753: I/ContentMaintenance(5050): Keeping (internal): 3fafabb9-66c9-478f-8ff6-a3291a201670
03-13 16:10:48.754: I/ContentMaintenance(5050): Keeping (internal): 2bbbd136-26a6-4269-b698-050635e99b42
03-13 16:10:48.754: I/ContentMaintenance(5050): Keeping (internal): 3f62aac0-c536-41ca-b03e-0451e8cc7d93
03-13 16:10:48.754: I/ContentMaintenance(5050): Keeping (internal): b78adb33-4ce3-4e51-ae11-d897f4c03e21
03-13 16:10:48.755: I/ContentMaintenance(5050): Keeping (internal): 973dc764-da72-4aeb-a287-968c82d8bfef
03-13 16:10:48.755: I/ContentMaintenance(5050): Keeping (internal): 796cf7fd-f471-4e7d-ae08-6888dd710391
03-13 16:10:48.755: I/ContentMaintenance(5050): Keeping (internal): d5df1f04-ec20-4dd4-afd4-b4b988489907
03-13 16:10:48.756: I/ContentMaintenance(5050): Keeping (internal): 66d8b769-64ba-4e1e-adec-511406ecb228
03-13 16:10:48.756: I/ContentMaintenance(5050): Keeping (internal): 254e7341-b4da-4abd-8087-caaeca13ace4
03-13 16:10:48.756: I/ContentMaintenance(5050): Keeping (internal): ca25e1e9-c148-4ac4-ba8f-d7e4c2bd59fd
03-13 16:10:48.757: I/ContentMaintenance(5050): Keeping (internal): a0da9093-260e-4825-863d-9dcd93ca7769
03-13 16:10:48.757: I/ContentMaintenance(5050): Keeping (internal): 804a8eb2-64af-4c1d-b118-1eb58f387fb6
03-13 16:10:48.758: I/ContentMaintenance(5050): Keeping (internal): 61aefd0f-26ca-4ee8-be7d-7efe3f8c1e15
03-13 16:10:48.758: I/ContentMaintenance(5050): Keeping (internal): 91a9879b-9243-4272-8e42-95a5e4789980
03-13 16:10:48.759: I/ContentMaintenance(5050): Keeping (internal): 5f06b0f0-0eac-4613-be84-7aa42318b29f
03-13 16:10:48.759: I/ContentMaintenance(5050): Keeping (internal): 071a7da2-6ff3-457d-85ef-57e9c66e7571
03-13 16:10:48.759: I/ContentMaintenance(5050): Keeping (internal): 90b07400-2878-4dfd-85df-da283c82550f
03-13 16:10:48.760: I/ContentMaintenance(5050): Keeping (internal): 2f457b59-1209-46a7-92cd-164de9cd9e84
03-13 16:10:48.760: I/ContentMaintenance(5050): Keeping (internal): aa598bbd-fc2a-456c-bb7d-43a739cfce4d
03-13 16:10:48.761: I/ContentMaintenance(5050): Keeping (internal): 280978eb-dec9-461e-a2b3-c3a5daefa53b
03-13 16:10:48.761: I/ContentMaintenance(5050): Keeping (internal): c04201ca-31e6-49fa-9018-9e40983328ec
03-13 16:10:48.761: I/ContentMaintenance(5050): Keeping (internal): 95f59e6c-e63a-4b5b-aa46-a7720c2d7352
03-13 16:10:48.762: I/ContentMaintenance(5050): Keeping (internal): 0ed0cfaf-813b-4afc-846c-d035195ef445
03-13 16:10:48.762: I/ContentMaintenance(5050): Keeping (internal): fc4995d3-de70-4050-b63c-f53d7be40848
03-13 16:10:48.763: I/ContentMaintenance(5050): Keeping (internal): 83cc600f-054e-4e90-aad1-ade75b43ab60
03-13 16:10:48.763: I/ContentMaintenance(5050): Keeping (internal): ffe1d8e8-7977-472b-bd98-75e594123a90
03-13 16:10:48.763: I/ContentMaintenance(5050): Keeping (internal): 8fe731f0-efdd-4edb-941a-ef5ee60a806c
03-13 16:10:48.764: I/ContentMaintenance(5050): Keeping (internal): 8a256842-ca0e-4134-b06f-bae9c59832a8
03-13 16:10:48.764: I/ContentMaintenance(5050): Keeping (internal): 0243db4b-275e-4592-8a02-7cbd9d7969d9
03-13 16:10:48.764: I/ContentMaintenance(5050): Keeping (internal): 3754deb8-71f6-4146-ac8a-0b69f9a0766b
03-13 16:10:48.765: I/ContentMaintenance(5050): Keeping (internal): 8517fc23-bc58-459d-bb50-b5e6f280a4a7
03-13 16:10:48.765: I/ContentMaintenance(5050): Keeping (internal): 98c16d19-a198-4972-a39c-4612d4f9825b
03-13 16:10:48.766: I/ContentMaintenance(5050): Keeping (internal): 475ce7ee-fb27-49cb-a20c-ebc0f5c866a9
03-13 16:10:48.766: I/ContentMaintenance(5050): Keeping (internal): bc946d7b-f9d4-404c-bf09-8cae4debe80c
03-13 16:10:48.766: I/ContentMaintenance(5050): Keeping (internal): 18046a67-945e-4299-a347-e70d93c431db
03-13 16:10:48.767: I/ContentMaintenance(5050): Keeping (internal): 3979c885-a5f6-4dfb-b188-63d931f69a49
03-13 16:10:48.767: I/ContentMaintenance(5050): Keeping (internal): f87cad51-c36e-4d41-b9ad-f7dcf6242d41
03-13 16:10:48.767: I/ContentMaintenance(5050): Keeping (internal): 2cb48862-e9de-44b4-8b84-1d01940eeeb4
03-13 16:10:48.768: I/ContentMaintenance(5050): Keeping (internal): 7068e67a-5451-4a5f-8571-98def20372bb
03-13 16:10:48.768: I/ContentMaintenance(5050): Keeping (internal): 303f3f72-1bbe-4581-9abb-a6cdf365db16
03-13 16:10:48.769: I/ContentMaintenance(5050): Keeping (internal): 74d22e93-a341-49af-b920-8821ac912f1a
03-13 16:10:48.769: I/ContentMaintenance(5050): Keeping (internal): 0dda2a1a-976e-40cd-93ad-81dd47cc4781
03-13 16:10:48.769: I/ContentMaintenance(5050): Keeping (internal): c5753a6d-22b2-45c2-8ee8-8a58f0730071
03-13 16:10:48.770: I/ContentMaintenance(5050): Keeping (internal): 9c25f246-2fd6-416c-ad11-c8aabde9f48a
03-13 16:10:48.770: I/ContentMaintenance(5050): Keeping (internal): 417b751e-5fa7-4f19-abfb-5a6e0a2ec98f
03-13 16:10:48.770: I/ContentMaintenance(5050): Keeping (internal): 21175b2d-9d92-42e6-b55c-934bd554f15d
03-13 16:10:48.771: I/ContentMaintenance(5050): Keeping (internal): c92b80a6-27f4-44cd-ba72-06c630fd489f
03-13 16:10:48.771: I/ContentMaintenance(5050): Keeping (internal): 1eb79d88-b4b1-4f92-afde-0bca50173a6a
03-13 16:10:48.771: I/ContentMaintenance(5050): Keeping (internal): 1ba31c98-d99a-4ef0-87d7-ace37a808aa3
03-13 16:10:48.772: I/ContentMaintenance(5050): Keeping (internal): 729bf7e7-5a00-4894-a978-a176beb6a29f
03-13 16:10:48.772: I/ContentMaintenance(5050): Keeping (internal): 32ceff6c-0b82-45d2-ac54-2ed7773c101c
03-13 16:10:48.773: I/ContentMaintenance(5050): Keeping (internal): bb5b47a9-028f-4c2a-b533-1aff868cefee
03-13 16:10:48.773: I/ContentMaintenance(5050): Keeping (internal): 3600e0f6-e737-412e-b22f-d04e7c75421d
03-13 16:10:48.773: I/ContentMaintenance(5050): Keeping (internal): 13471025-ddab-42c6-b50e-ed71d5f03eb4
03-13 16:10:48.774: I/ContentMaintenance(5050): Keeping (internal): 14d1799a-e1e4-49e0-a6e9-f8b6c0d21ac2
03-13 16:10:48.774: I/ContentMaintenance(5050): Keeping (internal): 51d311c0-1c5b-40ab-8131-de9f34ce21bf
03-13 16:10:48.775: I/ContentMaintenance(5050): Keeping (internal): bca9431e-1fa7-4d0e-87b1-585f7b2f4e1f
03-13 16:10:48.775: I/ContentMaintenance(5050): Keeping (internal): 13d29d98-71c3-488e-b433-b5b775fc11ce
03-13 16:10:48.776: I/ContentMaintenance(5050): Keeping (internal): 2fa36d3c-9efb-4270-b46e-686a23a5fd0f
03-13 16:10:48.776: I/ContentMaintenance(5050): Keeping (internal): 8f382256-cefc-42d7-8a65-c037e79b92f2
03-13 16:10:48.776: I/ContentMaintenance(5050): Keeping (internal): f9a290c4-93df-4c80-8163-b2b67a77dd62
03-13 16:10:48.777: I/ContentMaintenance(5050): Keeping (internal): b0b22c2c-4680-4c0b-bb80-5b5be86fbd14
03-13 16:10:48.778: I/ContentMaintenance(5050): Keeping (internal): 0345d0ce-f548-4d97-9315-f0b083bf0f98
03-13 16:10:48.778: I/ContentMaintenance(5050): Keeping (internal): 66f483f6-d10d-4ab2-999d-f575faa2b263
03-13 16:10:48.779: I/ContentMaintenance(5050): Keeping (internal): 64030ff2-7caf-4133-b258-2d77815291fd
03-13 16:10:48.779: I/ContentMaintenance(5050): Keeping (internal): f2fa7dd9-fe92-4a1a-8cb7-cad38531f114
03-13 16:10:48.779: I/ContentMaintenance(5050): Keeping (internal): b2b15764-6a7e-4ac4-913c-999eb1364332
03-13 16:10:48.780: I/ContentMaintenance(5050): Keeping (internal): 5e8b6a00-044e-4682-b7e3-fea28547552d
03-13 16:10:48.780: I/ContentMaintenance(5050): Keeping (internal): 39af814b-bb2a-4c5b-9fd1-f0b54edcc1cd
03-13 16:10:48.780: I/ContentMaintenance(5050): Keeping (internal): 2d23dc72-7907-44fe-8501-8a141cb2c248
03-13 16:10:48.781: I/ContentMaintenance(5050): Keeping (internal): 3606d0d3-ad39-4147-8f11-0762843feec6
03-13 16:10:48.781: I/ContentMaintenance(5050): Keeping (internal): a6eb2655-88f0-4b6d-8a35-efcae08761da
03-13 16:10:48.782: I/ContentMaintenance(5050): Keeping (internal): ff533d86-e001-4162-a7ff-3a026a5101d5
03-13 16:10:48.782: I/ContentMaintenance(5050): Keeping (internal): 9146a309-d6f6-4e5b-8cde-f25d6dcf1ae0
03-13 16:10:48.782: I/ContentMaintenance(5050): Keeping (internal): 002d4393-c2bd-4057-b485-749e671a4e5a
03-13 16:10:48.783: I/ContentMaintenance(5050): Keeping (internal): 5c2f4d3e-5abf-448f-9165-1d3747beb9fb
03-13 16:10:48.783: I/ContentMaintenance(5050): Keeping (internal): 4ffa2fb3-0939-45fc-b4dd-e2d731cdcb86
03-13 16:10:48.783: I/ContentMaintenance(5050): Keeping (internal): dbb451e0-c231-4364-af04-2b75036b5438
03-13 16:10:48.784: I/ContentMaintenance(5050): Keeping (internal): f27d26ee-b796-40b5-a1e1-3858a51d94ba
03-13 16:10:48.784: I/ContentMaintenance(5050): Keeping (internal): 64b7ba69-74a9-45cf-b22f-01b3fb837d84
03-13 16:10:48.784: I/ContentMaintenance(5050): Keeping (internal): a953135b-ae31-4143-a49d-893d8bdbfa72
03-13 16:10:48.785: I/ContentMaintenance(5050): Keeping (internal): aa162d4a-62ea-4dca-bf17-75f07f3b76eb
03-13 16:10:48.785: I/ContentMaintenance(5050): Keeping (internal): f1d03261-7953-4c2c-b8e7-361f6a3115b2
03-13 16:10:48.786: I/ContentMaintenance(5050): Keeping (internal): 636ada3e-aed2-41ff-aa34-29720453dc80
03-13 16:10:48.786: I/ContentMaintenance(5050): Keeping (internal): c654e42b-4344-43e0-838e-5049237f48d5
03-13 16:10:48.786: I/ContentMaintenance(5050): Keeping (internal): 8f779006-0acf-439e-85fe-569a5a48cbdf
03-13 16:10:48.787: I/ContentMaintenance(5050): Keeping (internal): d83d78ab-4335-475f-b0ed-eed4b31ec81f
03-13 16:10:48.787: I/ContentMaintenance(5050): Keeping (internal): 63d06886-694e-4823-a4b4-8d068afaaf29
03-13 16:10:48.787: I/ContentMaintenance(5050): Keeping (internal): bcc8410b-289d-41de-a3d5-d79588d2a79f
03-13 16:10:48.788: I/ContentMaintenance(5050): Keeping (internal): 28145ca4-863a-4320-b20b-1cb1a02de899
03-13 16:10:48.788: I/ContentMaintenance(5050): Keeping (internal): d4c29a87-3b2b-48aa-acf5-e90320c5e089
03-13 16:10:48.788: I/ContentMaintenance(5050): Keeping (internal): bb766b36-41d5-48b4-882c-54f166188eaa
03-13 16:10:48.794: I/RealtimeCacheCleanup(5050): Beginning Realtime garbage collection.
03-13 16:10:48.795: I/RealtimeCacheCleanup(5050): Finished Realtime garbage collection.
03-13 16:10:48.795: I/ContentMaintenance(5050): Finished garbage collection.
03-13 16:10:49.009: I/ContentDownloadManager(5050): Up-to-date file is already available locally: EntrySpec[3834]
03-13 16:10:49.168: W/GamesServiceBroker(5050): Client connected with SDK 12605000, Services 12218448, and Games 55810048
03-13 16:10:49.174: W/AppOps(3188): Bad call: specified package com.google.android.play.games under uid 10168 but it is really 10144
03-13 16:10:49.174: W/AppOps(3188): java.lang.RuntimeException: here
03-13 16:10:49.174: W/AppOps(3188): 	at com.android.server.AppOpsService.getOpsRawLocked(AppOpsService.java:1379)
03-13 16:10:49.174: W/AppOps(3188): 	at com.android.server.AppOpsService.checkPackage(AppOpsService.java:1053)
03-13 16:10:49.174: W/AppOps(3188): 	at com.android.internal.app.IAppOpsService$Stub.onTransact(IAppOpsService.java:169)
03-13 16:10:49.174: W/AppOps(3188): 	at android.os.Binder.execTransact(Binder.java:565)
03-13 16:10:49.176: W/AppOps(3188): Bad call: specified package com.google.android.play.games under uid 10168 but it is really 10144
03-13 16:10:49.176: W/AppOps(3188): java.lang.RuntimeException: here
03-13 16:10:49.176: W/AppOps(3188): 	at com.android.server.AppOpsService.getOpsRawLocked(AppOpsService.java:1379)
03-13 16:10:49.176: W/AppOps(3188): 	at com.android.server.AppOpsService.checkPackage(AppOpsService.java:1053)
03-13 16:10:49.176: W/AppOps(3188): 	at com.android.internal.app.IAppOpsService$Stub.onTransact(IAppOpsService.java:169)
03-13 16:10:49.176: W/AppOps(3188): 	at android.os.Binder.execTransact(Binder.java:565)
03-13 16:10:49.352: I/art(5050): Background sticky concurrent mark sweep GC freed 47857(2MB) AllocSpace objects, 2(32KB) LOS objects, 13% free, 21MB/24MB, paused 7.897ms total 37.934ms
03-13 16:10:49.547: I/OneSignal(6640): session sent, UserId = 61cd1601-bff2-4397-af76-35031d3907e0
03-13 16:10:49.674: I/ContentDownloadManager(5050): Up-to-date file is already available locally: EntrySpec[3834]
03-13 16:10:49.681: I/MSM-irqbalance(2367): Decided to move IRQ3 from CPU2 [P:0] to CPU5 [P:1] (banned)
03-13 16:10:49.681: I/MSM-irqbalance(2367): Decided to move IRQ5 from CPU2 [P:0] to CPU6 [P:1] (banned)
03-13 16:10:49.681: I/MSM-irqbalance(2367): Decided to move IRQ3 from CPU3 [P:0] to CPU7 [P:1] (banned)
03-13 16:10:49.682: I/MSM-irqbalance(2367): Decided to move IRQ5 from CPU3 [P:0] to CPU4 [P:1] (banned)
03-13 16:10:49.683: I/MSM-irqbalance(2367): Decided to move IRQ3 from CPU0 [P:0] to CPU5 [P:1] (banned)
03-13 16:10:49.684: I/MSM-irqbalance(2367): Decided to move IRQ5 from CPU0 [P:0] to CPU6 [P:1] (banned)
03-13 16:10:49.685: I/MSM-irqbalance(2367): Decided to move IRQ3 from CPU1 [P:0] to CPU7 [P:1] (banned)
03-13 16:10:49.686: I/MSM-irqbalance(2367): Decided to move IRQ5 from CPU1 [P:0] to CPU4 [P:1] (banned)
03-13 16:10:49.802: W/AppOps(3188): Bad call: specified package com.google.android.play.games under uid 10168 but it is really 10144
03-13 16:10:49.802: W/AppOps(3188): java.lang.RuntimeException: here
03-13 16:10:49.802: W/AppOps(3188): 	at com.android.server.AppOpsService.getOpsRawLocked(AppOpsService.java:1379)
03-13 16:10:49.802: W/AppOps(3188): 	at com.android.server.AppOpsService.checkPackage(AppOpsService.java:1053)
03-13 16:10:49.802: W/AppOps(3188): 	at com.android.internal.app.IAppOpsService$Stub.onTransact(IAppOpsService.java:169)
03-13 16:10:49.802: W/AppOps(3188): 	at android.os.Binder.execTransact(Binder.java:565)
03-13 16:10:49.804: W/AppOps(3188): Bad call: specified package com.google.android.play.games under uid 10168 but it is really 10144
03-13 16:10:49.804: W/AppOps(3188): java.lang.RuntimeException: here
03-13 16:10:49.804: W/AppOps(3188): 	at com.android.server.AppOpsService.getOpsRawLocked(AppOpsService.java:1379)
03-13 16:10:49.804: W/AppOps(3188): 	at com.android.server.AppOpsService.checkPackage(AppOpsService.java:1053)
03-13 16:10:49.804: W/AppOps(3188): 	at com.android.internal.app.IAppOpsService$Stub.onTransact(IAppOpsService.java:169)
03-13 16:10:49.804: W/AppOps(3188): 	at android.os.Binder.execTransact(Binder.java:565)
03-13 16:10:49.804: W/GamesServiceBroker(5050): Client connected with SDK 12605000, Services 12218448, and Games 55810048
03-13 16:10:50.157: W/GamesServiceBroker(5050): Client connected with SDK 12605000, Services 12218448, and Games 55810048
03-13 16:10:50.198: I/PendingContent(5050): Deleted duplicate successfully: bcc8410b-289d-41de-a3d5-d79588d2a79f
03-13 16:10:50.248: E/ANDR-PERF-MPCTL(2262): Invalid profile no. 0, total profiles 0 only
03-13 16:10:50.303: W/AppOps(3188): Bad call: specified package com.google.android.play.games under uid 10168 but it is really 10144
03-13 16:10:50.303: W/AppOps(3188): java.lang.RuntimeException: here
03-13 16:10:50.303: W/AppOps(3188): 	at com.android.server.AppOpsService.getOpsRawLocked(AppOpsService.java:1379)
03-13 16:10:50.303: W/AppOps(3188): 	at com.android.server.AppOpsService.checkPackage(AppOpsService.java:1053)
03-13 16:10:50.303: W/AppOps(3188): 	at com.android.internal.app.IAppOpsService$Stub.onTransact(IAppOpsService.java:169)
03-13 16:10:50.303: W/AppOps(3188): 	at android.os.Binder.execTransact(Binder.java:565)
03-13 16:10:50.304: W/AppOps(3188): Bad call: specified package com.google.android.play.games under uid 10168 but it is really 10144
03-13 16:10:50.304: W/AppOps(3188): java.lang.RuntimeException: here
03-13 16:10:50.304: W/AppOps(3188): 	at com.android.server.AppOpsService.getOpsRawLocked(AppOpsService.java:1379)
03-13 16:10:50.304: W/AppOps(3188): 	at com.android.server.AppOpsService.checkPackage(AppOpsService.java:1053)
03-13 16:10:50.304: W/AppOps(3188): 	at com.android.internal.app.IAppOpsService$Stub.onTransact(IAppOpsService.java:169)
03-13 16:10:50.304: W/AppOps(3188): 	at android.os.Binder.execTransact(Binder.java:565)
03-13 16:10:50.360: W/GamesServiceBroker(5050): Client connected with SDK 12605000, Services 12218448, and Games 55810048
03-13 16:10:50.452: I/art(5050): Compiler allocated 4MB to compile void orz.a(osk, qbf, ouv, java.lang.String)
03-13 16:10:50.536: W/GamesServiceBroker(5050): Client connected with SDK 12605000, Services 12218448, and Games 55810048
03-13 16:10:50.753: D/wpa_supplicant(4173): wlan0: Control interface command 'SIGNAL_POLL'
03-13 16:10:50.756: D/wpa_supplicant(4173): CTRL-DEBUG: global_ctrl_sock-sendto: sock=8 sndbuf=229376 outq=0 send_len=48
03-13 16:10:50.900: I/PendingContent(5050): Deleted duplicate successfully: 33c0b517-7357-4f6a-bd02-907e9e9f4953
03-13 16:10:50.994: W/GamesServiceBroker(5050): Client connected with SDK 12605000, Services 12218448, and Games 55810048
03-13 16:10:51.041: W/ActivityManager(3188): Unable to start service Intent { act=com.google.android.gms.drive.ApiService.STOP cmp=com.google.android.gms/.drive.api.ApiService } U=0: not found
03-13 16:10:51.086: W/ActivityManager(3188): Unable to start service Intent { cmp=com.google.android.gms/.drive.api.ApiService } U=0: not found
03-13 16:10:52.128: E/ANDR-PERF-MPCTL(2262): Invalid profile no. 0, total profiles 0 only
03-13 16:10:52.131: V/BoostFramework(6640): mAcquireFunc method = public int com.qualcomm.qti.Performance.perfLockAcquire(int,int[])
03-13 16:10:52.131: V/BoostFramework(6640): mReleaseFunc method = public int com.qualcomm.qti.Performance.perfLockRelease()
03-13 16:10:52.131: V/BoostFramework(6640): mAcquireTouchFunc method = public int com.qualcomm.qti.Performance.perfLockAcquireTouch(android.view.MotionEvent,android.util.DisplayMetrics,int,int[])
03-13 16:10:52.132: V/BoostFramework(6640): mIOPStart method = public int com.qualcomm.qti.Performance.perfIOPrefetchStart(int,java.lang.String)
03-13 16:10:52.132: V/BoostFramework(6640): mIOPStop method = public int com.qualcomm.qti.Performance.perfIOPrefetchStop()
03-13 16:10:52.136: V/BoostFramework(6640): BoostFramework() : mPerf = com.qualcomm.qti.Performance@e9653a5
03-13 16:10:52.492: I/art(5050): Do partial code cache collection, code=2MB, data=2MB
03-13 16:10:52.494: I/art(5050): After code cache collection, code=2MB, data=2MB
03-13 16:10:52.494: I/art(5050): Increasing code cache capacity to 6MB
03-13 16:10:52.496: I/art(5050): Compiler allocated 4MB to compile int qge.b(osm, otj, long, boolean)
03-13 16:10:53.096: W/ActivityManager(3188): Unable to start service Intent { act=com.google.android.gms.drive.ApiService.STOP cmp=com.google.android.gms/.drive.api.ApiService } U=0: not found
03-13 16:10:53.163: V/GamesNativeSDK(6640): Detaching from JVM on thread main_dispatch
03-13 16:10:53.676: V/GamesNativeSDK(6640): Snapshot was not committed, discarding.
03-13 16:10:53.678: V/GamesNativeSDK(6640): Attached to JVM on thread main_dispatch
03-13 16:10:53.684: V/GamesNativeSDK(6640): Snapshot discard complete.
03-13 16:10:53.784: D/wpa_supplicant(4173): wlan0: Control interface command 'SIGNAL_POLL'
03-13 16:10:53.796: D/wpa_supplicant(4173): CTRL-DEBUG: global_ctrl_sock-sendto: sock=8 sndbuf=229376 outq=0 send_len=48
03-13 16:10:54.680: I/MSM-irqbalance(2367): Decided to move IRQ3 from CPU2 [P:0] to CPU5 [P:1] (banned)
03-13 16:10:54.681: I/MSM-irqbalance(2367): Decided to move IRQ5 from CPU2 [P:0] to CPU6 [P:1] (banned)
03-13 16:10:54.681: I/MSM-irqbalance(2367): Decided to move IRQ3 from CPU3 [P:0] to CPU7 [P:1] (banned)
03-13 16:10:54.681: I/MSM-irqbalance(2367): Decided to move IRQ5 from CPU3 [P:0] to CPU4 [P:1] (banned)
03-13 16:10:54.681: I/MSM-irqbalance(2367): Decided to move IRQ3 from CPU0 [P:0] to CPU5 [P:1] (banned)
03-13 16:10:54.681: I/MSM-irqbalance(2367): Decided to move IRQ5 from CPU0 [P:0] to CPU6 [P:1] (banned)
03-13 16:10:54.682: I/MSM-irqbalance(2367): Decided to move IRQ3 from CPU1 [P:0] to CPU7 [P:1] (banned)
03-13 16:10:54.682: I/MSM-irqbalance(2367): Decided to move IRQ5 from CPU1 [P:0] to CPU4 [P:1] (banned)
03-13 16:10:55.018: D/NetworkController.WifiSignalController(4222): Change in state from: connected=true,enabled=true,level=4,inetCondition=1,iconGroup=IconGroup(Wi-Fi Icons),activityIn=true,activityOut=true,rssi=-64,lastModified=03-13 04:10:40,ssid="Aquiris"
03-13 16:10:55.018: D/NetworkController.WifiSignalController(4222): 	to: connected=true,enabled=true,level=4,inetCondition=1,iconGroup=IconGroup(Wi-Fi Icons),activityIn=false,activityOut=false,rssi=-64,lastModified=03-13 04:10:40,ssid="Aquiris"
03-13 16:10:55.019: D/SignalClusterView(4222): vpn: GONE
03-13 16:10:55.019: D/SignalClusterView(4222): ethernet: GONE sig=0 inout=0
03-13 16:10:55.020: D/SignalClusterView(4222): wifi: VISIBLE sig=2130838974 inout=2130838946
03-13 16:10:55.020: D/SignalClusterView(4222): wigig: GONE sig=2130838981 inout=2130838946
03-13 16:10:55.021: D/SignalClusterView(4222): mobile: VISIBLE sig=2130838940 typ=0 inout=0c
03-13 16:10:55.021: D/SignalClusterView(4222): vpn: GONE
03-13 16:10:55.022: D/SignalClusterView(4222): ethernet: GONE sig=0 inout=0
03-13 16:10:55.023: D/SignalClusterView(4222): wifi: VISIBLE sig=2130838974 inout=2130838946
03-13 16:10:55.023: D/SignalClusterView(4222): wigig: GONE sig=2130838981 inout=2130838946
03-13 16:10:55.025: D/SignalClusterView(4222): mobile: VISIBLE sig=2130838940 typ=0 inout=0c
03-13 16:10:55.693: I/Finsky(3959): [405] com.google.android.finsky.billing.iab.ab.b(31): com.aquiris.horizonchase: Account determined from installer data - [GSAMwyLwV0HEdC7qXFO-pEWgFTM]
03-13 16:10:55.696: W/IabHelper(6640): In-app billing warning: No registered Consumable Products!
03-13 16:10:55.703: I/Finsky(3959): [449] com.google.android.finsky.billing.iab.ab.b(31): com.aquiris.horizonchase: Account determined from installer data - [GSAMwyLwV0HEdC7qXFO-pEWgFTM]
03-13 16:10:55.745: D/[TELESERVICE][AsusPhoneUtils](4428): isVerizon(): ret = false
03-13 16:10:55.779: W/Finsky(3959): [1] com.google.android.finsky.billing.a.j.a(48): Got an exception trying to get proto method: java.lang.NoSuchMethodException: getFingerprintValid []
03-13 16:10:55.781: W/Finsky(3959): [1] com.google.android.finsky.billing.a.j.a(48): Got an exception trying to get proto method: java.lang.NoSuchMethodException: getDesiredAuthMethod []
03-13 16:10:55.781: W/Finsky(3959): [1] com.google.android.finsky.billing.a.j.a(48): Got an exception trying to get proto method: java.lang.NoSuchMethodException: getAuthFrequency []
03-13 16:10:55.782: W/Finsky(3959): [1] com.google.android.finsky.billing.a.j.a(48): Got an exception trying to get proto method: java.lang.NoSuchMethodException: getUserHasFop []
03-13 16:10:55.782: I/Finsky(3959): [1] com.google.android.finsky.billing.a.k.run(33): Skipping a request to /bulkAcquire since cache has all the records.
03-13 16:10:55.783: I/Finsky(3959): [406] com.google.android.finsky.billing.iab.ab.b(31): com.aquiris.horizonchase: Account determined from installer data - [GSAMwyLwV0HEdC7qXFO-pEWgFTM]
03-13 16:10:55.788: I/Finsky(3959): [449] com.google.android.finsky.billing.iab.ab.b(31): com.aquiris.horizonchase: Account determined from installer data - [GSAMwyLwV0HEdC7qXFO-pEWgFTM]
03-13 16:10:55.817: D/wpa_supplicant(4173): wlan0: BSS: Remove id 2678 BSSID 9c:a9:e4:90:4e:1b SSID 'Vivo-Internet-4E1B' due to wpa_bss_flush_by_age
03-13 16:10:55.817: D/wpa_supplicant(4173): CTRL-DEBUG: ctrl_sock-sendmsg: sock=8 sndbuf=229376 outq=0 send_len=45
03-13 16:10:55.817: D/wpa_supplicant(4173): CTRL_IFACE monitor sent successfully to /data/misc/wifi/sockets/wpa_ctrl_3188-2\x00
03-13 16:10:56.020: D/NetworkController.WifiSignalController(4222): Change in state from: connected=true,enabled=true,level=4,inetCondition=1,iconGroup=IconGroup(Wi-Fi Icons),activityIn=false,activityOut=false,rssi=-64,lastModified=03-13 04:10:55,ssid="Aquiris"
03-13 16:10:56.020: D/NetworkController.WifiSignalController(4222): 	to: connected=true,enabled=true,level=4,inetCondition=1,iconGroup=IconGroup(Wi-Fi Icons),activityIn=true,activityOut=true,rssi=-64,lastModified=03-13 04:10:55,ssid="Aquiris"
03-13 16:10:56.020: D/SignalClusterView(4222): vpn: GONE
03-13 16:10:56.020: D/SignalClusterView(4222): ethernet: GONE sig=0 inout=0
03-13 16:10:56.021: D/SignalClusterView(4222): wifi: VISIBLE sig=2130838974 inout=2130838945
03-13 16:10:56.021: D/SignalClusterView(4222): wigig: GONE sig=2130838981 inout=2130838946
03-13 16:10:56.023: D/SignalClusterView(4222): mobile: VISIBLE sig=2130838940 typ=0 inout=0c
03-13 16:10:56.023: D/SignalClusterView(4222): vpn: GONE
03-13 16:10:56.023: D/SignalClusterView(4222): ethernet: GONE sig=0 inout=0
03-13 16:10:56.024: D/SignalClusterView(4222): wifi: VISIBLE sig=2130838974 inout=2130838945
03-13 16:10:56.024: D/SignalClusterView(4222): wigig: GONE sig=2130838981 inout=2130838946
03-13 16:10:56.025: D/SignalClusterView(4222): mobile: VISIBLE sig=2130838940 typ=0 inout=0c
03-13 16:10:56.202: V/com.facebook.unity.FB(6640): SetUserAgentSuffix(Unity.7.10.0)
03-13 16:10:56.216: V/com.facebook.unity.FB(6640): Init({"appId":"787744434674285"})
03-13 16:10:56.241: I/Unity(6640): Using Facebook Unity SDK v7.10.0 with FBAndroidSDK/4.23.0
03-13 16:10:56.249: D/com.facebook.unity.FB(6640): KeyHash: e+usZSCkDouNPKDkOETbFq2EeRc=
03-13 16:10:56.259: V/com.facebook.unity.FB(6640): sending to Unity OnInitComplete({"access_token":"EAALMcwsz2m0BAMcrCelwZBM9wdgsekVwPxK8Pt9wiBgJZBz0B9IPZBl6JbmH5LKavyZAmERDGZBRiZB4nZCNkCtFxCPKLk0BtiG4pTCEfG259XZCKAND81ql8XIZBdmw5HpU8gEtgE1PCFT3y4bdHStSGyCXkJP73kIJwrLQNXsrVQ2xnP458tlvdINkUvDODC1ZBmVSmZCbDn8ndig8RDQvQqFxrsCxnQCZAIcZD","key_hash":"e+usZSCkDouNPKDkOETbFq2EeRc=\n","opened":true,"permissions":"public_profile,user_friends,email","expiration_timestamp":"1526069069","last_refresh":"1520967991","user_id":"10157171761672468","declined_permissions":""})
03-13 16:10:56.815: D/wpa_supplicant(4173): wlan0: Control interface command 'SIGNAL_POLL'
03-13 16:10:56.818: D/wpa_supplicant(4173): CTRL-DEBUG: global_ctrl_sock-sendto: sock=8 sndbuf=229376 outq=0 send_len=48
03-13 16:10:56.847: I/Unity(6640): [F2PManager] Retrieved billing products list. Found 1 products.
03-13 16:10:56.849: I/Unity(6640):  - Name:Full Game Unlock (Horizon Chase - World Tour) Id:hc_full_game_unlock Price:9.99
03-13 16:10:56.853: I/Finsky(3959): [405] com.google.android.finsky.billing.iab.ab.b(31): com.aquiris.horizonchase: Account determined from installer data - [GSAMwyLwV0HEdC7qXFO-pEWgFTM]
03-13 16:10:56.858: W/IabHelper(6640): In-app billing warning: No registered Consumable Products!
03-13 16:10:56.862: I/Finsky(3959): [406] com.google.android.finsky.billing.iab.ab.b(31): com.aquiris.horizonchase: Account determined from installer data - [GSAMwyLwV0HEdC7qXFO-pEWgFTM]
03-13 16:10:56.939: I/ContentDownloadManager(5050): Up-to-date file is already available locally: EntrySpec[3834]
03-13 16:10:57.064: W/SnapshotAgent(5050): Found conflict for snapshot horizon_cloud_save
03-13 16:10:57.133: V/ReflectionMethods(4222): ========ReflectionMethods.getAsusLevel = 4 ========
03-13 16:10:57.133: D/NetworkController.MobileSignalController(1)(4222): onSignalStrengthsChanged signalStrength=SignalStrength: 99 0 0 -120 -160 -120 -1 -1 15 -105 -12 74 2147483647 2147483647 gsm|lte level=4
03-13 16:10:57.133: D/NetworkController.MobileSignalController(1)(4222): updateTelephonySignalStrength: hasService=true ss=SignalStrength: 99 0 0 -120 -160 -120 -1 -1 15 -105 -12 74 2147483647 2147483647 gsm|lte
03-13 16:10:57.135: D/PhoneInterfaceManager(4428): isWifiCallingAvailable: sub Id : 1
03-13 16:10:57.135: D/NetworkController.MobileSignalController(1)(4222): isWifiCallingAvailable=false
03-13 16:10:57.137: D/PhoneInterfaceManager(4428): isVolteAvailable: sub Id : 1
03-13 16:10:57.138: V/ReflectionMethods(4222): ========ReflectionMethods.getVolteAvailable = false ===============
03-13 16:10:57.139: D/PhoneInterfaceManager(4428): isVideoTelephonyAvailable: sub Id : 1
03-13 16:10:57.139: I/Unity(6640): [F2PManager] Transaction finished event. Checking 1 transactions...
03-13 16:10:57.139: V/ReflectionMethods(4222): ========ReflectionMethods.getVideoTelephonyAvailable = false ===============
03-13 16:10:57.143: I/Unity(6640): [F2PManager]     Checking transaction: [BillingTransaction: ProductIdentifier=hc_full_game_unlock, TransactionDateUTC=12/30/2017 20:50:36, TransactionIdentifier=GPA.3344-0163-2222-28734, TransactionState=RESTORED, VerificationState=SUCCESS, Error=]
03-13 16:10:57.143: I/Unity(6640): [F2PManager]     RESTORED (Receipt: NHHqZguxxGgUQuqG8FvB1s6VEdxLVLOssRQxtiRYwi6VGSmRLByD7usT+8BB1iNHib2eFhPepO2G+UniSRrC+nR1LA+T/h28zxVIYGds5VUr+vrgJH605NEGNn8xm6ok0F8kgzGrju2UCQ3ssGyPiZUi0EpumHmGTWy3xFdIwhDTD9RiwqKdyso05yUoiB2Ne68Jf0Ez5jCIV58opFNPCGEJKVB685juwSpUTB2nnEitRHrG4ZARaYl3oV9mA9v++sXA8Lp71UhxP4RDV+OyVVG94UYQ3/ommTLRVO3b8H6loYCqUfJRkZS51ICOS1k+w3GkHR7Yw9ob6rOvmsjV/g==)
03-13 16:10:57.447: I/ContentDownloadManager(5050): Up-to-date file is already available locally: EntrySpec[3834]
03-13 16:10:57.862: I/ContentDownloadManager(5050): Up-to-date file is already available locally: EntrySpec[4946]
03-13 16:10:57.947: W/AppOps(3188): Bad call: specified package com.google.android.play.games under uid 10168 but it is really 10144
03-13 16:10:57.947: W/AppOps(3188): java.lang.RuntimeException: here
03-13 16:10:57.947: W/AppOps(3188): 	at com.android.server.AppOpsService.getOpsRawLocked(AppOpsService.java:1379)
03-13 16:10:57.947: W/AppOps(3188): 	at com.android.server.AppOpsService.checkPackage(AppOpsService.java:1053)
03-13 16:10:57.947: W/AppOps(3188): 	at com.android.internal.app.IAppOpsService$Stub.onTransact(IAppOpsService.java:169)
03-13 16:10:57.947: W/AppOps(3188): 	at android.os.Binder.execTransact(Binder.java:565)
03-13 16:10:57.948: W/AppOps(3188): Bad call: specified package com.google.android.play.games under uid 10168 but it is really 10144
03-13 16:10:57.948: W/AppOps(3188): java.lang.RuntimeException: here
03-13 16:10:57.948: W/AppOps(3188): 	at com.android.server.AppOpsService.getOpsRawLocked(AppOpsService.java:1379)
03-13 16:10:57.948: W/AppOps(3188): 	at com.android.server.AppOpsService.checkPackage(AppOpsService.java:1053)
03-13 16:10:57.948: W/AppOps(3188): 	at com.android.internal.app.IAppOpsService$Stub.onTransact(IAppOpsService.java:169)
03-13 16:10:57.948: W/AppOps(3188): 	at android.os.Binder.execTransact(Binder.java:565)
03-13 16:10:58.303: I/ContentDownloadManager(5050): Up-to-date file is already available locally: EntrySpec[3834]
03-13 16:10:58.443: W/SnapshotAgent(5050): Found conflict for snapshot horizon_cloud_save
03-13 16:10:58.614: W/WindowOrientationListener(3188): proposedRotation = 1
03-13 16:10:58.615: E/ANDR-PERF-MPCTL(2262): Invalid profile no. 0, total profiles 0 only
03-13 16:10:58.928: I/ContentDownloadManager(5050): Up-to-date file is already available locally: EntrySpec[3834]
03-13 16:10:59.314: I/ContentDownloadManager(5050): Up-to-date file is already available locally: EntrySpec[4946]
03-13 16:10:59.378: V/ReflectionMethods(4222): ========ReflectionMethods.getAsusLevel = 4 ========
03-13 16:10:59.378: D/NetworkController.MobileSignalController(1)(4222): onSignalStrengthsChanged signalStrength=SignalStrength: 99 0 0 -120 -160 -120 -1 -1 15 -106 -12 62 2147483647 2147483647 gsm|lte level=4
03-13 16:10:59.378: D/NetworkController.MobileSignalController(1)(4222): updateTelephonySignalStrength: hasService=true ss=SignalStrength: 99 0 0 -120 -160 -120 -1 -1 15 -106 -12 62 2147483647 2147483647 gsm|lte
03-13 16:10:59.380: D/PhoneInterfaceManager(4428): isWifiCallingAvailable: sub Id : 1
03-13 16:10:59.381: D/NetworkController.MobileSignalController(1)(4222): isWifiCallingAvailable=false
03-13 16:10:59.383: D/PhoneInterfaceManager(4428): isVolteAvailable: sub Id : 1
03-13 16:10:59.384: V/ReflectionMethods(4222): ========ReflectionMethods.getVolteAvailable = false ===============
03-13 16:10:59.391: D/PhoneInterfaceManager(4428): isVideoTelephonyAvailable: sub Id : 1
03-13 16:10:59.392: V/ReflectionMethods(4222): ========ReflectionMethods.getVideoTelephonyAvailable = false ===============
03-13 16:10:59.415: W/AppOps(3188): Bad call: specified package com.google.android.play.games under uid 10168 but it is really 10144
03-13 16:10:59.415: W/AppOps(3188): java.lang.RuntimeException: here
03-13 16:10:59.415: W/AppOps(3188): 	at com.android.server.AppOpsService.getOpsRawLocked(AppOpsService.java:1379)
03-13 16:10:59.415: W/AppOps(3188): 	at com.android.server.AppOpsService.checkPackage(AppOpsService.java:1053)
