03-13 16:10:35.038: V/AudioPolicyManagerCustom(2846): startOutput: device 0x2 all_devices 0x3
03-13 16:10:35.038: V/AudioUtil(2846): nothing to update to route node
03-13 16:10:35.042: D/audio_hw_primary(2846): start_output_stream: enter: stream(0xf1a59400)usecase(0: deep-buffer-playback) devices(0x2)
03-13 16:10:35.042: D/audio_hw_primary(2846): select_devices for use case (deep-buffer-playback)
03-13 16:10:35.042: V/msm8916_platform(2846): platform_get_native_support:napb: ui Prop enabled(0) version(0)
03-13 16:10:35.042: D/msm8916_platform(2846): platform_get_output_snd_device: bt_devices_type : 0
03-13 16:10:35.042: D/msm8916_platform(2846): platform_get_output_snd_device: FM is off
03-13 16:10:35.042: D/msm8916_platform(2846): is_beetalk = false
03-13 16:10:35.042: V/msm8916_platform(2846): platform_get_output_snd_device: enter: output devices(0x2) mode(0) source(6)
03-13 16:10:35.043: V/msm8916_platform(2846): platform_get_output_snd_device: exit: snd_device(speaker)
03-13 16:10:35.043: D/audio_hw_primary(2846): select_devices: out_snd_device(2: speaker) in_snd_device(0: )
03-13 16:10:35.043: V/msm8916_platform(2846): platform_get_backend_index:napb: backend port - 0 device - 2 
03-13 16:10:35.043: I/msm8916_platform(2846): platform_check_and_set_codec_backend_cfg:becf: afe: bitwidth 24, samplerate 48000 channels 2, backend_idx 0 usecase = 0 device (speaker)
03-13 16:10:35.043: D/msm8916_platform(2846): platform_can_split_snd_device: snd_device(2) num devices(1) new_snd_devices(0)
03-13 16:10:35.043: I/msm8916_platform(2846): platform_check_and_set_codec_backend_cfg: becf: new_snd_devices[0] is speaker
03-13 16:10:35.043: V/msm8916_platform(2846): platform_get_native_support:napb: ui Prop enabled(0) version(0)
03-13 16:10:35.043: V/msm8916_platform(2846): platform_get_backend_index:napb: backend port - 0 device - 2 
03-13 16:10:35.043: I/msm8916_platform(2846): platform_check_codec_backend_cfg:becf: afe: Codec selected backend: 0 current bit width: 24 sample rate: 48000 channels: 2
03-13 16:10:35.043: V/msm8916_platform(2846): platform_get_native_support:napb: ui Prop enabled(0) version(0)
03-13 16:10:35.043: V/audio_hw_primary(2846): audio_is_true_native_stream_active:napb: not in true mode or non hdphones device
03-13 16:10:35.043: D/msm8916_platform(2846): platform_check_codec_backend_cfg:becf: afe: playback on non-44.1-support device Configure afe to default Sample Rate(48k)
03-13 16:10:35.043: I/msm8916_platform(2846): platform_check_codec_backend_cfg:becf: afe: Codec selected backend: 0 updated bit width: 24 and sample rate: 48000
03-13 16:10:35.043: D/audio_hw_primary(2846): check_usecases_codec_backend:becf: force routing 0
03-13 16:10:35.043: V/msm8916_platform(2846): platform_check_backends_match: snd_device1 = speaker, snd_device2 = 
03-13 16:10:35.043: E/msm8916_platform(2846): platform_check_backends_match: Invalid snd_device = 
03-13 16:10:35.043: D/audio_hw_primary(2846): check_usecases_codec_backend:becf: (40) check_usecases curr device: speaker, usecase device: backends match 0
03-13 16:10:35.043: V/msm8916_platform(2846): platform_check_backends_match: snd_device1 = speaker, snd_device2 = 
03-13 16:10:35.043: E/msm8916_platform(2846): platform_check_backends_match: Invalid snd_device = 
03-13 16:10:35.043: D/audio_hw_primary(2846): check_usecases_codec_backend:becf: (40) check_usecases curr device: speaker, usecase device: backends match 0
03-13 16:10:35.043: D/audio_hw_primary(2846): check_usecases_codec_backend:becf: check_usecases num.of Usecases to switch 0
03-13 16:10:35.043: D/hardware_info(2846): hw_info_append_hw_type : device_name = speaker
03-13 16:10:35.043: D/msm8916_platform(2846): platform_can_split_snd_device: snd_device(2) num devices(0) new_snd_devices(0)
03-13 16:10:35.043: D/audio_hw_primary(2846): enable_snd_device: snd_device(2: speaker)
03-13 16:10:35.043: D/aud_dev_arbi(2846): acquireOneDevice: device owner for device 2 is 1
03-13 16:10:35.043: I/audio_hw_utils(2846): audio_extn_utils_update_stream_app_type_cfg Allowing 24-bit playback on speaker ONLY at default sampling rate
03-13 16:10:35.044: I/audio_hw_primary(2846): select_devices Selected apptype: 69937
03-13 16:10:35.044: V/audio_hw_primary(2846): enable_audio_route: enter: usecase(0)
03-13 16:10:35.044: E/audio_hw_dolby(2846): audio_extn_dolby_ds2_set_endpoint: Dolby set endpint :0x2
03-13 16:10:35.044: I/audio_hw_utils(2846): audio_extn_utils_send_app_type_cfg PLAYBACK app_type 69937, acdb_dev_id 14, sample_rate 48000
03-13 16:10:35.044: I/audio_hw_utils(2846): audio_extn_utils_send_app_type_cfg:becf: adm: app_type 69936, acdb_dev_id 14, sample_rate 48000
03-13 16:10:35.044: D/msm8916_platform(2846): platform_can_split_snd_device: snd_device(2) num devices(1) new_snd_devices(-242709281)
03-13 16:10:35.044: V/msm8916_platform(2846): platform_send_audio_calibration: sending audio calibration for snd_device(2) acdb_id(14)
03-13 16:10:35.044: D/ACDB-LOADER(2846): ACDB -> send_audio_cal, acdb_id = 14, path = 0, app id = 0x11131, sample rate = 48000
03-13 16:10:35.044: D/ACDB-LOADER(2846): ACDB -> send_asm_topology
03-13 16:10:35.044: D/ACDB-LOADER(2846): ACDB -> ACDB_CMD_GET_AUDPROC_STREAM_TOPOLOGY_ID
03-13 16:10:35.044: D/ACDB-LOADER(2846): ACDB -> send_adm_topology
03-13 16:10:35.044: D/ACDB-LOADER(2846): ACDB -> ACDB_CMD_GET_AUDPROC_COMMON_TOPOLOGY_ID
03-13 16:10:35.044: D/ACDB-LOADER(2846): ACDB -> send_audtable
03-13 16:10:35.044: D/ACDB-LOADER(2846): ACDB -> ACDB_CMD_GET_AUDPROC_COMMON_TABLE_SIZE
03-13 16:10:35.044: D/ACDB-LOADER(2846): ACDB -> ACDB_CMD_GET_AUDPROC_COMMON_TABLE
03-13 16:10:35.044: D/ACDB-LOADER(2846): ACDB -> AUDIO_SET_AUDPROC_CAL
03-13 16:10:35.044: D/ACDB-LOADER(2846): ACDB -> send_audvoltable
03-13 16:10:35.044: D/ACDB-LOADER(2846): ACDB -> ACDB_CMD_GET_AUDPROC_GAIN_DEP_STEP_TABLE, vol index 0
03-13 16:10:35.044: D/ACDB-LOADER(2846): ACDB -> AUDIO_SET_VOL_CAL cal type = 12
03-13 16:10:35.044: D/ACDB-LOADER(2846): ACDB -> send_audstrmtable
03-13 16:10:35.044: D/ACDB-LOADER(2846): ACDB -> ACDB_CMD_GET_AUDPROC_STREAM_TABLE_V2
03-13 16:10:35.045: D/ACDB-LOADER(2846): ACDB -> audstrm_cal->cal_type.cal_data.cal_size = 16
03-13 16:10:35.045: D/ACDB-LOADER(2846): ACDB -> send_afe_topology
03-13 16:10:35.045: D/ACDB-LOADER(2846): ACDB -> ACDB_CMD_GET_AFE_TOPOLOGY_ID
03-13 16:10:35.045: D/ACDB-LOADER(2846): ACDB -> GET_AFE_TOPOLOGY_ID for adcd_id 14, Topology Id 1025e
03-13 16:10:35.045: D/ACDB-LOADER(2846): ACDB -> send_afe_cal
03-13 16:10:35.045: D/ACDB-LOADER(2846): ACDB -> ACDB_CMD_GET_AFE_COMMON_TABLE
03-13 16:10:35.045: D/ACDB-LOADER(2846): ACDB -> AUDIO_SET_AFE_CAL
03-13 16:10:35.045: D/ACDB-LOADER(2846): ACDB -> send_hw_delay : acdb_id = 14 path = 0
03-13 16:10:35.045: D/ACDB-LOADER(2846): ACDB -> ACDB_AVSYNC_INFO: ACDB_CMD_GET_DEVICE_PROPERTY
03-13 16:10:35.045: D/audio_hw_primary(2846): enable_audio_route: apply mixer and update path: deep-buffer-playback speaker
03-13 16:10:35.046: D/audio_hw_primary(2846): enableNXPamp_isSpeakerDevice , enter 
03-13 16:10:35.046: E/msm8916_platform(2846): check_is_speakerout: snd device 2 
03-13 16:10:35.046: D/Tiny_ALSA(2846):  g_tfaMode 0 g_speakerOpened 0 
03-13 16:10:35.046: D/msm8916_platform(2846): is_beetalk = false
03-13 16:10:35.046: D/audio_hw_primary(2846): enableNXPamp_isSpeakerDevice ,enable_speaker_amp:1 mode:0,isSpkOpened:0 modeSeted:0,snd_dev_ref_cnt:1 
03-13 16:10:35.046: D/audio_hw_primary(2846): isTurnOnSpeaker:1 mode:0, 
03-13 16:10:35.046: D/Tiny_ALSA(2846): set_exTfa98xx_speaker_mode ,mode 0 ,isTurnOnSpeaker 1 ,g_speakerOpened 0, I2S status 0
03-13 16:10:35.046: D/Tiny_ALSA(2846):  set_exTfa98xx_speaker_mode line:140
03-13 16:10:35.046: D/audio_hw_primary(2846):  enableNXPamp_isSpeakerDevice , exit 
03-13 16:10:35.046: V/audio_hw_primary(2846): enable_audio_route: exit
03-13 16:10:35.046: D/audio_hw_primary(2846): select_devices: done
03-13 16:10:35.046: V/audio_hw_primary(2846): start_output_stream: Opening PCM device card_id(0) device_id(0) format(0x4)
03-13 16:10:35.046: D/audio_hw_primary(2846): start_output_stream:2098  pcm_open
03-13 16:10:35.048: V/msm8916_platform(2846): platform_set_channel_map channel_count:2
03-13 16:10:35.048: D/msm8916_platform(2846): platform_set_channel_map mixer_ctl_name:Playback Channel Map0
03-13 16:10:35.049: D/msm8916_platform(2846): platform_set_channel_map: set mapping(1 2 0 0 0 0 0 0) for channel:2
03-13 16:10:35.049: V/audio_hw_primary(2846): start_output_stream: pcm_prepare
03-13 16:10:35.049: D/NotificationGroupManager(4222): Notification(pri=2 contentView=null vibrate=null sound=null defaults=0x0 flags=0x72 color=0x00000000 actions=1 vis=SECRET) not found in mGroupMap
03-13 16:10:35.049: D/NotificationGroupManager(4222): Notification(pri=2 contentView=null vibrate=null sound=null defaults=0x0 flags=0x72 color=0x00000000 actions=1 vis=SECRET) !isGroupChild
03-13 16:10:35.069: E/ActivityManager(3188): Sending non-protected broadcast asus.intent.action.VOICE_MODE from system uid 1000 pkg null
03-13 16:10:35.069: E/ActivityManager(3188): java.lang.Throwable
03-13 16:10:35.069: E/ActivityManager(3188): 	at com.android.server.am.ActivityManagerService.checkBroadcastFromSystem(ActivityManagerService.java:18290)
03-13 16:10:35.069: E/ActivityManager(3188): 	at com.android.server.am.ActivityManagerService.broadcastIntentLocked(ActivityManagerService.java:18766)
03-13 16:10:35.069: E/ActivityManager(3188): 	at com.android.server.am.ActivityManagerService.broadcastIntent(ActivityManagerService.java:18973)
03-13 16:10:35.069: E/ActivityManager(3188): 	at android.app.ActivityManagerNative.onTransact(ActivityManagerNative.java:499)
03-13 16:10:35.069: E/ActivityManager(3188): 	at com.android.server.am.ActivityManagerService.onTransact(ActivityManagerService.java:2927)
03-13 16:10:35.069: E/ActivityManager(3188): 	at android.os.Binder.execTransact(Binder.java:565)
03-13 16:10:35.078: E/ActivityManager(3188): Sending non-protected broadcast asus.intent.action.VOICE_MODE from system uid 1000 pkg null
03-13 16:10:35.078: E/ActivityManager(3188): java.lang.Throwable
03-13 16:10:35.078: E/ActivityManager(3188): 	at com.android.server.am.ActivityManagerService.checkBroadcastFromSystem(ActivityManagerService.java:18290)
03-13 16:10:35.078: E/ActivityManager(3188): 	at com.android.server.am.ActivityManagerService.broadcastIntentLocked(ActivityManagerService.java:18857)
03-13 16:10:35.078: E/ActivityManager(3188): 	at com.android.server.am.ActivityManagerService.broadcastIntent(ActivityManagerService.java:18973)
03-13 16:10:35.078: E/ActivityManager(3188): 	at android.app.ActivityManagerNative.onTransact(ActivityManagerNative.java:499)
03-13 16:10:35.078: E/ActivityManager(3188): 	at com.android.server.am.ActivityManagerService.onTransact(ActivityManagerService.java:2927)
03-13 16:10:35.078: E/ActivityManager(3188): 	at android.os.Binder.execTransact(Binder.java:565)
03-13 16:10:35.085: D/Tiny_ALSA(2846):  pcm_prepare getquinstatus() 1 ,g_speakerOpened 0 ,g_isTurnOnSpeaker 1
03-13 16:10:35.085: D/tfa98xx(2846): exTfa98xx_speakeron: mode 0, setmode 0
03-13 16:10:35.085: D/tfa98xx(2846): load_container_file: tfaReadFile return size is 7359
03-13 16:10:35.085: D/tfa98xx(2846): [WPI] Loaded container file /system/etc/settings/Tfa9891_mono.cnt.
03-13 16:10:35.086: D/tfa98xx(2846): exTfa98xx_speakeron: tfa start with volume 0.
03-13 16:10:35.090: D/SAR_Audio_Voice(6722): sendBroadcast(asus.intent.action.VOICE_MODE) succeed
03-13 16:10:35.092: D/tfa98xx(2846): exTfa98xx_speakeron: start use case success
03-13 16:10:35.093: D/tfa98xx(2846): handles 0
03-13 16:10:35.093: D/tfa98xx(2846): [WPI] exTfa98xx status reg is 0xd05f
03-13 16:10:35.093: D/tfa98xx(2846): status checking ok
03-13 16:10:35.093: D/tfa98xx(2846): exTfa98xx_speakeron: exTfa98xx start use case success
03-13 16:10:35.093: D/Tiny_ALSA(2846): pcm_prepare,turn on tfa successfully
03-13 16:10:35.093: D/audio_hw_primary(2846): start_output_stream: exit
03-13 16:10:35.143: E/ASUSGameDBHelper(3852): server version: 107
03-13 16:10:35.143: E/ASUSGameDBHelper(3852): current version: 107 is latest
03-13 16:10:35.144: E/ForumDBHelper(3852): server version: 108
03-13 16:10:35.145: E/ForumDBHelper(3852): current version: 108 is latest
03-13 16:10:35.189: D/AudioFlinger(2846): mixer(0xf0a83200) throttle end: throttle time(41)
03-13 16:10:35.470: W/Unity(6640): OnLevelWasLoaded was found on InControlGamepadListener
03-13 16:10:35.470: W/Unity(6640): This message has been deprecated and will be removed in a later version of Unity.
03-13 16:10:35.470: W/Unity(6640): Add a delegate to SceneManager.sceneLoaded instead to get notifications after scene loading has completed
03-13 16:10:35.470: W/Unity(6640):  
03-13 16:10:35.470: W/Unity(6640): (Filename:  Line: 376)
03-13 16:10:35.621: D/wpa_supplicant(4173): wlan0: Control interface command 'SIGNAL_POLL'
03-13 16:10:35.643: D/wpa_supplicant(4173): CTRL-DEBUG: global_ctrl_sock-sendto: sock=8 sndbuf=229376 outq=0 send_len=48
03-13 16:10:35.851: I/qti_sensors_hal(3188): SMGRSensor::flush for batching
03-13 16:10:35.851: I/qti_sensors_hal(3188): SMGRReportAdd:sensor(android.sensor.accelerometer) handle=0, sample_rate=50.000000 report_rate=0 buffer=0
03-13 16:10:35.851: I/qti_sensors_hal(3188): SMGRPrepareAddMsg sample_rate 50.000000 report_rate 3276800 subhz_sample_rate_ms 0 sample_rate_hz 50
03-13 16:10:35.852: I/qti_sensors_hal(3188): batch:sensor(android.sensor.accelerometer) handle:0 flags:0x0 period_ns 20000000
03-13 16:10:35.852: I/qti_sensors_hal(3188): batch: current sample rate, report rate & buffering are equal to requested (50.000000,0.000000,0)
03-13 16:10:35.853: I/qti_sensors_hal(3188): processBufferingResp: Id: 0 Resp: 0 txn id 85
03-13 16:10:35.864: V/MediaRouter(6640): Adding route: RouteInfo{ name=Telefone, description=null, status=null, category=RouteCategory{ name=null types=ROUTE_TYPE_LIVE_AUDIO ROUTE_TYPE_LIVE_VIDEO  groupable=false }, supportedTypes=ROUTE_TYPE_LIVE_AUDIO ROUTE_TYPE_LIVE_VIDEO , presentationDisplay=null }
03-13 16:10:35.868: V/MediaRouter(6640): Updating audio routes: AudioRoutesInfo{ type=SPEAKER }
03-13 16:10:35.872: V/MediaRouter(6640): Selecting route: RouteInfo{ name=Telefone, description=null, status=null, category=RouteCategory{ name=null types=ROUTE_TYPE_LIVE_AUDIO ROUTE_TYPE_LIVE_VIDEO  groupable=false }, supportedTypes=ROUTE_TYPE_LIVE_AUDIO ROUTE_TYPE_LIVE_VIDEO , presentationDisplay=null }
03-13 16:10:36.663: D/Launcher_badge(5157): LauncherProvider query badge db - Binder:5157_2 : android.uid.systemui:10012
03-13 16:10:36.666: I/keyguard(4222): AsusShortcutManager:handleUpdateUnreadCount2 comp:ComponentInfo{com.asus.contacts/com.android.contacts.activities.DialtactsActivity} count:0
03-13 16:10:36.666: I/keyguard(4222): AsusShortcutManager:handleUpdateUnreadCount2 comp:ComponentInfo{com.google.android.apps.messaging/com.google.android.apps.messaging.ui.ConversationListActivity} count:5
03-13 16:10:36.666: I/keyguard(4222): AsusShortcutManager:handleUpdateUnreadCount2 comp:ComponentInfo{com.google.android.gm/com.google.android.gm.ConversationListActivityGmail} count:0
03-13 16:10:36.918: I/art(3188): Starting a blocking GC Explicit
03-13 16:10:36.983: D/NetworkController.WifiSignalController(4222): Change in state from: connected=true,enabled=true,level=4,inetCondition=1,iconGroup=IconGroup(Wi-Fi Icons),activityIn=true,activityOut=true,rssi=-64,lastModified=03-13 04:10:32,ssid="Aquiris"
03-13 16:10:36.983: D/NetworkController.WifiSignalController(4222): 	to: connected=true,enabled=true,level=4,inetCondition=1,iconGroup=IconGroup(Wi-Fi Icons),activityIn=false,activityOut=false,rssi=-64,lastModified=03-13 04:10:32,ssid="Aquiris"
03-13 16:10:36.983: D/SignalClusterView(4222): vpn: GONE
03-13 16:10:36.984: D/SignalClusterView(4222): ethernet: GONE sig=0 inout=0
03-13 16:10:36.985: D/SignalClusterView(4222): wifi: VISIBLE sig=2130838974 inout=2130838946
03-13 16:10:36.985: D/SignalClusterView(4222): wigig: GONE sig=2130838981 inout=2130838946
03-13 16:10:36.987: D/SignalClusterView(4222): mobile: VISIBLE sig=2130838940 typ=0 inout=0c
03-13 16:10:36.987: D/SignalClusterView(4222): vpn: GONE
03-13 16:10:36.987: D/SignalClusterView(4222): ethernet: GONE sig=0 inout=0
03-13 16:10:36.987: D/SignalClusterView(4222): wifi: VISIBLE sig=2130838974 inout=2130838946
03-13 16:10:36.988: D/SignalClusterView(4222): wigig: GONE sig=2130838981 inout=2130838946
03-13 16:10:36.989: D/SignalClusterView(4222): mobile: VISIBLE sig=2130838940 typ=0 inout=0c
03-13 16:10:37.088: I/art(3188): Explicit concurrent mark sweep GC freed 73244(3MB) AllocSpace objects, 22(1592KB) LOS objects, 33% free, 30MB/45MB, paused 1.724ms total 170.228ms
03-13 16:10:37.354: D/StatusBar(4222): onNotificationPosted: StatusBarNotification(pkg=com.whatsapp user=UserHandle{0} id=1 tag=555181438757@s.whatsapp.net key=0|com.whatsapp|1|555181438757@s.whatsapp.net|10116: Notification(pri=0 contentView=null vibrate=null sound=null defaults=0x0 flags=0x8 color=0xff075e54 groupKey=group_key_messages sortKey=1 actions=1 vis=PRIVATE publicVersion=Notification(pri=0 contentView=null vibrate=null sound=null defaults=0x0 flags=0x0 color=0xff075e54 category=msg vis=PRIVATE)))
03-13 16:10:37.363: D/NotificationGroupManager(4222): Notification(pri=0 contentView=null vibrate=null sound=null defaults=0x0 flags=0x8 color=0xff075e54 groupKey=group_key_messages sortKey=1 actions=1 vis=PRIVATE publicVersion=Notification(pri=0 contentView=null vibrate=null sound=null defaults=0x0 flags=0x0 color=0xff075e54 category=msg vis=PRIVATE)) not found in mGroupMap
03-13 16:10:37.363: D/NotificationGroupManager(4222): Notification(pri=0 contentView=null vibrate=null sound=null defaults=0x0 flags=0x8 color=0xff075e54 groupKey=group_key_messages sortKey=1 actions=1 vis=PRIVATE publicVersion=Notification(pri=0 contentView=null vibrate=null sound=null defaults=0x0 flags=0x0 color=0xff075e54 category=msg vis=PRIVATE)) !isGroupChild
03-13 16:10:37.369: D/LauncherLog(5157): BadgeReceiver():: Asus badge update action
03-13 16:10:37.370: W/BroadcastQueue(3188): Reject to launch app br.com.bb.android/10126 for broadcast: App Op 66
03-13 16:10:37.381: D/LauncherLog(5157): BadgeReceiver():: pkg: com.whatsapp clz: com.whatsapp.Main user: UserHandle{0} count: 3 vip_count:0
03-13 16:10:37.382: I/Launcher_badge(5157): Badge DB update: com.whatsapp|com.whatsapp.Main|0|3|0|null
03-13 16:10:37.382: D/Launcher_badge(5157): LauncherProvider update badge db - badge-receiver-thread : com.asus.launcher
03-13 16:10:37.385: D/Launcher_badge(5157): LauncherProvider notify badge update
03-13 16:10:37.391: D/compound_icon(5157): updateBadgeCount forceUpdate? false
03-13 16:10:37.392: D/Launcher_badge(5157): LauncherProvider query badge db - badge-receiver-thread : com.asus.launcher
03-13 16:10:37.394: D/compound_icon(5157): updateUnreadBadgeCounts -------
03-13 16:10:37.394: D/compound_icon(5157): ComponentInfo{com.whatsapp/com.whatsapp.Main}
03-13 16:10:37.394: D/compound_icon(5157): -------------------------
03-13 16:10:37.455: D/NotificationGroupManager(4222): Notification(pri=0 contentView=null vibrate=null sound=null defaults=0x0 flags=0x8 color=0xff075e54 groupKey=group_key_messages sortKey=1 actions=1 vis=PRIVATE publicVersion=Notification(pri=0 contentView=null vibrate=null sound=null defaults=0x0 flags=0x0 color=0xff075e54 category=msg vis=PRIVATE)) isGroupChild
03-13 16:10:37.492: D/StatusBar(4222): onNotificationPosted: StatusBarNotification(pkg=com.whatsapp user=UserHandle{0} id=1 tag=null key=0|com.whatsapp|1|null|10116: Notification(pri=1 contentView=null vibrate=default sound=content://settings/system/notification_sound tick defaults=0x2 flags=0x200 color=0xff075e54 category=msg groupKey=group_key_messages vis=PRIVATE publicVersion=Notification(pri=0 contentView=null vibrate=null sound=null defaults=0x0 flags=0x0 color=0xff075e54 category=msg vis=PRIVATE)))
03-13 16:10:37.512: D/NotificationGroupManager(4222): Notification(pri=1 contentView=null vibrate=default sound=content://settings/system/notification_sound tick defaults=0x2 flags=0x200 color=0xff075e54 category=msg groupKey=group_key_messages vis=PRIVATE publicVersion=Notification(pri=0 contentView=null vibrate=null sound=null defaults=0x0 flags=0x0 color=0xff075e54 category=msg vis=PRIVATE)) !isGroupChild
03-13 16:10:37.587: D/PhoneStatusBar(4222): disable: < expand ICONS* alerts SYSTEM_INFO* back home recent clock search quick_settings >
03-13 16:10:37.593: I/ActivityManager(3188): Setting hasTopUi=false for pid=4222
03-13 16:10:37.602: D/NotificationGroupManager(4222): Notification(pri=0 contentView=null vibrate=null sound=null defaults=0x0 flags=0x8 color=0xff075e54 groupKey=group_key_messages sortKey=1 actions=1 vis=PRIVATE publicVersion=Notification(pri=0 contentView=null vibrate=null sound=null defaults=0x0 flags=0x0 color=0xff075e54 category=msg vis=PRIVATE)) not found in mGroupMap
03-13 16:10:37.602: D/NotificationGroupManager(4222): Notification(pri=0 contentView=null vibrate=null sound=null defaults=0x0 flags=0x8 color=0xff075e54 groupKey=group_key_messages sortKey=1 actions=1 vis=PRIVATE publicVersion=Notification(pri=0 contentView=null vibrate=null sound=null defaults=0x0 flags=0x0 color=0xff075e54 category=msg vis=PRIVATE)) !isGroupChild
03-13 16:10:37.651: I/ActivityManager(3188): Setting hasTopUi=true for pid=4222
03-13 16:10:37.666: E/Layer(521): [StatusBar] rejecting buffer: bufWidth=1920, bufHeight=61, front.active.{w=1920, h=1080}
03-13 16:10:37.682: D/SignalClusterView(4222): vpn: GONE
03-13 16:10:37.683: D/SignalClusterView(4222): ethernet: GONE sig=0 inout=0
03-13 16:10:37.684: D/SignalClusterView(4222): wifi: VISIBLE sig=2130838974 inout=2130838946
03-13 16:10:37.684: D/SignalClusterView(4222): wigig: GONE sig=2130838981 inout=2130838946
03-13 16:10:37.686: D/SignalClusterView(4222): mobile: VISIBLE sig=2130838940 typ=0 inout=0c
03-13 16:10:37.686: D/SignalClusterView(4222): vpn: GONE
03-13 16:10:37.686: D/SignalClusterView(4222): ethernet: GONE sig=0 inout=0
03-13 16:10:37.687: D/SignalClusterView(4222): wifi: VISIBLE sig=2130838974 inout=2130838946
03-13 16:10:37.688: D/SignalClusterView(4222): wigig: GONE sig=2130838981 inout=2130838946
03-13 16:10:37.689: D/SignalClusterView(4222): mobile: VISIBLE sig=2130838940 typ=0 inout=0c
03-13 16:10:37.719: D/SignalClusterView(4222): vpn: GONE
03-13 16:10:37.719: D/SignalClusterView(4222): ethernet: GONE sig=0 inout=0
03-13 16:10:37.719: D/SignalClusterView(4222): wifi: VISIBLE sig=2130838974 inout=2130838946
03-13 16:10:37.719: D/SignalClusterView(4222): wigig: GONE sig=2130838981 inout=2130838946
03-13 16:10:37.721: D/SignalClusterView(4222): mobile: VISIBLE sig=2130838940 typ=0 inout=0c
03-13 16:10:37.721: D/SignalClusterView(4222): vpn: GONE
03-13 16:10:37.721: D/SignalClusterView(4222): ethernet: GONE sig=0 inout=0
03-13 16:10:37.722: D/SignalClusterView(4222): wifi: VISIBLE sig=2130838974 inout=2130838946
03-13 16:10:37.723: D/SignalClusterView(4222): wigig: GONE sig=2130838981 inout=2130838946
03-13 16:10:37.725: D/SignalClusterView(4222): mobile: VISIBLE sig=2130838940 typ=0 inout=0c
03-13 16:10:37.726: D/SignalClusterView(4222): vpn: GONE
03-13 16:10:37.726: D/SignalClusterView(4222): ethernet: GONE sig=0 inout=0
03-13 16:10:37.726: D/SignalClusterView(4222): wifi: VISIBLE sig=2130838974 inout=2130838946
03-13 16:10:37.727: D/SignalClusterView(4222): wigig: GONE sig=2130838981 inout=2130838946
03-13 16:10:37.728: D/SignalClusterView(4222): mobile: VISIBLE sig=2130838940 typ=0 inout=0c
03-13 16:10:37.728: D/SignalClusterView(4222): vpn: GONE
03-13 16:10:37.728: D/SignalClusterView(4222): ethernet: GONE sig=0 inout=0
03-13 16:10:37.729: D/SignalClusterView(4222): wifi: VISIBLE sig=2130838974 inout=2130838946
03-13 16:10:37.729: D/SignalClusterView(4222): wigig: GONE sig=2130838981 inout=2130838946
03-13 16:10:37.730: D/SignalClusterView(4222): mobile: VISIBLE sig=2130838940 typ=0 inout=0c
03-13 16:10:37.734: D/SignalClusterView(4222): vpn: GONE
03-13 16:10:37.735: D/SignalClusterView(4222): ethernet: GONE sig=0 inout=0
03-13 16:10:37.735: D/SignalClusterView(4222): wifi: VISIBLE sig=2130838974 inout=2130838946
03-13 16:10:37.735: D/SignalClusterView(4222): wigig: GONE sig=2130838981 inout=2130838946
03-13 16:10:37.737: D/SignalClusterView(4222): mobile: VISIBLE sig=2130838940 typ=0 inout=0c
03-13 16:10:37.737: D/SignalClusterView(4222): vpn: GONE
03-13 16:10:37.738: D/SignalClusterView(4222): ethernet: GONE sig=0 inout=0
03-13 16:10:37.738: D/SignalClusterView(4222): wifi: VISIBLE sig=2130838974 inout=2130838946
03-13 16:10:37.739: D/SignalClusterView(4222): wigig: GONE sig=2130838981 inout=2130838946
03-13 16:10:37.741: D/SignalClusterView(4222): mobile: VISIBLE sig=2130838940 typ=0 inout=0c
03-13 16:10:37.768: D/SignalClusterView(4222): vpn: GONE
03-13 16:10:37.768: D/SignalClusterView(4222): ethernet: GONE sig=0 inout=0
03-13 16:10:37.769: D/SignalClusterView(4222): wifi: VISIBLE sig=2130838974 inout=2130838946
03-13 16:10:37.769: D/SignalClusterView(4222): wigig: GONE sig=2130838981 inout=2130838946
03-13 16:10:37.771: D/SignalClusterView(4222): mobile: VISIBLE sig=2130838940 typ=0 inout=0c
03-13 16:10:37.771: D/SignalClusterView(4222): vpn: GONE
03-13 16:10:37.771: D/SignalClusterView(4222): ethernet: GONE sig=0 inout=0
03-13 16:10:37.772: D/SignalClusterView(4222): wifi: VISIBLE sig=2130838974 inout=2130838946
03-13 16:10:37.772: D/SignalClusterView(4222): wigig: GONE sig=2130838981 inout=2130838946
03-13 16:10:37.774: D/SignalClusterView(4222): mobile: VISIBLE sig=2130838940 typ=0 inout=0c
03-13 16:10:37.774: D/SignalClusterView(4222): vpn: GONE
03-13 16:10:37.775: D/SignalClusterView(4222): ethernet: GONE sig=0 inout=0
03-13 16:10:37.776: D/SignalClusterView(4222): wifi: VISIBLE sig=2130838974 inout=2130838946
03-13 16:10:37.776: D/SignalClusterView(4222): wigig: GONE sig=2130838981 inout=2130838946
03-13 16:10:37.778: D/SignalClusterView(4222): mobile: VISIBLE sig=2130838940 typ=0 inout=0c
03-13 16:10:37.778: D/SignalClusterView(4222): vpn: GONE
03-13 16:10:37.778: D/SignalClusterView(4222): ethernet: GONE sig=0 inout=0
03-13 16:10:37.779: D/SignalClusterView(4222): wifi: VISIBLE sig=2130838974 inout=2130838946
03-13 16:10:37.779: D/SignalClusterView(4222): wigig: GONE sig=2130838981 inout=2130838946
03-13 16:10:37.780: D/SignalClusterView(4222): mobile: VISIBLE sig=2130838940 typ=0 inout=0c
03-13 16:10:37.988: D/NetworkController.WifiSignalController(4222): Change in state from: connected=true,enabled=true,level=4,inetCondition=1,iconGroup=IconGroup(Wi-Fi Icons),activityIn=false,activityOut=false,rssi=-64,lastModified=03-13 04:10:36,ssid="Aquiris"
03-13 16:10:37.988: D/NetworkController.WifiSignalController(4222): 	to: connected=true,enabled=true,level=4,inetCondition=1,iconGroup=IconGroup(Wi-Fi Icons),activityIn=true,activityOut=true,rssi=-64,lastModified=03-13 04:10:36,ssid="Aquiris"
03-13 16:10:37.989: D/SignalClusterView(4222): vpn: GONE
03-13 16:10:37.989: D/SignalClusterView(4222): ethernet: GONE sig=0 inout=0
03-13 16:10:37.991: D/SignalClusterView(4222): wifi: VISIBLE sig=2130838974 inout=2130838945
03-13 16:10:37.991: D/SignalClusterView(4222): wigig: GONE sig=2130838981 inout=2130838946
03-13 16:10:37.996: D/SignalClusterView(4222): mobile: VISIBLE sig=2130838940 typ=0 inout=0c
03-13 16:10:37.997: D/SignalClusterView(4222): vpn: GONE
03-13 16:10:37.997: D/SignalClusterView(4222): ethernet: GONE sig=0 inout=0
03-13 16:10:37.998: D/SignalClusterView(4222): wifi: VISIBLE sig=2130838974 inout=2130838945
03-13 16:10:37.998: D/SignalClusterView(4222): wigig: GONE sig=2130838981 inout=2130838946
03-13 16:10:38.000: D/SignalClusterView(4222): mobile: VISIBLE sig=2130838940 typ=0 inout=0c
03-13 16:10:38.664: D/wpa_supplicant(4173): wlan0: Control interface command 'SIGNAL_POLL'
03-13 16:10:38.667: D/wpa_supplicant(4173): CTRL-DEBUG: global_ctrl_sock-sendto: sock=8 sndbuf=229376 outq=0 send_len=48
03-13 16:10:39.504: D/Launcher_badge(5157): LauncherProvider query badge db - Binder:5157_1 : android.uid.systemui:10012
03-13 16:10:39.509: I/keyguard(4222): AsusShortcutManager:handleUpdateUnreadCount2 comp:ComponentInfo{com.asus.contacts/com.android.contacts.activities.DialtactsActivity} count:0
03-13 16:10:39.509: I/keyguard(4222): AsusShortcutManager:handleUpdateUnreadCount2 comp:ComponentInfo{com.google.android.apps.messaging/com.google.android.apps.messaging.ui.ConversationListActivity} count:5
03-13 16:10:39.509: I/keyguard(4222): AsusShortcutManager:handleUpdateUnreadCount2 comp:ComponentInfo{com.google.android.gm/com.google.android.gm.ConversationListActivityGmail} count:0
03-13 16:10:39.687: I/MSM-irqbalance(2367): Decided to move IRQ3 from CPU2 [P:0] to CPU5 [P:1] (banned)
03-13 16:10:39.688: I/MSM-irqbalance(2367): Decided to move IRQ5 from CPU2 [P:0] to CPU6 [P:1] (banned)
03-13 16:10:39.688: I/MSM-irqbalance(2367): Decided to move IRQ3 from CPU3 [P:0] to CPU7 [P:1] (banned)
03-13 16:10:39.689: I/MSM-irqbalance(2367): Decided to move IRQ5 from CPU3 [P:0] to CPU4 [P:1] (banned)
03-13 16:10:39.689: I/MSM-irqbalance(2367): Decided to move IRQ3 from CPU0 [P:0] to CPU5 [P:1] (banned)
03-13 16:10:39.690: I/MSM-irqbalance(2367): Decided to move IRQ5 from CPU0 [P:0] to CPU6 [P:1] (banned)
03-13 16:10:39.690: I/MSM-irqbalance(2367): Decided to move IRQ3 from CPU1 [P:0] to CPU7 [P:1] (banned)
03-13 16:10:39.691: I/MSM-irqbalance(2367): Decided to move IRQ5 from CPU1 [P:0] to CPU4 [P:1] (banned)
03-13 16:10:39.990: D/NetworkController.WifiSignalController(4222): Change in state from: connected=true,enabled=true,level=4,inetCondition=1,iconGroup=IconGroup(Wi-Fi Icons),activityIn=true,activityOut=true,rssi=-64,lastModified=03-13 04:10:37,ssid="Aquiris"
03-13 16:10:39.990: D/NetworkController.WifiSignalController(4222): 	to: connected=true,enabled=true,level=4,inetCondition=1,iconGroup=IconGroup(Wi-Fi Icons),activityIn=true,activityOut=false,rssi=-64,lastModified=03-13 04:10:37,ssid="Aquiris"
03-13 16:10:39.991: D/SignalClusterView(4222): vpn: GONE
03-13 16:10:39.991: D/SignalClusterView(4222): ethernet: GONE sig=0 inout=0
03-13 16:10:39.993: D/SignalClusterView(4222): wifi: VISIBLE sig=2130838974 inout=2130838944
03-13 16:10:39.993: D/SignalClusterView(4222): wigig: GONE sig=2130838981 inout=2130838946
03-13 16:10:39.994: D/SignalClusterView(4222): mobile: VISIBLE sig=2130838940 typ=0 inout=0c
03-13 16:10:39.995: D/SignalClusterView(4222): vpn: GONE
03-13 16:10:39.995: D/SignalClusterView(4222): ethernet: GONE sig=0 inout=0
03-13 16:10:39.995: D/SignalClusterView(4222): wifi: VISIBLE sig=2130838974 inout=2130838944
03-13 16:10:39.995: D/SignalClusterView(4222): wigig: GONE sig=2130838981 inout=2130838946
03-13 16:10:39.997: D/SignalClusterView(4222): mobile: VISIBLE sig=2130838940 typ=0 inout=0c
03-13 16:10:40.208: E/ANDR-PERF-MPCTL(2262): Invalid profile no. 0, total profiles 0 only
03-13 16:10:40.241: E/ReloadingLock(5256): Finalizing LOCKED Token[shortcuts 2018-03-13 16:10:28.445]
03-13 16:10:40.435: D/NetworkSecurityConfig(6640): No Network Security Config specified, using platform default
03-13 16:10:40.438: I/DpmTcmClient(6640): RegisterTcmMonitor from: com.android.okhttp.TcmIdleTimerMonitor
03-13 16:10:40.992: D/NetworkController.WifiSignalController(4222): Change in state from: connected=true,enabled=true,level=4,inetCondition=1,iconGroup=IconGroup(Wi-Fi Icons),activityIn=true,activityOut=false,rssi=-64,lastModified=03-13 04:10:39,ssid="Aquiris"
03-13 16:10:40.992: D/NetworkController.WifiSignalController(4222): 	to: connected=true,enabled=true,level=4,inetCondition=1,iconGroup=IconGroup(Wi-Fi Icons),activityIn=true,activityOut=true,rssi=-64,lastModified=03-13 04:10:39,ssid="Aquiris"
03-13 16:10:40.992: D/SignalClusterView(4222): vpn: GONE
03-13 16:10:40.992: D/SignalClusterView(4222): ethernet: GONE sig=0 inout=0
03-13 16:10:40.993: D/SignalClusterView(4222): wifi: VISIBLE sig=2130838974 inout=2130838945
03-13 16:10:40.993: D/SignalClusterView(4222): wigig: GONE sig=2130838981 inout=2130838946
03-13 16:10:40.994: D/SignalClusterView(4222): mobile: VISIBLE sig=2130838940 typ=0 inout=0c
03-13 16:10:40.994: D/SignalClusterView(4222): vpn: GONE
03-13 16:10:40.995: D/SignalClusterView(4222): ethernet: GONE sig=0 inout=0
03-13 16:10:40.995: D/SignalClusterView(4222): wifi: VISIBLE sig=2130838974 inout=2130838945
03-13 16:10:40.995: D/SignalClusterView(4222): wigig: GONE sig=2130838981 inout=2130838946
03-13 16:10:40.996: D/SignalClusterView(4222): mobile: VISIBLE sig=2130838940 typ=0 inout=0c
03-13 16:10:41.130: W/SensorService(3188): sensor 00000001 already enabled in connection 0x7f6667e4e0 (ignoring)
03-13 16:10:41.130: I/qti_sensors_hal(3188): SMGRSensor::flush for batching
03-13 16:10:41.130: I/qti_sensors_hal(3188): SMGRReportAdd:sensor(android.sensor.accelerometer) handle=0, sample_rate=50.000000 report_rate=0 buffer=0
03-13 16:10:41.130: I/qti_sensors_hal(3188): SMGRPrepareAddMsg sample_rate 50.000000 report_rate 3276800 subhz_sample_rate_ms 0 sample_rate_hz 50
03-13 16:10:41.130: I/qti_sensors_hal(3188): batch:sensor(android.sensor.accelerometer) handle:0 flags:0x0 period_ns 20000000
03-13 16:10:41.130: I/qti_sensors_hal(3188): batch: current sample rate, report rate & buffering are equal to requested (50.000000,0.000000,0)
03-13 16:10:41.131: I/qti_sensors_hal(3188): processBufferingResp: Id: 0 Resp: 0 txn id 85
03-13 16:10:41.152: I/AudioPolicyManagerCustom(2846): setting force DEEP buffer now 
03-13 16:10:41.152: V/AudioPolicyManagerCustom(2846): getOutputForDevice() returns output 21
03-13 16:10:41.152: I/AudioPolicyManagerCustom(2846): setting force DEEP buffer now 
03-13 16:10:41.152: V/AudioPolicyManagerCustom(2846): getOutputForDevice() returns output 21
03-13 16:10:41.153: I/AudioPolicyManagerCustom(2846): setting force DEEP buffer now 
03-13 16:10:41.153: V/AudioPolicyManagerCustom(2846): getOutputForDevice() returns output 21
03-13 16:10:41.155: I/AudioPolicyManagerCustom(2846): Direct PCM is disabled for this request
03-13 16:10:41.155: I/AudioPolicyManagerCustom(2846): setting force DEEP buffer now 
03-13 16:10:41.155: V/AudioPolicyManagerCustom(2846): getOutputForDevice() returns output 21
03-13 16:10:41.156: V/audio_hw_primary(2846): out_get_parameters: enter: keys - is_direct_pcm_track
03-13 16:10:41.156: D/compress_voip(2846): voice_extn_compress_voip_out_get_parameters: enter
03-13 16:10:41.156: V/audio_hw_primary(2846): not in direct_pcm
03-13 16:10:41.156: V/audio_hw_primary(2846): out_get_parameters: exit: returns - is_direct_pcm_track=false
03-13 16:10:41.156: V/audio_hw_primary(2846): out_get_latency: Latency 80
03-13 16:10:41.157: D/AudioTrack(6640): Client defaulted notificationFrames to 706 for frameCount 2120
03-13 16:10:41.158: E/AudioFlinger(2846): start : chmod playbackstatus.info error
03-13 16:10:41.158: D/APM_AudioPolicyManager(2846): startOutput() output 21, stream 3, session 3089
03-13 16:10:41.158: D/APM_AudioPolicyManager(2846): will call setAudioWizardForcePreset 
03-13 16:10:41.158: V/AudioPolicyManagerCustom(2846): startOutput: device 0x2 all_devices 0x3
03-13 16:10:41.158: V/AudioUtil(2846): nothing to update to route node
03-13 16:10:41.158: I/SoundChannelObserver(5112): num=2
03-13 16:10:41.159: I/SoundChannelObserver(5112): num=2
03-13 16:10:41.189: V/audio_hw_primary(2846): out_get_latency: Latency 80
03-13 16:10:41.229: V/audio_hw_primary(2846): out_get_latency: Latency 80
03-13 16:10:41.266: I/QtiTetherService(5078): limitReached Alert received limitName: globalAlert on Interface: wlan0
03-13 16:10:41.269: V/audio_hw_primary(2846): out_get_latency: Latency 80
03-13 16:10:41.277: I/TetherStatsReporting(3188): getTetherStats() called 
03-13 16:10:41.277: I/TetherStatsReporting(3188): combining tether stats
03-13 16:10:41.278: D/QtiTetherService/IpaWrapper(5078): getStats(false)
03-13 16:10:41.309: V/audio_hw_primary(2846): out_get_latency: Latency 80
03-13 16:10:41.349: D/APM_AudioPolicyManager(2846): stopOutput() output 21, stream 3, session 3081
03-13 16:10:41.581: I/Unity(6640): [OBBDownloadManager] Expansion filepath: /storage/emulated/0/Android/obb/com.aquiris.horizonchase
03-13 16:10:41.593: I/Unity(6640): [OBBDownloadManager] downloading file:///storage/emulated/0/Android/obb/com.aquiris.horizonchase/main.10519.com.aquiris.horizonchase.obb
03-13 16:10:41.688: D/wpa_supplicant(4173): wlan0: Control interface command 'SIGNAL_POLL'
03-13 16:10:41.691: D/wpa_supplicant(4173): CTRL-DEBUG: global_ctrl_sock-sendto: sock=8 sndbuf=229376 outq=0 send_len=48
03-13 16:10:42.102: W/power_metrics_r(18119): type=1400 audit(0.0:337): avc: denied { read } for name="mem" dev="debugfs" ino=1485840 scontext=u:r:untrusted_app:s0:c512,c768 tcontext=u:object_r:debugfs:s0 tclass=file permissive=0
03-13 16:10:42.102: W/power_metrics_r(18119): type=1400 audit(0.0:338): avc: denied { read } for name="mem" dev="debugfs" ino=1485840 scontext=u:r:untrusted_app:s0:c512,c768 tcontext=u:object_r:debugfs:s0 tclass=file permissive=0
03-13 16:10:42.378: I/Unity(6640): [OBBDownloadManager] Loading title scene.
03-13 16:10:43.299: D/NotificationGroupManager(4222): Notification(pri=0 contentView=null vibrate=null sound=null defaults=0x0 flags=0x8 color=0xff075e54 groupKey=group_key_messages sortKey=1 actions=1 vis=PRIVATE publicVersion=Notification(pri=0 contentView=null vibrate=null sound=null defaults=0x0 flags=0x0 color=0xff075e54 category=msg vis=PRIVATE)) isGroupChild
03-13 16:10:43.319: I/Finsky(3959): [405] com.google.android.finsky.billing.iab.ab.b(31): com.aquiris.horizonchase: Account determined from installer data - [GSAMwyLwV0HEdC7qXFO-pEWgFTM]
03-13 16:10:43.324: I/Finsky(3959): [449] com.google.android.finsky.billing.iab.ab.b(31): com.aquiris.horizonchase: Account determined from installer data - [GSAMwyLwV0HEdC7qXFO-pEWgFTM]
03-13 16:10:43.460: D/d(6640): In App Purchasing SDK - Sandbox Mode: PurchasingListener registered: com.onesignal.TrackAmazonPurchase$OSPurchasingListener@6a8b15b
03-13 16:10:43.460: D/d(6640): In App Purchasing SDK - Sandbox Mode: PurchasingListener Context: android.app.Application@b603084
03-13 16:10:43.498: I/Finsky(3959): [406] com.google.android.finsky.billing.iab.ab.b(31): com.aquiris.horizonchase: Account determined from installer data - [GSAMwyLwV0HEdC7qXFO-pEWgFTM]
03-13 16:10:43.551: D/keyguard(4222): AsusDeviceModeManager:DB EasyMode: false  isEasyMode: false
03-13 16:10:43.551: D/keyguard(4222): AsusEasyModeManager:shouldDoEffect KeyguardVisbile: false, EasyMode: false, Expanded: false
03-13 16:10:43.551: D/keyguard(4222): AsusEasyModeManager:updateBlurEffect()  should: false mBluring: false
03-13 16:10:43.566: D/keyguard(4222): AsusDeviceModeManager:DB EasyMode: false  isEasyMode: false
03-13 16:10:43.566: D/keyguard(4222): AsusEasyModeManager:shouldDoEffect KeyguardVisbile: false, EasyMode: false, Expanded: false
03-13 16:10:43.566: D/keyguard(4222): AsusEasyModeManager:updateBlurEffect()  should: false mBluring: false
03-13 16:10:43.573: I/ActivityManager(3188): Setting hasTopUi=false for pid=4222
03-13 16:10:43.577: D/PhoneStatusBar(4222): disable: < expand icons* alerts system_info* back home recent clock search quick_settings >
03-13 16:10:43.613: D/keyguard(4222): AsusDeviceModeManager:DB EasyMode: false  isEasyMode: false
03-13 16:10:43.613: D/keyguard(4222): AsusEasyModeManager:shouldDoEffect KeyguardVisbile: false, EasyMode: false, Expanded: false
03-13 16:10:43.613: D/keyguard(4222): AsusEasyModeManager:updateBlurEffect()  should: false mBluring: false
03-13 16:10:43.809: D/keyguard(4222): AsusDeviceModeManager:DB EasyMode: false  isEasyMode: false
03-13 16:10:43.809: D/keyguard(4222): AsusEasyModeManager:shouldDoEffect KeyguardVisbile: false, EasyMode: false, Expanded: false
03-13 16:10:43.809: D/keyguard(4222): AsusEasyModeManager:updateBlurEffect()  should: false mBluring: false
03-13 16:10:43.896: D/GamesUnitySDK(6640): Performing Android initialization of the GPG SDK
03-13 16:10:43.934: I/Unity(6640): Building GPG services, implicitly attempts silent auth
03-13 16:10:43.936: I/GamesNativeSDK(6640): Using existing jar.
03-13 16:10:43.936: I/GamesNativeSDK(6640): Writing 1941 bytes to jar file
03-13 16:10:43.957: I/GamesNativeSDK(6640): Using existing jar.
03-13 16:10:43.957: I/GamesNativeSDK(6640): Writing 1066 bytes to jar file
03-13 16:10:44.013: W/PopupManager(6640): You have not specified a View to use as content view for popups. Falling back to the Activity content view. Note that this may not work as expected in multi-screen environments
03-13 16:10:44.021: I/GamesNativeSDK(6640): Auth operation started: SIGN IN
03-13 16:10:44.021: I/GamesNativeSDK(6640): Connecting to Google Play...
03-13 16:10:44.088: W/ActivityManager(3188): App Op not allow to start app com.google.android.videos/10111
03-13 16:10:44.089: E/NetworkScheduler.TED(5002): Couldn't start service: Intent { act=com.google.android.gms.gcm.ACTION_TASK_READY cmp=com.google.android.videos/com.google.android.apps.play.movies.common.service.drm.RefreshLicenseTaskService (has extras) }
03-13 16:10:44.089: E/NetworkScheduler(5002): Unknown result code received: 4
03-13 16:10:44.095: I/OneSignal(6640): Device registered, Google Registration ID = APA91bHfOrIEbYYK8OqueAU5pOgasacgGrI_w7nQaMUTnFo5fE4oorgWtDtLD7hx734LyIHyEJ6qJlK63XUZTttdBWPIoXS-4jPUyE-PPmSQVJTV-LcStKIEVAq819Y7GorHvJ5jHBZ9
03-13 16:10:44.106: W/GamesServiceBroker(5050): Client connected with SDK 11020000, Services 12218448, and Games 55810048
03-13 16:10:44.127: W/GamesServiceBroker(5050): Client connected with SDK 12605000, Services 12218448, and Games 55810048
03-13 16:10:44.145: D/ApplicationLoaders(6640): ignored Vulkan layer search path /data/app/com.google.android.gms-2/lib/arm:/system/fake-libs:/data/app/com.google.android.gms-2/base.apk!/lib/armeabi-v7a for namespace 0xf5e0c090
03-13 16:10:44.150: W/Unity(6640): !!! [Play Games Plugin DLL] 03/13/18 16:10:44 -03:00 WARNING: Creating new PlayGamesPlatform
03-13 16:10:44.150: W/Unity(6640):  
03-13 16:10:44.150: W/Unity(6640): (Filename: ./artifacts/generated/common/runtime/DebugBindings.gen.cpp Line: 51)
03-13 16:10:44.277: W/AppOps(3188): Bad call: specified package com.google.android.play.games under uid 10168 but it is really 10144
03-13 16:10:44.277: W/AppOps(3188): java.lang.RuntimeException: here
03-13 16:10:44.277: W/AppOps(3188): 	at com.android.server.AppOpsService.getOpsRawLocked(AppOpsService.java:1379)
03-13 16:10:44.277: W/AppOps(3188): 	at com.android.server.AppOpsService.checkPackage(AppOpsService.java:1053)
03-13 16:10:44.277: W/AppOps(3188): 	at com.android.internal.app.IAppOpsService$Stub.onTransact(IAppOpsService.java:169)
03-13 16:10:44.277: W/AppOps(3188): 	at android.os.Binder.execTransact(Binder.java:565)
03-13 16:10:44.328: W/GamesServiceBroker(5050): Client connected with SDK 12605000, Services 12218448, and Games 55810048
03-13 16:10:44.368: V/GamesNativeSDK(6640): Play Games callback indicates connection.
03-13 16:10:44.385: I/GamesNativeSDK(6640): Successfully connected to Google Play.
03-13 16:10:44.418: W/AppOps(3188): Bad call: specified package com.google.android.play.games under uid 10168 but it is really 10144
03-13 16:10:44.418: W/AppOps(3188): java.lang.RuntimeException: here
03-13 16:10:44.418: W/AppOps(3188): 	at com.android.server.AppOpsService.getOpsRawLocked(AppOpsService.java:1379)
03-13 16:10:44.418: W/AppOps(3188): 	at com.android.server.AppOpsService.checkPackage(AppOpsService.java:1053)
03-13 16:10:44.418: W/AppOps(3188): 	at com.android.internal.app.IAppOpsService$Stub.onTransact(IAppOpsService.java:169)
03-13 16:10:44.418: W/AppOps(3188): 	at android.os.Binder.execTransact(Binder.java:565)
03-13 16:10:44.419: W/AppOps(3188): Bad call: specified package com.google.android.play.games under uid 10168 but it is really 10144
03-13 16:10:44.419: W/AppOps(3188): java.lang.RuntimeException: here
03-13 16:10:44.419: W/AppOps(3188): 	at com.android.server.AppOpsService.getOpsRawLocked(AppOpsService.java:1379)
03-13 16:10:44.419: W/AppOps(3188): 	at com.android.server.AppOpsService.checkPackage(AppOpsService.java:1053)
03-13 16:10:44.419: W/AppOps(3188): 	at com.android.internal.app.IAppOpsService$Stub.onTransact(IAppOpsService.java:169)
03-13 16:10:44.419: W/AppOps(3188): 	at android.os.Binder.execTransact(Binder.java:565)
03-13 16:10:44.448: W/AppOps(3188): Bad call: specified package com.google.android.play.games under uid 10168 but it is really 10144
03-13 16:10:44.448: W/AppOps(3188): java.lang.RuntimeException: here
03-13 16:10:44.448: W/AppOps(3188): 	at com.android.server.AppOpsService.getOpsRawLocked(AppOpsService.java:1379)
03-13 16:10:44.448: W/AppOps(3188): 	at com.android.server.AppOpsService.checkPackage(AppOpsService.java:1053)
03-13 16:10:44.448: W/AppOps(3188): 	at com.android.internal.app.IAppOpsService$Stub.onTransact(IAppOpsService.java:169)
03-13 16:10:44.448: W/AppOps(3188): 	at android.os.Binder.execTransact(Binder.java:565)
03-13 16:10:44.450: W/AppOps(3188): Bad call: specified package com.google.android.play.games under uid 10168 but it is really 10144
03-13 16:10:44.450: W/AppOps(3188): java.lang.RuntimeException: here
03-13 16:10:44.450: W/AppOps(3188): 	at com.android.server.AppOpsService.getOpsRawLocked(AppOpsService.java:1379)
03-13 16:10:44.450: W/AppOps(3188): 	at com.android.server.AppOpsService.checkPackage(AppOpsService.java:1053)
03-13 16:10:44.450: W/AppOps(3188): 	at com.android.internal.app.IAppOpsService$Stub.onTransact(IAppOpsService.java:169)
03-13 16:10:44.450: W/AppOps(3188): 	at android.os.Binder.execTransact(Binder.java:565)
03-13 16:10:44.466: W/AppOps(3188): Bad call: specified package com.google.android.play.games under uid 10168 but it is really 10144
03-13 16:10:44.466: W/AppOps(3188): java.lang.RuntimeException: here
03-13 16:10:44.466: W/AppOps(3188): 	at com.android.server.AppOpsService.getOpsRawLocked(AppOpsService.java:1379)
03-13 16:10:44.466: W/AppOps(3188): 	at com.android.server.AppOpsService.checkPackage(AppOpsService.java:1053)
03-13 16:10:44.466: W/AppOps(3188): 	at com.android.internal.app.IAppOpsService$Stub.onTransact(IAppOpsService.java:169)
03-13 16:10:44.466: W/AppOps(3188): 	at android.os.Binder.execTransact(Binder.java:565)
03-13 16:10:44.467: W/AppOps(3188): Bad call: specified package com.google.android.play.games under uid 10168 but it is really 10144
03-13 16:10:44.467: W/AppOps(3188): java.lang.RuntimeException: here
03-13 16:10:44.467: W/AppOps(3188): 	at com.android.server.AppOpsService.getOpsRawLocked(AppOpsService.java:1379)
03-13 16:10:44.467: W/AppOps(3188): 	at com.android.server.AppOpsService.checkPackage(AppOpsService.java:1053)
03-13 16:10:44.467: W/AppOps(3188): 	at com.android.internal.app.IAppOpsService$Stub.onTransact(IAppOpsService.java:169)
03-13 16:10:44.467: W/AppOps(3188): 	at android.os.Binder.execTransact(Binder.java:565)
03-13 16:10:44.641: I/Unity(6640): [SocialManager] User successfully authenticated.
03-13 16:10:44.680: I/MSM-irqbalance(2367): Decided to move IRQ5 from CPU2 [P:0] to CPU5 [P:1] (banned)
03-13 16:10:44.681: I/MSM-irqbalance(2367): Decided to move IRQ3 from CPU2 [P:0] to CPU6 [P:1] (banned)
03-13 16:10:44.681: I/MSM-irqbalance(2367): Decided to move IRQ3 from CPU3 [P:0] to CPU7 [P:1] (banned)
03-13 16:10:44.681: I/MSM-irqbalance(2367): Decided to move IRQ5 from CPU3 [P:0] to CPU4 [P:1] (banned)
03-13 16:10:44.681: I/MSM-irqbalance(2367): Decided to move IRQ3 from CPU0 [P:0] to CPU5 [P:1] (banned)
03-13 16:10:44.681: I/MSM-irqbalance(2367): Decided to move IRQ5 from CPU0 [P:0] to CPU6 [P:1] (banned)
03-13 16:10:44.681: I/MSM-irqbalance(2367): Decided to move IRQ3 from CPU1 [P:0] to CPU7 [P:1] (banned)
03-13 16:10:44.682: I/MSM-irqbalance(2367): Decided to move IRQ5 from CPU1 [P:0] to CPU4 [P:1] (banned)
03-13 16:10:44.710: D/wpa_supplicant(4173): wlan0: Control interface command 'SIGNAL_POLL'
03-13 16:10:44.712: D/wpa_supplicant(4173): CTRL-DEBUG: global_ctrl_sock-sendto: sock=8 sndbuf=229376 outq=0 send_len=48
03-13 16:10:45.029: W/AppOps(3188): Bad call: specified package com.google.android.play.games under uid 10168 but it is really 10144
03-13 16:10:45.029: W/AppOps(3188): java.lang.RuntimeException: here
03-13 16:10:45.029: W/AppOps(3188): 	at com.android.server.AppOpsService.getOpsRawLocked(AppOpsService.java:1379)
03-13 16:10:45.029: W/AppOps(3188): 	at com.android.server.AppOpsService.checkPackage(AppOpsService.java:1053)
03-13 16:10:45.029: W/AppOps(3188): 	at com.android.internal.app.IAppOpsService$Stub.onTransact(IAppOpsService.java:169)
03-13 16:10:45.029: W/AppOps(3188): 	at android.os.Binder.execTransact(Binder.java:565)
03-13 16:10:45.030: W/AppOps(3188): Bad call: specified package com.google.android.play.games under uid 10168 but it is really 10144
03-13 16:10:45.030: W/AppOps(3188): java.lang.RuntimeException: here
03-13 16:10:45.030: W/AppOps(3188): 	at com.android.server.AppOpsService.getOpsRawLocked(AppOpsService.java:1379)
03-13 16:10:45.030: W/AppOps(3188): 	at com.android.server.AppOpsService.checkPackage(AppOpsService.java:1053)
03-13 16:10:45.030: W/AppOps(3188): 	at com.android.internal.app.IAppOpsService$Stub.onTransact(IAppOpsService.java:169)
03-13 16:10:45.030: W/AppOps(3188): 	at android.os.Binder.execTransact(Binder.java:565)
03-13 16:10:45.271: W/Unity(6640): DontDestroyOnLoad only work for root GameObjects or components on root GameObjects.
03-13 16:10:45.271: W/Unity(6640):  
03-13 16:10:45.271: W/Unity(6640): (Filename:  Line: 481)
03-13 16:10:45.391: I/ContentDownloadManager(5050): Up-to-date file is already available locally: EntrySpec[3834]
03-13 16:10:45.505: W/GamesServiceBroker(5050): Client connected with SDK 12605000, Services 12218448, and Games 55810048
03-13 16:10:45.509: W/AppOps(3188): Bad call: specified package com.google.android.play.games under uid 10168 but it is really 10144
03-13 16:10:45.509: W/AppOps(3188): java.lang.RuntimeException: here
03-13 16:10:45.509: W/AppOps(3188): 	at com.android.server.AppOpsService.getOpsRawLocked(AppOpsService.java:1379)
