03-13 16:10:59.415: W/AppOps(3188): 	at com.android.internal.app.IAppOpsService$Stub.onTransact(IAppOpsService.java:169)
03-13 16:10:59.415: W/AppOps(3188): 	at android.os.Binder.execTransact(Binder.java:565)
03-13 16:10:59.416: W/AppOps(3188): Bad call: specified package com.google.android.play.games under uid 10168 but it is really 10144
03-13 16:10:59.416: W/AppOps(3188): java.lang.RuntimeException: here
03-13 16:10:59.416: W/AppOps(3188): 	at com.android.server.AppOpsService.getOpsRawLocked(AppOpsService.java:1379)
03-13 16:10:59.416: W/AppOps(3188): 	at com.android.server.AppOpsService.checkPackage(AppOpsService.java:1053)
03-13 16:10:59.416: W/AppOps(3188): 	at com.android.internal.app.IAppOpsService$Stub.onTransact(IAppOpsService.java:169)
03-13 16:10:59.416: W/AppOps(3188): 	at android.os.Binder.execTransact(Binder.java:565)
03-13 16:10:59.680: I/MSM-irqbalance(2367): Decided to move IRQ3 from CPU2 [P:0] to CPU5 [P:1] (banned)
03-13 16:10:59.681: I/MSM-irqbalance(2367): Decided to move IRQ5 from CPU2 [P:0] to CPU6 [P:1] (banned)
03-13 16:10:59.681: I/MSM-irqbalance(2367): Decided to move IRQ3 from CPU3 [P:0] to CPU7 [P:1] (banned)
03-13 16:10:59.681: I/MSM-irqbalance(2367): Decided to move IRQ5 from CPU3 [P:0] to CPU4 [P:1] (banned)
03-13 16:10:59.682: I/MSM-irqbalance(2367): Decided to move IRQ3 from CPU0 [P:0] to CPU5 [P:1] (banned)
03-13 16:10:59.682: I/MSM-irqbalance(2367): Decided to move IRQ5 from CPU0 [P:0] to CPU6 [P:1] (banned)
03-13 16:10:59.682: I/MSM-irqbalance(2367): Decided to move IRQ3 from CPU1 [P:0] to CPU7 [P:1] (banned)
03-13 16:10:59.683: I/MSM-irqbalance(2367): Decided to move IRQ5 from CPU1 [P:0] to CPU4 [P:1] (banned)
03-13 16:10:59.836: D/wpa_supplicant(4173): wlan0: Control interface command 'SIGNAL_POLL'
03-13 16:10:59.838: D/wpa_supplicant(4173): CTRL-DEBUG: global_ctrl_sock-sendto: sock=8 sndbuf=229376 outq=0 send_len=48
03-13 16:10:59.841: D/NetworkController(4222): onReceive: intent=Intent { act=android.net.wifi.RSSI_CHANGED flg=0x4000010 (has extras) }
03-13 16:10:59.842: D/NetworkController.WifiSignalController(4222): Change in state from: connected=true,enabled=true,level=4,inetCondition=1,iconGroup=IconGroup(Wi-Fi Icons),activityIn=true,activityOut=true,rssi=-64,lastModified=03-13 04:10:56,ssid="Aquiris"
03-13 16:10:59.842: D/NetworkController.WifiSignalController(4222): 	to: connected=true,enabled=true,level=3,inetCondition=1,iconGroup=IconGroup(Wi-Fi Icons),activityIn=true,activityOut=true,rssi=-67,lastModified=03-13 04:10:56,ssid="Aquiris"
03-13 16:10:59.842: D/SignalClusterView(4222): vpn: GONE
03-13 16:10:59.842: D/SignalClusterView(4222): ethernet: GONE sig=0 inout=0
03-13 16:10:59.844: D/SignalClusterView(4222): wifi: VISIBLE sig=2130838972 inout=2130838945
03-13 16:10:59.844: I/ContentDownloadManager(5050): Up-to-date file is already available locally: EntrySpec[3834]
03-13 16:10:59.844: D/SignalClusterView(4222): wigig: GONE sig=2130838981 inout=2130838946
03-13 16:10:59.846: D/SignalClusterView(4222): mobile: VISIBLE sig=2130838940 typ=0 inout=0c
03-13 16:10:59.846: D/SignalClusterView(4222): vpn: GONE
03-13 16:10:59.847: D/SignalClusterView(4222): ethernet: GONE sig=0 inout=0
03-13 16:10:59.847: D/SignalClusterView(4222): wifi: VISIBLE sig=2130838972 inout=2130838945
03-13 16:10:59.848: D/SignalClusterView(4222): wigig: GONE sig=2130838981 inout=2130838946
03-13 16:10:59.849: D/SignalClusterView(4222): mobile: VISIBLE sig=2130838940 typ=0 inout=0c
03-13 16:10:59.989: W/SnapshotAgent(5050): Found conflict for snapshot horizon_cloud_save
03-13 16:11:00.007: D/KeyguardUpdateMonitor(4222): received broadcast android.intent.action.TIME_TICK
03-13 16:11:00.007: D/KeyguardUpdateMonitor(4222): handleTimeUpdate
03-13 16:11:00.008: I/keyguard(4222): AsusFirstKGUnlockedMonitor:getSettingsForFirstKGUnlocked()  settings: true
03-13 16:11:00.013: D/StatusBar.Clock(4222): Receive ACTION_TIME_TICK
03-13 16:11:00.028: I/TextClock(4222): receiver IsAlwaysOnEnable= false
03-13 16:11:00.046: I/TextClock(4222): receiver IsAlwaysOnEnable= false
03-13 16:11:00.048: D/AnimationIconReceiver(5157): get app package name: com.asus.deskclock class name: com.asus.deskclock.DeskClock size: 192
03-13 16:11:00.048: W/Launcher(5157): setApplicationContext called twice! old=com.android.launcher3.LauncherApplication@91b8a54 new=com.android.launcher3.LauncherApplication@91b8a54
03-13 16:11:00.075: D/StatusBar.Clock(4222): Receive ACTION_TIME_TICK
03-13 16:11:00.102: I/TextClock(4222): receiver IsAlwaysOnEnable= false
03-13 16:11:00.104: I/TextClock(4222): receiver IsAlwaysOnEnable= false
03-13 16:11:00.106: I/TextClock(4222): receiver IsAlwaysOnEnable= false
03-13 16:11:00.108: I/TextClock(4222): receiver IsAlwaysOnEnable= false
03-13 16:11:00.122: D/AnimationIconReceiver(5157): update icon to DB - pkg: com.asus.deskclock clz: com.asus.deskclock.DeskClock isEnable: true
03-13 16:11:00.122: D/AnimationIconReceiver(5157): get animation icon but doesn't flush immediately because mUseInstallQueue: true launcherNotLoaded: false
03-13 16:11:00.327: I/ContentDownloadManager(5050): Up-to-date file is already available locally: EntrySpec[3834]
03-13 16:11:00.709: I/ContentDownloadManager(5050): Up-to-date file is already available locally: EntrySpec[4946]
03-13 16:11:00.829: W/AppOps(3188): Bad call: specified package com.google.android.play.games under uid 10168 but it is really 10144
03-13 16:11:00.829: W/AppOps(3188): java.lang.RuntimeException: here
03-13 16:11:00.829: W/AppOps(3188): 	at com.android.server.AppOpsService.getOpsRawLocked(AppOpsService.java:1379)
03-13 16:11:00.829: W/AppOps(3188): 	at com.android.server.AppOpsService.checkPackage(AppOpsService.java:1053)
03-13 16:11:00.829: W/AppOps(3188): 	at com.android.internal.app.IAppOpsService$Stub.onTransact(IAppOpsService.java:169)
03-13 16:11:00.829: W/AppOps(3188): 	at android.os.Binder.execTransact(Binder.java:565)
03-13 16:11:00.837: W/AppOps(3188): Bad call: specified package com.google.android.play.games under uid 10168 but it is really 10144
03-13 16:11:00.837: W/AppOps(3188): java.lang.RuntimeException: here
03-13 16:11:00.837: W/AppOps(3188): 	at com.android.server.AppOpsService.getOpsRawLocked(AppOpsService.java:1379)
03-13 16:11:00.837: W/AppOps(3188): 	at com.android.server.AppOpsService.checkPackage(AppOpsService.java:1053)
03-13 16:11:00.837: W/AppOps(3188): 	at com.android.internal.app.IAppOpsService$Stub.onTransact(IAppOpsService.java:169)
03-13 16:11:00.837: W/AppOps(3188): 	at android.os.Binder.execTransact(Binder.java:565)
03-13 16:11:01.204: I/ContentDownloadManager(5050): Up-to-date file is already available locally: EntrySpec[3834]
03-13 16:11:01.348: W/SnapshotAgent(5050): Found conflict for snapshot horizon_cloud_save
03-13 16:11:01.890: I/ContentDownloadManager(5050): Up-to-date file is already available locally: EntrySpec[3834]
03-13 16:11:01.897: E/ANDR-PERF-MPCTL(2262): Invalid profile no. 0, total profiles 0 only
03-13 16:11:01.987: I/Unity(6640): [RestorePurchaseHelper] Game restored: True
03-13 16:11:02.311: I/ContentDownloadManager(5050): Up-to-date file is already available locally: EntrySpec[4946]
03-13 16:11:02.391: W/AppOps(3188): Bad call: specified package com.google.android.play.games under uid 10168 but it is really 10144
03-13 16:11:02.391: W/AppOps(3188): java.lang.RuntimeException: here
03-13 16:11:02.391: W/AppOps(3188): 	at com.android.server.AppOpsService.getOpsRawLocked(AppOpsService.java:1379)
03-13 16:11:02.391: W/AppOps(3188): 	at com.android.server.AppOpsService.checkPackage(AppOpsService.java:1053)
03-13 16:11:02.391: W/AppOps(3188): 	at com.android.internal.app.IAppOpsService$Stub.onTransact(IAppOpsService.java:169)
03-13 16:11:02.391: W/AppOps(3188): 	at android.os.Binder.execTransact(Binder.java:565)
03-13 16:11:02.393: W/AppOps(3188): Bad call: specified package com.google.android.play.games under uid 10168 but it is really 10144
03-13 16:11:02.393: W/AppOps(3188): java.lang.RuntimeException: here
03-13 16:11:02.393: W/AppOps(3188): 	at com.android.server.AppOpsService.getOpsRawLocked(AppOpsService.java:1379)
03-13 16:11:02.393: W/AppOps(3188): 	at com.android.server.AppOpsService.checkPackage(AppOpsService.java:1053)
03-13 16:11:02.393: W/AppOps(3188): 	at com.android.internal.app.IAppOpsService$Stub.onTransact(IAppOpsService.java:169)
03-13 16:11:02.393: W/AppOps(3188): 	at android.os.Binder.execTransact(Binder.java:565)
03-13 16:11:02.873: D/wpa_supplicant(4173): wlan0: Control interface command 'SIGNAL_POLL'
03-13 16:11:02.885: D/wpa_supplicant(4173): CTRL-DEBUG: global_ctrl_sock-sendto: sock=8 sndbuf=229376 outq=0 send_len=48
03-13 16:11:02.890: D/NetworkController(4222): onReceive: intent=Intent { act=android.net.wifi.RSSI_CHANGED flg=0x4000010 (has extras) }
03-13 16:11:02.892: D/NetworkController.WifiSignalController(4222): Change in state from: connected=true,enabled=true,level=3,inetCondition=1,iconGroup=IconGroup(Wi-Fi Icons),activityIn=true,activityOut=true,rssi=-67,lastModified=03-13 04:10:59,ssid="Aquiris"
03-13 16:11:02.892: D/NetworkController.WifiSignalController(4222): 	to: connected=true,enabled=true,level=4,inetCondition=1,iconGroup=IconGroup(Wi-Fi Icons),activityIn=true,activityOut=true,rssi=-61,lastModified=03-13 04:10:59,ssid="Aquiris"
03-13 16:11:02.893: D/SignalClusterView(4222): vpn: GONE
03-13 16:11:02.893: D/SignalClusterView(4222): ethernet: GONE sig=0 inout=0
03-13 16:11:02.893: D/SignalClusterView(4222): wifi: VISIBLE sig=2130838974 inout=2130838945
03-13 16:11:02.893: D/SignalClusterView(4222): wigig: GONE sig=2130838981 inout=2130838946
03-13 16:11:02.894: D/SignalClusterView(4222): mobile: VISIBLE sig=2130838940 typ=0 inout=0c
03-13 16:11:02.895: D/SignalClusterView(4222): vpn: GONE
03-13 16:11:02.895: D/SignalClusterView(4222): ethernet: GONE sig=0 inout=0
03-13 16:11:02.895: D/SignalClusterView(4222): wifi: VISIBLE sig=2130838974 inout=2130838945
03-13 16:11:02.895: D/SignalClusterView(4222): wigig: GONE sig=2130838981 inout=2130838946
03-13 16:11:02.896: D/SignalClusterView(4222): mobile: VISIBLE sig=2130838940 typ=0 inout=0c
03-13 16:11:03.095: I/ContentDownloadManager(5050): Up-to-date file is already available locally: EntrySpec[3834]
03-13 16:11:03.497: W/GamesServiceBroker(5050): Client connected with SDK 12605000, Services 12218448, and Games 55810048
03-13 16:11:03.528: I/PendingContent(5050): Deleted duplicate successfully: aa6d6051-19a4-416b-8afa-d6e9cff4b647
03-13 16:11:03.660: W/ActivityManager(3188): Unable to start service Intent { cmp=com.google.android.gms/.drive.api.ApiService } U=0: not found
03-13 16:11:03.747: W/ActivityManager(3188): Unable to start service Intent { cmp=com.google.android.gms/.drive.api.ApiService } U=0: not found
03-13 16:11:04.281: E/ANDR-PERF-MPCTL(2262): Invalid profile no. 0, total profiles 0 only
03-13 16:11:04.365: I/Unity(6640): [RestorePurchaseHelper] Game restored: True
03-13 16:11:04.486: D/DnsEventListenerService(3188): Logging 100 results for netId 126
03-13 16:11:04.683: I/MSM-irqbalance(2367): Decided to move IRQ3 from CPU2 [P:0] to CPU5 [P:1] (banned)
03-13 16:11:04.684: I/MSM-irqbalance(2367): Decided to move IRQ5 from CPU2 [P:0] to CPU6 [P:1] (banned)
03-13 16:11:04.684: I/MSM-irqbalance(2367): Decided to move IRQ3 from CPU3 [P:0] to CPU7 [P:1] (banned)
03-13 16:11:04.684: I/MSM-irqbalance(2367): Decided to move IRQ5 from CPU3 [P:0] to CPU4 [P:1] (banned)
03-13 16:11:04.684: I/MSM-irqbalance(2367): Decided to move IRQ3 from CPU0 [P:0] to CPU5 [P:1] (banned)
03-13 16:11:04.685: I/MSM-irqbalance(2367): Decided to move IRQ5 from CPU0 [P:0] to CPU6 [P:1] (banned)
03-13 16:11:04.685: I/MSM-irqbalance(2367): Decided to move IRQ3 from CPU1 [P:0] to CPU7 [P:1] (banned)
03-13 16:11:04.685: I/MSM-irqbalance(2367): Decided to move IRQ5 from CPU1 [P:0] to CPU4 [P:1] (banned)
03-13 16:11:05.202: I/ContentDownloadManager(5050): Up-to-date file is already available locally: EntrySpec[3834]
03-13 16:11:05.333: W/GamesServiceBroker(5050): Client connected with SDK 12605000, Services 12218448, and Games 55810048
03-13 16:11:05.346: W/AppOps(3188): Bad call: specified package com.google.android.play.games under uid 10168 but it is really 10144
03-13 16:11:05.346: W/AppOps(3188): java.lang.RuntimeException: here
03-13 16:11:05.346: W/AppOps(3188): 	at com.android.server.AppOpsService.getOpsRawLocked(AppOpsService.java:1379)
03-13 16:11:05.346: W/AppOps(3188): 	at com.android.server.AppOpsService.checkPackage(AppOpsService.java:1053)
03-13 16:11:05.346: W/AppOps(3188): 	at com.android.internal.app.IAppOpsService$Stub.onTransact(IAppOpsService.java:169)
03-13 16:11:05.346: W/AppOps(3188): 	at android.os.Binder.execTransact(Binder.java:565)
03-13 16:11:05.348: W/AppOps(3188): Bad call: specified package com.google.android.play.games under uid 10168 but it is really 10144
03-13 16:11:05.348: W/AppOps(3188): java.lang.RuntimeException: here
03-13 16:11:05.348: W/AppOps(3188): 	at com.android.server.AppOpsService.getOpsRawLocked(AppOpsService.java:1379)
03-13 16:11:05.348: W/AppOps(3188): 	at com.android.server.AppOpsService.checkPackage(AppOpsService.java:1053)
03-13 16:11:05.348: W/AppOps(3188): 	at com.android.internal.app.IAppOpsService$Stub.onTransact(IAppOpsService.java:169)
03-13 16:11:05.348: W/AppOps(3188): 	at android.os.Binder.execTransact(Binder.java:565)
03-13 16:11:05.390: E/ANDR-PERF-MPCTL(2262): Invalid profile no. 0, total profiles 0 only
03-13 16:11:05.475: I/Unity(6640): [RestorePurchaseHelper] Game restored: True
03-13 16:11:05.798: E/Volley(5050): [229] BasicNetwork.performRequest: Unexpected response code 404 for https://www.googleapis.com/drive/v2internal/files/1Qgec8Kv7Xn6GlAYfh-mX6RaW8p_Gg96rg00hQm5fzhpxkUfL?prettyPrint=false&fields=owners(isAuthenticatedUser,picture(url),displayName,permissionId,emailAddress),spaces,webContentLink,lastModifyingUser(isAuthenticatedUser,picture(url),displayName,permissionId,emailAddress),originalFilename,headRevisionId,fileExtension,id,recencyReason,folderColorRgb,version,webViewLink,indexableText(text),editable,gplusMedia,quotaBytesUsed,properties(key,value,appId,visibility),writersCanShare,sharedWithMeDate,explicitlyTrashed,shared,authorizedAppIds,parents(isRoot,id),thumbnailLink,creatorAppId,modifiedByMeDate,labels(restricted,trashed,starred,viewed),appDataContents,md5Checksum,localId(value,space,version),thumbnail(mimeType,image),ownerNames,sharingUser(isAuthenticatedUser,picture(url),displayName,permissionId,emailAddress),copyable,modifiedDate,userPermission(id,role,withLink,domain,name,additionalRoles,value,type,emailAddress,photoLink),etag,recency,createdDate,alternateLink,mimeType,lastViewedByMeDate,folderFeatures,description,title,fileSize,downloadUrl,embedLink,subscribed&acknowledgeAbuse=false&allProperties=true&fileScopeAppIds=57748583812&updateViewedDate=false
03-13 16:11:05.801: W/NetworkResponseErrorDec(5050): StatusCode:404 Reason:[notFound] Location:[file]
03-13 16:11:05.909: D/wpa_supplicant(4173): wlan0: Control interface command 'SIGNAL_POLL'
03-13 16:11:05.912: D/wpa_supplicant(4173): CTRL-DEBUG: global_ctrl_sock-sendto: sock=8 sndbuf=229376 outq=0 send_len=48
03-13 16:11:05.914: E/AsyncOperation(5050): serviceID=11, operation=ono
03-13 16:11:05.914: E/AsyncOperation(5050): OperationException[Status{statusCode=Drive item not found, or you are not authorized to access it., resolution=null}]
03-13 16:11:05.914: E/AsyncOperation(5050): 	at olm.l(com.google.android.gms@12218448@12.2.18 (448-186640880))
03-13 16:11:05.914: E/AsyncOperation(5050): 	at olm.b(com.google.android.gms@12218448@12.2.18 (448-186640880):9)
03-13 16:11:05.914: E/AsyncOperation(5050): 	at olm.b(com.google.android.gms@12218448@12.2.18 (448-186640880):13)
03-13 16:11:05.914: E/AsyncOperation(5050): 	at olm.a(com.google.android.gms@12218448@12.2.18 (448-186640880):126)
03-13 16:11:05.914: E/AsyncOperation(5050): 	at ono.b(com.google.android.gms@12218448@12.2.18 (448-186640880):9)
03-13 16:11:05.914: E/AsyncOperation(5050): 	at omk.a(com.google.android.gms@12218448@12.2.18 (448-186640880):16)
03-13 16:11:05.914: E/AsyncOperation(5050): 	at tul.run(com.google.android.gms@12218448@12.2.18 (448-186640880):18)
03-13 16:11:05.914: E/AsyncOperation(5050): 	at njk.run(com.google.android.gms@12218448@12.2.18 (448-186640880):26)
03-13 16:11:05.914: E/AsyncOperation(5050): 	at java.util.concurrent.ThreadPoolExecutor.runWorker(ThreadPoolExecutor.java:1133)
03-13 16:11:05.914: E/AsyncOperation(5050): 	at java.util.concurrent.ThreadPoolExecutor$Worker.run(ThreadPoolExecutor.java:607)
03-13 16:11:05.914: E/AsyncOperation(5050): 	at npg.run(com.google.android.gms@12218448@12.2.18 (448-186640880))
03-13 16:11:05.914: E/AsyncOperation(5050): 	at java.lang.Thread.run(Thread.java:761)
03-13 16:11:05.914: E/SnapshotAgent(5050): Conflict not found when resolving conflict DriveId:CAESMTFRZ2VjOEt2N1huNkdsQVlmaC1tWDZSYVc4cF9HZzk2cmcwMGhRbTVmemhweGtVZkwYpE0g1OnaMSgA
03-13 16:11:05.916: W/AppOps(3188): Bad call: specified package com.google.android.play.games under uid 10168 but it is really 10144
03-13 16:11:05.916: W/AppOps(3188): java.lang.RuntimeException: here
03-13 16:11:05.916: W/AppOps(3188): 	at com.android.server.AppOpsService.getOpsRawLocked(AppOpsService.java:1379)
03-13 16:11:05.916: W/AppOps(3188): 	at com.android.server.AppOpsService.checkPackage(AppOpsService.java:1053)
03-13 16:11:05.916: W/AppOps(3188): 	at com.android.internal.app.IAppOpsService$Stub.onTransact(IAppOpsService.java:169)
03-13 16:11:05.916: W/AppOps(3188): 	at android.os.Binder.execTransact(Binder.java:565)
03-13 16:11:05.918: W/AppOps(3188): Bad call: specified package com.google.android.play.games under uid 10168 but it is really 10144
03-13 16:11:05.918: W/AppOps(3188): java.lang.RuntimeException: here
03-13 16:11:05.918: W/AppOps(3188): 	at com.android.server.AppOpsService.getOpsRawLocked(AppOpsService.java:1379)
03-13 16:11:05.918: W/AppOps(3188): 	at com.android.server.AppOpsService.checkPackage(AppOpsService.java:1053)
03-13 16:11:05.918: W/AppOps(3188): 	at com.android.internal.app.IAppOpsService$Stub.onTransact(IAppOpsService.java:169)
03-13 16:11:05.918: W/AppOps(3188): 	at android.os.Binder.execTransact(Binder.java:565)
03-13 16:11:05.921: W/GamesNativeSDK(6640): Converting an invalid BaseStatus (ERROR_SNAPSHOT_CONFLICT_MISSING) to a ResponseStatus.
03-13 16:11:06.002: W/GamesServiceBroker(5050): Client connected with SDK 12605000, Services 12218448, and Games 55810048
03-13 16:11:06.054: W/ActivityManager(3188): Unable to start service Intent { act=com.google.android.gms.drive.ApiService.STOP cmp=com.google.android.gms/.drive.api.ApiService } U=0: not found
03-13 16:11:06.395: I/ContentDownloadManager(5050): Up-to-date file is already available locally: EntrySpec[3834]
03-13 16:11:06.523: W/GamesServiceBroker(5050): Client connected with SDK 12605000, Services 12218448, and Games 55810048
03-13 16:11:06.529: W/AppOps(3188): Bad call: specified package com.google.android.play.games under uid 10168 but it is really 10144
03-13 16:11:06.529: W/AppOps(3188): java.lang.RuntimeException: here
03-13 16:11:06.529: W/AppOps(3188): 	at com.android.server.AppOpsService.getOpsRawLocked(AppOpsService.java:1379)
03-13 16:11:06.529: W/AppOps(3188): 	at com.android.server.AppOpsService.checkPackage(AppOpsService.java:1053)
03-13 16:11:06.529: W/AppOps(3188): 	at com.android.internal.app.IAppOpsService$Stub.onTransact(IAppOpsService.java:169)
03-13 16:11:06.529: W/AppOps(3188): 	at android.os.Binder.execTransact(Binder.java:565)
03-13 16:11:06.530: W/AppOps(3188): Bad call: specified package com.google.android.play.games under uid 10168 but it is really 10144
03-13 16:11:06.530: W/AppOps(3188): java.lang.RuntimeException: here
03-13 16:11:06.530: W/AppOps(3188): 	at com.android.server.AppOpsService.getOpsRawLocked(AppOpsService.java:1379)
03-13 16:11:06.530: W/AppOps(3188): 	at com.android.server.AppOpsService.checkPackage(AppOpsService.java:1053)
03-13 16:11:06.530: W/AppOps(3188): 	at com.android.internal.app.IAppOpsService$Stub.onTransact(IAppOpsService.java:169)
03-13 16:11:06.530: W/AppOps(3188): 	at android.os.Binder.execTransact(Binder.java:565)
03-13 16:11:06.927: I/ContentDownloadManager(5050): Up-to-date file is already available locally: EntrySpec[3834]
03-13 16:11:07.072: V/eagle(2846): eagle pipeline proc call 213000 (size =1920, inCh=3, outCh=3, android fmt in=5, out=3) ret 0 
03-13 16:11:07.076: W/GamesServiceBroker(5050): Client connected with SDK 12605000, Services 12218448, and Games 55810048
03-13 16:11:07.079: W/AppOps(3188): Bad call: specified package com.google.android.play.games under uid 10168 but it is really 10144
03-13 16:11:07.079: W/AppOps(3188): java.lang.RuntimeException: here
03-13 16:11:07.079: W/AppOps(3188): 	at com.android.server.AppOpsService.getOpsRawLocked(AppOpsService.java:1379)
03-13 16:11:07.079: W/AppOps(3188): 	at com.android.server.AppOpsService.checkPackage(AppOpsService.java:1053)
03-13 16:11:07.079: W/AppOps(3188): 	at com.android.internal.app.IAppOpsService$Stub.onTransact(IAppOpsService.java:169)
03-13 16:11:07.079: W/AppOps(3188): 	at android.os.Binder.execTransact(Binder.java:565)
03-13 16:11:07.080: W/AppOps(3188): Bad call: specified package com.google.android.play.games under uid 10168 but it is really 10144
03-13 16:11:07.080: W/AppOps(3188): java.lang.RuntimeException: here
03-13 16:11:07.080: W/AppOps(3188): 	at com.android.server.AppOpsService.getOpsRawLocked(AppOpsService.java:1379)
03-13 16:11:07.080: W/AppOps(3188): 	at com.android.server.AppOpsService.checkPackage(AppOpsService.java:1053)
03-13 16:11:07.080: W/AppOps(3188): 	at com.android.internal.app.IAppOpsService$Stub.onTransact(IAppOpsService.java:169)
03-13 16:11:07.080: W/AppOps(3188): 	at android.os.Binder.execTransact(Binder.java:565)
03-13 16:11:07.717: E/ANDR-PERF-MPCTL(2262): Invalid profile no. 0, total profiles 0 only
03-13 16:11:08.039: D/NetworkController.WifiSignalController(4222): Change in state from: connected=true,enabled=true,level=4,inetCondition=1,iconGroup=IconGroup(Wi-Fi Icons),activityIn=true,activityOut=true,rssi=-61,lastModified=03-13 04:11:02,ssid="Aquiris"
03-13 16:11:08.039: D/NetworkController.WifiSignalController(4222): 	to: connected=true,enabled=true,level=4,inetCondition=1,iconGroup=IconGroup(Wi-Fi Icons),activityIn=true,activityOut=false,rssi=-61,lastModified=03-13 04:11:02,ssid="Aquiris"
03-13 16:11:08.040: D/SignalClusterView(4222): vpn: GONE
03-13 16:11:08.040: D/SignalClusterView(4222): ethernet: GONE sig=0 inout=0
03-13 16:11:08.040: D/SignalClusterView(4222): wifi: VISIBLE sig=2130838974 inout=2130838944
03-13 16:11:08.041: D/SignalClusterView(4222): wigig: GONE sig=2130838981 inout=2130838946
03-13 16:11:08.043: D/SignalClusterView(4222): mobile: VISIBLE sig=2130838940 typ=0 inout=0c
03-13 16:11:08.043: D/SignalClusterView(4222): vpn: GONE
03-13 16:11:08.043: D/SignalClusterView(4222): ethernet: GONE sig=0 inout=0
03-13 16:11:08.044: D/SignalClusterView(4222): wifi: VISIBLE sig=2130838974 inout=2130838944
03-13 16:11:08.044: D/SignalClusterView(4222): wigig: GONE sig=2130838981 inout=2130838946
03-13 16:11:08.046: D/SignalClusterView(4222): mobile: VISIBLE sig=2130838940 typ=0 inout=0c
03-13 16:11:08.945: D/wpa_supplicant(4173): wlan0: Control interface command 'SIGNAL_POLL'
03-13 16:11:08.949: D/wpa_supplicant(4173): CTRL-DEBUG: global_ctrl_sock-sendto: sock=8 sndbuf=229376 outq=0 send_len=48
03-13 16:11:09.681: I/MSM-irqbalance(2367): Decided to move IRQ3 from CPU2 [P:0] to CPU6 [P:1] (banned)
03-13 16:11:09.682: I/MSM-irqbalance(2367): Decided to move IRQ5 from CPU2 [P:0] to CPU5 [P:1] (banned)
03-13 16:11:09.682: I/MSM-irqbalance(2367): Decided to move IRQ3 from CPU3 [P:0] to CPU7 [P:1] (banned)
03-13 16:11:09.683: I/MSM-irqbalance(2367): Decided to move IRQ5 from CPU3 [P:0] to CPU4 [P:1] (banned)
03-13 16:11:09.683: I/MSM-irqbalance(2367): Decided to move IRQ3 from CPU0 [P:0] to CPU6 [P:1] (banned)
03-13 16:11:09.683: I/MSM-irqbalance(2367): Decided to move IRQ5 from CPU0 [P:0] to CPU5 [P:1] (banned)
03-13 16:11:09.684: I/MSM-irqbalance(2367): Decided to move IRQ3 from CPU1 [P:0] to CPU7 [P:1] (banned)
03-13 16:11:09.684: I/MSM-irqbalance(2367): Decided to move IRQ5 from CPU1 [P:0] to CPU4 [P:1] (banned)
03-13 16:11:09.901: E/ANDR-PERF-MPCTL(2262): Invalid profile no. 0, total profiles 0 only
03-13 16:11:10.044: D/NetworkController.WifiSignalController(4222): Change in state from: connected=true,enabled=true,level=4,inetCondition=1,iconGroup=IconGroup(Wi-Fi Icons),activityIn=true,activityOut=false,rssi=-61,lastModified=03-13 04:11:08,ssid="Aquiris"
03-13 16:11:10.044: D/NetworkController.WifiSignalController(4222): 	to: connected=true,enabled=true,level=4,inetCondition=1,iconGroup=IconGroup(Wi-Fi Icons),activityIn=true,activityOut=true,rssi=-61,lastModified=03-13 04:11:08,ssid="Aquiris"
03-13 16:11:10.044: D/SignalClusterView(4222): vpn: GONE
03-13 16:11:10.045: D/SignalClusterView(4222): ethernet: GONE sig=0 inout=0
03-13 16:11:10.045: D/SignalClusterView(4222): wifi: VISIBLE sig=2130838974 inout=2130838945
03-13 16:11:10.046: D/SignalClusterView(4222): wigig: GONE sig=2130838981 inout=2130838946
03-13 16:11:10.048: D/SignalClusterView(4222): mobile: VISIBLE sig=2130838940 typ=0 inout=0c
03-13 16:11:10.048: D/SignalClusterView(4222): vpn: GONE
03-13 16:11:10.049: D/SignalClusterView(4222): ethernet: GONE sig=0 inout=0
03-13 16:11:10.049: D/SignalClusterView(4222): wifi: VISIBLE sig=2130838974 inout=2130838945
03-13 16:11:10.050: D/SignalClusterView(4222): wigig: GONE sig=2130838981 inout=2130838946
03-13 16:11:10.051: D/SignalClusterView(4222): mobile: VISIBLE sig=2130838940 typ=0 inout=0c
03-13 16:11:10.384: V/GamesNativeSDK(6640): Detaching from JVM on thread main_dispatch
03-13 16:11:10.570: V/GamesNativeSDK(6640): Snapshot was not committed, discarding.
03-13 16:11:10.571: V/GamesNativeSDK(6640): Snapshot was not committed, discarding.
03-13 16:11:10.571: V/GamesNativeSDK(6640): Snapshot was not committed, discarding.
03-13 16:11:10.571: V/GamesNativeSDK(6640): Attached to JVM on thread main_dispatch
03-13 16:11:10.576: V/GamesNativeSDK(6640): Snapshot discard complete.
03-13 16:11:10.655: E/GamesNativeSDK(6640): Exception in com/google/android/gms/games/snapshot/Snapshots.discardAndClose: java.lang.NullPointerException: Attempt to invoke interface method 'boolean com.google.android.gms.games.snapshot.SnapshotContents.isClosed()' on a null object reference.
03-13 16:11:10.655: V/GamesNativeSDK(6640): Snapshot discard complete.
03-13 16:11:10.660: V/GamesNativeSDK(6640): Snapshot discard complete.
03-13 16:11:11.944: E/ANDR-PERF-MPCTL(2262): Invalid profile no. 0, total profiles 0 only
03-13 16:11:11.978: D/wpa_supplicant(4173): wlan0: Control interface command 'SIGNAL_POLL'
03-13 16:11:11.993: D/wpa_supplicant(4173): CTRL-DEBUG: global_ctrl_sock-sendto: sock=8 sndbuf=229376 outq=0 send_len=48
03-13 16:11:13.048: D/NetworkController.WifiSignalController(4222): Change in state from: connected=true,enabled=true,level=4,inetCondition=1,iconGroup=IconGroup(Wi-Fi Icons),activityIn=true,activityOut=true,rssi=-61,lastModified=03-13 04:11:10,ssid="Aquiris"
03-13 16:11:13.048: D/NetworkController.WifiSignalController(4222): 	to: connected=true,enabled=true,level=4,inetCondition=1,iconGroup=IconGroup(Wi-Fi Icons),activityIn=true,activityOut=false,rssi=-61,lastModified=03-13 04:11:10,ssid="Aquiris"
03-13 16:11:13.048: D/SignalClusterView(4222): vpn: GONE
03-13 16:11:13.048: D/SignalClusterView(4222): ethernet: GONE sig=0 inout=0
03-13 16:11:13.049: D/SignalClusterView(4222): wifi: VISIBLE sig=2130838974 inout=2130838944
03-13 16:11:13.049: D/SignalClusterView(4222): wigig: GONE sig=2130838981 inout=2130838946
03-13 16:11:13.051: D/SignalClusterView(4222): mobile: VISIBLE sig=2130838940 typ=0 inout=0c
03-13 16:11:13.051: D/SignalClusterView(4222): vpn: GONE
03-13 16:11:13.051: D/SignalClusterView(4222): ethernet: GONE sig=0 inout=0
03-13 16:11:13.052: D/SignalClusterView(4222): wifi: VISIBLE sig=2130838974 inout=2130838944
03-13 16:11:13.052: D/SignalClusterView(4222): wigig: GONE sig=2130838981 inout=2130838946
03-13 16:11:13.054: D/SignalClusterView(4222): mobile: VISIBLE sig=2130838940 typ=0 inout=0c
03-13 16:11:13.602: E/IzatSvc_PassiveLocListener(3188): E/Exiting with error virtual void izat_manager::IzatPassiveLocationListener::onLocationChanged(const izat_manager::IzatLocation *, const IzatLocationStatus) line 172 "1"
03-13 16:11:14.050: D/NetworkController.WifiSignalController(4222): Change in state from: connected=true,enabled=true,level=4,inetCondition=1,iconGroup=IconGroup(Wi-Fi Icons),activityIn=true,activityOut=false,rssi=-61,lastModified=03-13 04:11:13,ssid="Aquiris"
03-13 16:11:14.050: D/NetworkController.WifiSignalController(4222): 	to: connected=true,enabled=true,level=4,inetCondition=1,iconGroup=IconGroup(Wi-Fi Icons),activityIn=false,activityOut=false,rssi=-61,lastModified=03-13 04:11:13,ssid="Aquiris"
03-13 16:11:14.050: D/SignalClusterView(4222): vpn: GONE
03-13 16:11:14.051: D/SignalClusterView(4222): ethernet: GONE sig=0 inout=0
03-13 16:11:14.052: D/SignalClusterView(4222): wifi: VISIBLE sig=2130838974 inout=2130838946
03-13 16:11:14.052: D/SignalClusterView(4222): wigig: GONE sig=2130838981 inout=2130838946
03-13 16:11:14.054: D/SignalClusterView(4222): mobile: VISIBLE sig=2130838940 typ=0 inout=0c
03-13 16:11:14.054: D/SignalClusterView(4222): vpn: GONE
03-13 16:11:14.054: D/SignalClusterView(4222): ethernet: GONE sig=0 inout=0
03-13 16:11:14.055: D/SignalClusterView(4222): wifi: VISIBLE sig=2130838974 inout=2130838946
03-13 16:11:14.056: D/SignalClusterView(4222): wigig: GONE sig=2130838981 inout=2130838946
03-13 16:11:14.058: D/SignalClusterView(4222): mobile: VISIBLE sig=2130838940 typ=0 inout=0c
03-13 16:11:14.681: I/MSM-irqbalance(2367): Decided to move IRQ3 from CPU2 [P:0] to CPU6 [P:1] (banned)
03-13 16:11:14.682: I/MSM-irqbalance(2367): Decided to move IRQ5 from CPU2 [P:0] to CPU5 [P:1] (banned)
03-13 16:11:14.682: I/MSM-irqbalance(2367): Decided to move IRQ3 from CPU3 [P:0] to CPU7 [P:1] (banned)
03-13 16:11:14.683: I/MSM-irqbalance(2367): Decided to move IRQ5 from CPU3 [P:0] to CPU4 [P:1] (banned)
03-13 16:11:14.683: I/MSM-irqbalance(2367): Decided to move IRQ3 from CPU0 [P:0] to CPU6 [P:1] (banned)
03-13 16:11:14.684: I/MSM-irqbalance(2367): Decided to move IRQ5 from CPU0 [P:0] to CPU5 [P:1] (banned)
03-13 16:11:14.684: I/MSM-irqbalance(2367): Decided to move IRQ3 from CPU1 [P:0] to CPU7 [P:1] (banned)
03-13 16:11:14.686: I/MSM-irqbalance(2367): Decided to move IRQ5 from CPU1 [P:0] to CPU4 [P:1] (banned)
03-13 16:11:15.027: D/wpa_supplicant(4173): wlan0: Control interface command 'SIGNAL_POLL'
03-13 16:11:15.039: D/wpa_supplicant(4173): CTRL-DEBUG: global_ctrl_sock-sendto: sock=8 sndbuf=229376 outq=0 send_len=48
03-13 16:11:15.052: D/NetworkController.WifiSignalController(4222): Change in state from: connected=true,enabled=true,level=4,inetCondition=1,iconGroup=IconGroup(Wi-Fi Icons),activityIn=false,activityOut=false,rssi=-61,lastModified=03-13 04:11:14,ssid="Aquiris"
03-13 16:11:15.052: D/NetworkController.WifiSignalController(4222): 	to: connected=true,enabled=true,level=4,inetCondition=1,iconGroup=IconGroup(Wi-Fi Icons),activityIn=true,activityOut=false,rssi=-61,lastModified=03-13 04:11:14,ssid="Aquiris"
03-13 16:11:15.052: D/SignalClusterView(4222): vpn: GONE
03-13 16:11:15.052: D/SignalClusterView(4222): ethernet: GONE sig=0 inout=0
03-13 16:11:15.053: D/SignalClusterView(4222): wifi: VISIBLE sig=2130838974 inout=2130838944
03-13 16:11:15.054: D/SignalClusterView(4222): wigig: GONE sig=2130838981 inout=2130838946
03-13 16:11:15.055: D/SignalClusterView(4222): mobile: VISIBLE sig=2130838940 typ=0 inout=0c
03-13 16:11:15.056: D/SignalClusterView(4222): vpn: GONE
03-13 16:11:15.056: D/SignalClusterView(4222): ethernet: GONE sig=0 inout=0
03-13 16:11:15.057: D/SignalClusterView(4222): wifi: VISIBLE sig=2130838974 inout=2130838944
03-13 16:11:15.057: D/SignalClusterView(4222): wigig: GONE sig=2130838981 inout=2130838946
03-13 16:11:15.059: D/SignalClusterView(4222): mobile: VISIBLE sig=2130838940 typ=0 inout=0c
03-13 16:11:15.449: E/ANDR-PERF-MPCTL(2262): Invalid profile no. 0, total profiles 0 only
03-13 16:11:15.661: V/GamesNativeSDK(6640): Detaching from JVM on thread main_dispatch
03-13 16:11:16.232: W/LogHelper(10529): type=1400 audit(0.0:339): avc: denied { read } for name="mem" dev="debugfs" ino=52184 scontext=u:r:priv_app:s0:c512,c768 tcontext=u:object_r:debugfs:s0 tclass=file permissive=0
03-13 16:11:16.232: W/LogHelper(10529): type=1400 audit(0.0:340): avc: denied { read } for name="mem" dev="debugfs" ino=52184 scontext=u:r:priv_app:s0:c512,c768 tcontext=u:object_r:debugfs:s0 tclass=file permissive=0
03-13 16:11:16.245: I/e(5157): {"total_pss":68113,"total_uss":47036,"dalvikPrivateClean":0,"dalvikPrivateDirty":18420,"dalvikPss":18465,"dalvikSharedClean":0,"dalvikSharedDirty":1428,"nativePrivateClean":0,"nativePrivateDirty":16204,"nativePss":16420,"nativeSharedClean":0,"nativeSharedDirty":1752,"nativeSwappablePss":0,"nativeSwappedOut":5224,"otherPrivateClean":3316,"otherPrivateDirty":9096,"otherPss":18587,"time":1520967976005}
03-13 16:11:17.613: V/ReflectionMethods(4222): ========ReflectionMethods.getAsusLevel = 4 ========
03-13 16:11:17.613: D/NetworkController.MobileSignalController(1)(4222): onSignalStrengthsChanged signalStrength=SignalStrength: 99 0 0 -120 -160 -120 -1 -1 15 -107 -12 96 2147483647 2147483647 gsm|lte level=4
03-13 16:11:17.613: D/NetworkController.MobileSignalController(1)(4222): updateTelephonySignalStrength: hasService=true ss=SignalStrength: 99 0 0 -120 -160 -120 -1 -1 15 -107 -12 96 2147483647 2147483647 gsm|lte
03-13 16:11:17.617: D/PhoneInterfaceManager(4428): isWifiCallingAvailable: sub Id : 1
03-13 16:11:17.618: D/NetworkController.MobileSignalController(1)(4222): isWifiCallingAvailable=false
03-13 16:11:17.620: D/PhoneInterfaceManager(4428): isVolteAvailable: sub Id : 1
03-13 16:11:17.621: V/ReflectionMethods(4222): ========ReflectionMethods.getVolteAvailable = false ===============
03-13 16:11:17.626: D/PhoneInterfaceManager(4428): isVideoTelephonyAvailable: sub Id : 1
03-13 16:11:17.627: V/ReflectionMethods(4222): ========ReflectionMethods.getVideoTelephonyAvailable = false ===============
03-13 16:11:18.058: D/NetworkController.WifiSignalController(4222): Change in state from: connected=true,enabled=true,level=4,inetCondition=1,iconGroup=IconGroup(Wi-Fi Icons),activityIn=true,activityOut=false,rssi=-61,lastModified=03-13 04:11:15,ssid="Aquiris"
03-13 16:11:18.058: D/NetworkController.WifiSignalController(4222): 	to: connected=true,enabled=true,level=4,inetCondition=1,iconGroup=IconGroup(Wi-Fi Icons),activityIn=false,activityOut=false,rssi=-61,lastModified=03-13 04:11:15,ssid="Aquiris"
03-13 16:11:18.058: D/SignalClusterView(4222): vpn: GONE
03-13 16:11:18.059: D/SignalClusterView(4222): ethernet: GONE sig=0 inout=0
03-13 16:11:18.059: D/SignalClusterView(4222): wifi: VISIBLE sig=2130838974 inout=2130838946
03-13 16:11:18.060: D/SignalClusterView(4222): wigig: GONE sig=2130838981 inout=2130838946
03-13 16:11:18.062: D/SignalClusterView(4222): mobile: VISIBLE sig=2130838940 typ=0 inout=0c
03-13 16:11:18.062: D/SignalClusterView(4222): vpn: GONE
03-13 16:11:18.063: D/SignalClusterView(4222): ethernet: GONE sig=0 inout=0
03-13 16:11:18.067: D/SignalClusterView(4222): wifi: VISIBLE sig=2130838974 inout=2130838946
03-13 16:11:18.070: D/SignalClusterView(4222): wigig: GONE sig=2130838981 inout=2130838946
03-13 16:11:18.072: D/SignalClusterView(4222): mobile: VISIBLE sig=2130838940 typ=0 inout=0c
03-13 16:11:18.073: D/wpa_supplicant(4173): wlan0: Control interface command 'SIGNAL_POLL'
03-13 16:11:18.085: D/wpa_supplicant(4173): CTRL-DEBUG: global_ctrl_sock-sendto: sock=8 sndbuf=229376 outq=0 send_len=48
: E/(): Device disconnected
