03-13 16:10:34.162: I/Launcher_click(5157): DragLayer onInterceptTouchEvent: MotionEvent { action=ACTION_DOWN, actionButton=0, id[0]=0, x[0]=508.52914, y[0]=195.89796, toolType[0]=TOOL_TYPE_FINGER, buttonState=0, metaState=0, flags=0x0, edgeFlags=0x0, pointerCount=1, historySize=0, eventTime=25241143, downTime=25241143, deviceId=9, source=0x1002 }
03-13 16:10:34.163: E/ANDR-PERF-MPCTL(2262): Invalid profile no. 0, total profiles 0 only
03-13 16:10:34.163: I/Launcher_click(5157): Workspace onInterceptTouchEvent: MotionEvent { action=ACTION_DOWN, actionButton=0, id[0]=0, x[0]=3757.529, y[0]=1761.898, toolType[0]=TOOL_TYPE_FINGER, buttonState=0, metaState=0, flags=0x0, edgeFlags=0x0, pointerCount=1, historySize=0, eventTime=25241143, downTime=25241143, deviceId=9, source=0x1002 }
03-13 16:10:34.163: I/Launcher_click(5157): CellLayout onInterceptTouchEvent: MotionEvent { action=ACTION_DOWN, actionButton=0, id[0]=0, x[0]=488.52914, y[0]=98.897964, toolType[0]=TOOL_TYPE_FINGER, buttonState=0, metaState=0, flags=0x0, edgeFlags=0x0, pointerCount=1, historySize=0, eventTime=25241143, downTime=25241143, deviceId=9, source=0x1002 }
03-13 16:10:34.164: I/Launcher_click(5157): ShortcutAndWidgetContainer onInterceptTouchEvent: MotionEvent { action=ACTION_DOWN, actionButton=0, id[0]=0, x[0]=488.52914, y[0]=98.897964, toolType[0]=TOOL_TYPE_FINGER, buttonState=0, metaState=0, flags=0x0, edgeFlags=0x0, pointerCount=1, historySize=0, eventTime=25241143, downTime=25241143, deviceId=9, source=0x1002 }
03-13 16:10:34.164: I/Launcher_click(5157): CompoundIcon onInterceptTouchEvent: MotionEvent { action=ACTION_DOWN, actionButton=0, id[0]=0, x[0]=72.529144, y[0]=98.897964, toolType[0]=TOOL_TYPE_FINGER, buttonState=0, metaState=0, flags=0x0, edgeFlags=0x0, pointerCount=1, historySize=0, eventTime=25241143, downTime=25241143, deviceId=9, source=0x1002 }
03-13 16:10:34.164: I/Launcher_click(5157): BubbleTextView onTouchEvent: MotionEvent { action=ACTION_DOWN, actionButton=0, id[0]=0, x[0]=65.529144, y[0]=91.897964, toolType[0]=TOOL_TYPE_FINGER, buttonState=0, metaState=0, flags=0x0, edgeFlags=0x0, pointerCount=1, historySize=0, eventTime=25241143, downTime=25241143, deviceId=9, source=0x1002 }
03-13 16:10:34.181: I/Launcher_click(5157): CompoundIcon onTouchEvent: MotionEvent { action=ACTION_DOWN, actionButton=0, id[0]=0, x[0]=72.529144, y[0]=98.897964, toolType[0]=TOOL_TYPE_FINGER, buttonState=0, metaState=0, flags=0x0, edgeFlags=0x0, pointerCount=1, historySize=0, eventTime=25241143, downTime=25241143, deviceId=9, source=0x1002 }
03-13 16:10:34.194: I/Launcher_click(5157): DragLayer onInterceptTouchEvent: MotionEvent { action=ACTION_UP, actionButton=0, id[0]=0, x[0]=508.52914, y[0]=195.89796, toolType[0]=TOOL_TYPE_FINGER, buttonState=0, metaState=0, flags=0x0, edgeFlags=0x0, pointerCount=1, historySize=0, eventTime=25241176, downTime=25241143, deviceId=9, source=0x1002 }
03-13 16:10:34.194: I/Launcher_click(5157): Workspace onInterceptTouchEvent: MotionEvent { action=ACTION_UP, actionButton=0, id[0]=0, x[0]=3757.529, y[0]=1761.898, toolType[0]=TOOL_TYPE_FINGER, buttonState=0, metaState=0, flags=0x0, edgeFlags=0x0, pointerCount=1, historySize=0, eventTime=25241176, downTime=25241143, deviceId=9, source=0x1002 }
03-13 16:10:34.194: I/Launcher_click(5157): CellLayout onInterceptTouchEvent: MotionEvent { action=ACTION_UP, actionButton=0, id[0]=0, x[0]=488.52914, y[0]=98.897964, toolType[0]=TOOL_TYPE_FINGER, buttonState=0, metaState=0, flags=0x0, edgeFlags=0x0, pointerCount=1, historySize=0, eventTime=25241176, downTime=25241143, deviceId=9, source=0x1002 }
03-13 16:10:34.194: I/Launcher_click(5157): ShortcutAndWidgetContainer onInterceptTouchEvent: MotionEvent { action=ACTION_UP, actionButton=0, id[0]=0, x[0]=488.52914, y[0]=98.897964, toolType[0]=TOOL_TYPE_FINGER, buttonState=0, metaState=0, flags=0x0, edgeFlags=0x0, pointerCount=1, historySize=0, eventTime=25241176, downTime=25241143, deviceId=9, source=0x1002 }
03-13 16:10:34.195: I/Launcher_click(5157): CompoundIcon onTouchEvent: MotionEvent { action=ACTION_UP, actionButton=0, id[0]=0, x[0]=72.529144, y[0]=98.897964, toolType[0]=TOOL_TYPE_FINGER, buttonState=0, metaState=0, flags=0x0, edgeFlags=0x0, pointerCount=1, historySize=0, eventTime=25241176, downTime=25241143, deviceId=9, source=0x1002 }
03-13 16:10:34.210: I/Launcher_click(5157): Launcher onClick Shortcut
03-13 16:10:34.212: I/ActivityManager(3188): START u0 {act=android.intent.action.MAIN cat=[android.intent.category.LAUNCHER] flg=0x10200000 pkg=com.aquiris.horizonchase cmp=com.aquiris.horizonchase/com.unity3d.player.UnityPlayerActivity bnds=[436,97][644,395] (has extras)} from uid 10009 on display 0
03-13 16:10:34.218: I/QTI PowerHAL(3188): Got wifi_hint
03-13 16:10:34.220: I/InputDispatcher(3188): Window 'Window{1e2a689 u0 com.asus.launcher/com.android.launcher3.Launcher}' spent 7.0ms processing input events on average(0/4). Monitor spent 3.1ms processing input events on average(0/2). Window input events down spent 12.8ms on average (0/2). Window input events up spent 1.1ms on average (0/2). Monitor input events down spent 5.3ms on average (0/1). Monitor input events up spent 1.0ms on average (0/1).
03-13 16:10:34.220: D/ActivityTrigger(3188): ActivityTrigger activityPauseTrigger 
03-13 16:10:34.224: V/ActivityCategoryHelper(5157): takes: 0
03-13 16:10:34.224: D/LauncherLog(5157): Launcher onPause Begin
03-13 16:10:34.224: D/LauncherLog(5157): Launcher onPause End
03-13 16:10:34.226: D/ActivityManager(3188): [MemInfo] Process does not exist before starting ActivityRecord{ea24d00 u0 com.aquiris.horizonchase/com.unity3d.player.UnityPlayerActivity t691}. System free memory=1374064640
03-13 16:10:34.233: D/LauncherLog(5157): Launcher:: startActivity: pkg: com.aquiris.horizonchase clz: com.unity3d.player.UnityPlayerActivity user: null
03-13 16:10:34.237: I/ActivityManager(3188): Start proc 6640:com.aquiris.horizonchase/u0a168 for activity com.aquiris.horizonchase/com.unity3d.player.UnityPlayerActivity duration: 11
03-13 16:10:34.237: V/BoostFramework(3188): BoostFramework() : mPerf = com.qualcomm.qti.Performance@21b9671
03-13 16:10:34.239: D/ActivityManager(3188): [MemInfo] Process does not exist before starting ActivityRecord{ea24d00 u0 com.aquiris.horizonchase/com.unity3d.player.UnityPlayerActivity t691}. System free memory=1374195712
03-13 16:10:34.240: V/Launcher(5157): [onWindowFocusChanged]: false, takes: 0ms
03-13 16:10:34.250: W/WindowOrientationListener(3188): setCurrentRotation(1)
03-13 16:10:34.270: D/WindowManager(3188): adjustConfigurationLw, config:{0 0.0 ?mcc?mnc ?localeList ?layoutDir sw423dp w752dp h399dp 408dpi nrml long land ?uimode ?night finger -keyb/v/h -nav/v} mLidState:-1 mHasDockFeature:false mHasKeyboardFeature:false mHasHallSensorFeature:false config.hardKeyboardHidden:2
03-13 16:10:34.270: I/ActivityManager(3188): Config changes=480 {0 0.85 724mcc4mnc [pt_BR] ldltr sw423dp w752dp h399dp 408dpi nrml long land finger -keyb/v/h -nav/h s.128}
03-13 16:10:34.300: I/AlwaysOn:AlwaysOnApplication(4505): Application onConfigurationChanged(): orientation=2
03-13 16:10:34.301: I/AlwaysOn:Agent(4505):  checkConfigurationChanged(): other configurations (old={0 0.85 724mcc4mnc [pt_BR] ldltr sw423dp w423dp h729dp 408dpi nrml long port finger -keyb/v/h -nav/h s.127}  -->  new={0 0.85 724mcc4mnc [pt_BR] ldltr sw423dp w752dp h399dp 408dpi nrml long land finger -keyb/v/h -nav/h s.128}) ...
03-13 16:10:34.301: D/AlwaysOn:Agent(4505):  handleUiMessage_CreateNewViewManager():  ...
03-13 16:10:34.302: D/Launcher.Utilities(5157): isPhone= true
03-13 16:10:34.302: D/FontUtils(5157): getSavedDisplaySettingsFontScale: 0.85
03-13 16:10:34.302: D/FontUtils(5157): getSavedDisplaySettingsFontScale: 0.85
03-13 16:10:34.302: D/FontUtils(5157): checkAndGetSavedFontScale, Latest saved displaySettings fontscale: 0.85, current displaySettings fontscale: 0.85, AsusEzmodeStatus(0 is disabled): 0
03-13 16:10:34.302: D/AlwaysOn:CommonUtils(4505):  get always on. (result=false) ...
03-13 16:10:34.302: D/FontUtils(5157): current Launcher saved fontscale: 0.85
03-13 16:10:34.304: I/LauncherApplication(5157): isSystemFontChanged: false
03-13 16:10:34.304: D/FontUtils(5157): current Launcher saved fontscale: 0.85
03-13 16:10:34.305: D/WindowManager(3188): adjustConfigurationLw, config:{0 0.85 724mcc4mnc [pt_BR] ldltr sw423dp w752dp h399dp 408dpi nrml long land finger -keyb/v/h -nav/v s.128} mLidState:-1 mHasDockFeature:false mHasKeyboardFeature:false mHasHallSensorFeature:false config.hardKeyboardHidden:2
03-13 16:10:34.306: D/Launcher.Utilities(5157): Screen density does not change, it's not display size change.
03-13 16:10:34.306: D/LauncherLog(5157): LauncherModel changeWorkThread - set sWorker : sPHONEWorkerThread
03-13 16:10:34.307: D/LauncherLog(5157): LauncherProvier - getDatabase: normal-launcher.db
03-13 16:10:34.315: V/ReflectionMethods(4222): ========ReflectionMethods.isFlipfontSupport = true ===============
03-13 16:10:34.316: V/ReflectionMethods(4222): ========ReflectionMethods.isFlipfontSupport = true ===============
03-13 16:10:34.325: I/EmojiSearchExtension(4175): onDestroy()
03-13 16:10:34.325: I/EmojiSearchExtension(4175): onDeactivate()
03-13 16:10:34.351: I/GoogleInputMethod(4175): onStartInput() : Dummy InputConnection bound
03-13 16:10:34.355: I/DeviceIdleController(3188): becomeActiveLocked, reason = screen
03-13 16:10:34.358: I/InputReader(3188): Reconfiguring input devices.  changes=0x00000004
03-13 16:10:34.358: I/InputReader(3188): Device reconfigured: id=7, name='fts_cap', size 1080x1920, orientation 1, mode 1, display id 0
03-13 16:10:34.358: D/AlwaysOnController(3188): onDisplayChanged. newDisplayState=ON
03-13 16:10:34.358: I/InputReader(3188): Device reconfigured: id=9, name='fts_tstouch', size 1080x1920, orientation 1, mode 1, display id 0
03-13 16:10:34.360: V/ReflectionMethods(4222): ========ReflectionMethods.isFlipfontSupport = true ===============
03-13 16:10:34.360: V/ReflectionMethods(4222): ========ReflectionMethods.isFlipfontSupport = true ===============
03-13 16:10:34.365: I/PBSessionCacheImpl(5256): Deleted sessionId[3038866041761] from persistence.
03-13 16:10:34.370: I/art(6640): Starting a blocking GC AddRemoveAppImageSpace
03-13 16:10:34.376: D/Telecom(3188): [TELECOM][AsusTelecomReceiver]: AsusTelecomReceiver: onReceive()...action = android.intent.action.CONFIGURATION_CHANGED
03-13 16:10:34.377: D/Launcher.Model(5157): onReceive intent=Intent { act=android.intent.action.CONFIGURATION_CHANGED flg=0x70000010 }
03-13 16:10:34.381: D/keyguard(4222): AsusDeviceModeManager:DB EasyMode: false  isEasyMode: false
03-13 16:10:34.381: D/keyguard(4222): AsusEasyModeManager:shouldDoEffect KeyguardVisbile: false, EasyMode: false, Expanded: false
03-13 16:10:34.381: D/keyguard(4222): AsusEasyModeManager:updateBlurEffect()  should: false mBluring: false
03-13 16:10:34.379: E/AndroidIME(4175): com.google.android.apps.inputmethod.libs.framework.core.KeyboardType: name should not be empty
03-13 16:10:34.394: W/SearchService(5256): Abort, client detached.
03-13 16:10:34.396: V/ReflectionMethods(4222): ========ReflectionMethods.isFlipfontSupport = true ===============
03-13 16:10:34.396: V/ReflectionMethods(4222): ========ReflectionMethods.isFlipfontSupport = true ===============
03-13 16:10:34.396: V/ReflectionMethods(4222): ========ReflectionMethods.isFlipfontSupport = true ===============
03-13 16:10:34.396: V/ReflectionMethods(4222): ========ReflectionMethods.isFlipfontSupport = true ===============
03-13 16:10:34.396: V/ReflectionMethods(4222): ========ReflectionMethods.isFlipfontSupport = true ===============
03-13 16:10:34.396: V/ReflectionMethods(4222): ========ReflectionMethods.isFlipfontSupport = true ===============
03-13 16:10:34.396: D/NetworkController.MobileSignalController(1)(4222): updateTelephonySignalStrength: hasService=true ss=SignalStrength: 99 0 0 -120 -160 -120 -1 -1 13 -105 -8 98 2147483647 2147483647 gsm|lte
03-13 16:10:34.397: I/keyguard(4222): AsusMediator:onConfigurationChanged:{0 0.85 724mcc4mnc [pt_BR] ldltr sw423dp w752dp h399dp 408dpi nrml long land finger -keyb/v/h -nav/h s.128}
03-13 16:10:34.397: I/keyguard(4222): AsusSlideshowManager:onConfigurationChanged
03-13 16:10:34.397: I/keyguard(4222): SlideshowLocaleManager:getLanguageLocale: pt_br
03-13 16:10:34.397: I/keyguard(4222): AsusClockContainer_L:uninit
03-13 16:10:34.399: I/keyguard(4222): AsusClockContainer_L:stopListening
03-13 16:10:34.401: V/Monotype(6640): SetAppTypeFace- try to flip, app = com.aquiris.horizonchase
03-13 16:10:34.402: D/PhoneInterfaceManager(4428): isWifiCallingAvailable: sub Id : 1
03-13 16:10:34.402: D/NetworkController.MobileSignalController(1)(4222): isWifiCallingAvailable=false
03-13 16:10:34.406: V/Monotype(6640):     Typeface getFontPathFlipFont - systemFont = default#default
03-13 16:10:34.409: D/PhoneInterfaceManager(4428): isVolteAvailable: sub Id : 1
03-13 16:10:34.409: V/ReflectionMethods(4222): ========ReflectionMethods.getVolteAvailable = false ===============
03-13 16:10:34.411: D/PhoneInterfaceManager(4428): isVideoTelephonyAvailable: sub Id : 1
03-13 16:10:34.411: V/ReflectionMethods(4222): ========ReflectionMethods.getVideoTelephonyAvailable = false ===============
03-13 16:10:34.416: I/keyguard(4222): AsusMediator:unregisterBarClockShowCallback callback:com.asus.keyguard.module.clock.ui.AsusWeatherClockContainer$1@a7e60cc
03-13 16:10:34.416: I/keyguard(4222): TargetContainer:uninitDrag
03-13 16:10:34.416: W/keyguard(4222): AnimationTargetContainer:reset mState:READY
03-13 16:10:34.417: I/keyguard(4222): AsusClockContainer_L:onInit
03-13 16:10:34.420: V/Monotype(6640): SetAppTypeFace- try to flip, app = com.aquiris.horizonchase
03-13 16:10:34.420: V/Monotype(6640):     Typeface getFontPathFlipFont - systemFont = default#default
03-13 16:10:34.425: I/OptInState(5256): There is a new client and it does not support opt-in. Dropping request.
03-13 16:10:34.435: I/MicroDetector(5256): Keeping mic open: false
03-13 16:10:34.435: I/DeviceStateChecker(5256): DeviceStateChecker cancelled
03-13 16:10:34.435: I/AudioController(5256): internalShutdown
03-13 16:10:34.435: I/MicroRecognitionRunner(5256): Stopping hotword detection.
03-13 16:10:34.436: I/MicroRecognitionRunner(5256): Detection finished
03-13 16:10:34.440: I/keyguard(4222): AsusFirstKGUnlockedMonitor:getSettingsForFirstKGUnlocked()  settings: true
03-13 16:10:34.441: I/keyguard(4222): AsusClockContainer_L:create mAppWidgetHost
03-13 16:10:34.442: I/MicroDetectionWorker(5256): #startMicroDetector [speakerMode: 0]
03-13 16:10:34.442: I/MicrophoneInputStream(5256): mic_close  SR : 16000 CC : 16 SO : 1999
03-13 16:10:34.443: I/keyguard(4222): AsusClockContainer_L:startListening
03-13 16:10:34.443: I/AudioController(5256): Created new AudioSource
03-13 16:10:34.443: D/keyguard(4222): AsusClockContainer_L:onFinishInflate: mWeatherWidgetIdInSettings=2
03-13 16:10:34.444: I/keyguard(4222): AsusLSShortcutContainer_3:updateActive posType:0 active:false
03-13 16:10:34.444: I/keyguard(4222): AsusLSShortcutContainer_2:updateActive posType:0 active:false
03-13 16:10:34.444: I/keyguard(4222): TargetContainer:onPathDataChanged mPathKey:clock data:null
03-13 16:10:34.444: I/keyguard(4222): AsusMediator:registerBarClockShowCallback callback:com.asus.keyguard.module.clock.ui.AsusWeatherClockContainer$1@b3046a3
03-13 16:10:34.444: I/keyguard(4222): AsusLSShortcutContainer_3:onThemeChanged:0
03-13 16:10:34.444: I/keyguard(4222): AsusLSShortcutContainer_3:updateActive posType:0 active:false
03-13 16:10:34.444: I/keyguard(4222): AsusLSShortcutContainer_3:updateActive posType:0 active:false
03-13 16:10:34.444: I/keyguard(4222): AsusLSShortcutContainer_2:onThemeChanged:0
03-13 16:10:34.444: I/keyguard(4222): AsusLSShortcutContainer_2:updateActive posType:0 active:false
03-13 16:10:34.444: I/keyguard(4222): AsusLSShortcutContainer_2:updateActive posType:0 active:false
03-13 16:10:34.444: I/keyguard(4222): TargetContainer:init
03-13 16:10:34.447: V/BoostFramework(4222): BoostFramework() : mPerf = com.qualcomm.qti.Performance@e25eda0
03-13 16:10:34.447: V/BoostFramework(4222): BoostFramework() : mPerf = com.qualcomm.qti.Performance@e4d1d59
03-13 16:10:34.451: I/MicroRecognitionRunner(5256): Starting detection.
03-13 16:10:34.451: I/MicrophoneInputStream(5256): mic_starting  SR : 16000 CC : 16 SO : 1999
03-13 16:10:34.452: W/Unity(6640): Failed to get permission info for com.sec.android.provider.badge.permission.READ, manifest likely missing custom permission declaration
03-13 16:10:34.452: W/Unity(6640): Permission com.sec.android.provider.badge.permission.READ ignored
03-13 16:10:34.452: D/audio_hw_primary(2846): adev_open_input_stream: enter: sample_rate(16000) channel_mask(0x10) devices(0x80000004)        stream_handle(0xf0b8d780) io_handle(1678) source(6) format 1
03-13 16:10:34.452: V/audio_hw_primary(2846): adev_open_input_stream: exit
03-13 16:10:34.452: W/Unity(6640): Failed to get permission info for com.sec.android.provider.badge.permission.WRITE, manifest likely missing custom permission declaration
03-13 16:10:34.452: W/Unity(6640): Permission com.sec.android.provider.badge.permission.WRITE ignored
03-13 16:10:34.453: W/Unity(6640): Failed to get permission info for com.htc.launcher.permission.READ_SETTINGS, manifest likely missing custom permission declaration
03-13 16:10:34.453: W/Unity(6640): Permission com.htc.launcher.permission.READ_SETTINGS ignored
03-13 16:10:34.453: I/AudioFlinger(2846): AudioFlinger's thread 0xeea83b80 ready to run
03-13 16:10:34.453: D/audio_hw_primary(2846): in_standby: enter: stream (0xf0b8d780) usecase(16: audio-record)
03-13 16:10:34.453: V/audio_hw_primary(2846): in_standby: exit:  status(0)
03-13 16:10:34.453: W/Unity(6640): Failed to get permission info for com.htc.launcher.permission.UPDATE_SHORTCUT, manifest likely missing custom permission declaration
03-13 16:10:34.453: W/Unity(6640): Permission com.htc.launcher.permission.UPDATE_SHORTCUT ignored
03-13 16:10:34.454: D/audio_hw_primary(2846): in_standby: enter: stream (0xf0b8d780) usecase(16: audio-record)
03-13 16:10:34.454: V/audio_hw_primary(2846): in_standby: exit:  status(0)
03-13 16:10:34.455: W/Unity(6640): Failed to get permission info for com.sonyericsson.home.permission.BROADCAST_BADGE, manifest likely missing custom permission declaration
03-13 16:10:34.455: W/Unity(6640): Permission com.sonyericsson.home.permission.BROADCAST_BADGE ignored
03-13 16:10:34.456: W/Unity(6640): Failed to get permission info for com.sonymobile.home.permission.PROVIDER_INSERT_BADGE, manifest likely missing custom permission declaration
03-13 16:10:34.456: W/Unity(6640): Permission com.sonymobile.home.permission.PROVIDER_INSERT_BADGE ignored
03-13 16:10:34.457: W/Unity(6640): Failed to get permission info for com.anddoes.launcher.permission.UPDATE_COUNT, manifest likely missing custom permission declaration
03-13 16:10:34.457: W/Unity(6640): Permission com.anddoes.launcher.permission.UPDATE_COUNT ignored
03-13 16:10:34.458: W/Unity(6640): Failed to get permission info for com.majeur.launcher.permission.UPDATE_BADGE, manifest likely missing custom permission declaration
03-13 16:10:34.458: W/Unity(6640): Permission com.majeur.launcher.permission.UPDATE_BADGE ignored
03-13 16:10:34.459: V/AudioPolicyManagerCustom(2846): startInput() input 1678
03-13 16:10:34.459: W/Unity(6640): Failed to get permission info for com.huawei.android.launcher.permission.CHANGE_BADGE, manifest likely missing custom permission declaration
03-13 16:10:34.459: W/AudioPolicyManagerCustom(2846): startInput(1678) preempting low-priority input 1670
03-13 16:10:34.459: W/Unity(6640): Permission com.huawei.android.launcher.permission.CHANGE_BADGE ignored
03-13 16:10:34.459: V/AudioPolicyManagerCustom(2846): stopInput() input 1670
03-13 16:10:34.460: W/Unity(6640): Failed to get permission info for com.huawei.android.launcher.permission.READ_SETTINGS, manifest likely missing custom permission declaration
03-13 16:10:34.460: W/Unity(6640): Permission com.huawei.android.launcher.permission.READ_SETTINGS ignored
03-13 16:10:34.460: W/Unity(6640): Failed to get permission info for com.huawei.android.launcher.permission.WRITE_SETTINGS, manifest likely missing custom permission declaration
03-13 16:10:34.460: W/Unity(6640): Permission com.huawei.android.launcher.permission.WRITE_SETTINGS ignored
03-13 16:10:34.461: W/Unity(6640): Failed to get permission info for android.permission.READ_APP_BADGE, manifest likely missing custom permission declaration
03-13 16:10:34.461: W/Unity(6640): Permission android.permission.READ_APP_BADGE ignored
03-13 16:10:34.461: I/MicroDetectionWorker(5256): onReady
03-13 16:10:34.462: W/Unity(6640): Failed to get permission info for com.oppo.launcher.permission.READ_SETTINGS, manifest likely missing custom permission declaration
03-13 16:10:34.462: W/Unity(6640): Permission com.oppo.launcher.permission.READ_SETTINGS ignored
03-13 16:10:34.462: D/audio_hw_primary(2846): in_set_parameters: enter: kvpairs=routing=0
03-13 16:10:34.462: V/audio_hw_primary(2846): in_set_parameters: exit: status(0)
03-13 16:10:34.462: D/audio_hw_primary(2846): in_standby: enter: stream (0xf0b8d480) usecase(16: audio-record)
03-13 16:10:34.462: W/Unity(6640): Failed to get permission info for com.oppo.launcher.permission.WRITE_SETTINGS, manifest likely missing custom permission declaration
03-13 16:10:34.462: W/Unity(6640): Permission com.oppo.launcher.permission.WRITE_SETTINGS ignored
03-13 16:10:34.463: W/Unity(6640): Failed to get permission info for me.everything.badger.permission.BADGE_COUNT_READ, manifest likely missing custom permission declaration
03-13 16:10:34.463: W/Unity(6640): Permission me.everything.badger.permission.BADGE_COUNT_READ ignored
03-13 16:10:34.463: W/Unity(6640): Failed to get permission info for me.everything.badger.permission.BADGE_COUNT_WRITE, manifest likely missing custom permission declaration
03-13 16:10:34.463: W/Unity(6640): Permission me.everything.badger.permission.BADGE_COUNT_WRITE ignored
03-13 16:10:34.479: I/keyguard(4222): TargetContainer:uninitDrag
03-13 16:10:34.479: W/keyguard(4222): AnimationTargetContainer:reset mState:READY
03-13 16:10:34.485: I/keyguard(4222): TargetContainer:init
03-13 16:10:34.485: I/keyguard(4222): AsusLSShortcut:updateUI app:android.graphics.drawable.VectorDrawable@e741e91 background:null color:-1
03-13 16:10:34.491: I/keyguard(4222): AsusLSShortcut:setAppInfo:Câmera
03-13 16:10:34.497: I/keyguard(4222): TargetContainer:onPathDataChanged mPathKey:null data:null
03-13 16:10:34.511: V/audio_hw_primary(2846): stop_input_stream: enter: usecase(16: audio-record)
03-13 16:10:34.511: V/audio_hw_primary(2846): disable_audio_route: enter: usecase(16)
03-13 16:10:34.511: D/audio_hw_primary(2846): enableNXPamp_isSpeakerDevice , enter 
03-13 16:10:34.511: E/msm8916_platform(2846): check_is_speakerout: snd device 114 
03-13 16:10:34.511: D/audio_hw_primary(2846):  enableNXPamp_isSpeakerDevice , exit 
03-13 16:10:34.511: D/audio_hw_primary(2846): disable_audio_route: reset and update mixer path: audio-record
03-13 16:10:34.512: V/audio_hw_primary(2846): disable_audio_route: exit
03-13 16:10:34.512: D/hardware_info(2846): hw_info_append_hw_type : device_name = voice-rec-mic
03-13 16:10:34.512: D/audio_hw_primary(2846): disable_snd_device: snd_device(114: voice-rec-mic)
03-13 16:10:34.512: D/msm8916_platform(2846): platform_can_split_snd_device: snd_device(114) num devices(0) new_snd_devices(0)
03-13 16:10:34.514: V/audio_hw_primary(2846): stop_input_stream: exit: status(0)
03-13 16:10:34.514: V/audio_hw_primary(2846): in_standby: exit:  status(0)
03-13 16:10:34.517: D/audio_hw_primary(2846): adev_close_input_stream: enter:stream_handle(0xf0b8d480)
03-13 16:10:34.517: D/msm8916_platform(2846):    platform_set_echo_reference enter out_device 0  
03-13 16:10:34.517: D/msm8916_platform(2846): platform_set_echo_reference return active_input NULL  
03-13 16:10:34.517: D/audio_hw_primary(2846): in_standby: enter: stream (0xf0b8d480) usecase(16: audio-record)
03-13 16:10:34.517: V/audio_hw_primary(2846): in_standby: exit:  status(0)
03-13 16:10:34.518: D/audio_hw_primary(2846): in_set_parameters: enter: kvpairs=input_source=6;routing=-2147483644
03-13 16:10:34.518: V/audio_hw_primary(2846): in_set_parameters: exit: status(0)
03-13 16:10:34.520: V/AudioPolicyManagerCustom(2846): AudioPolicyManager::startInput() input source = 1999
03-13 16:10:34.520: V/AudioPolicyManagerCustom(2846): stopInput() input 1670
03-13 16:10:34.520: W/APM_AudioPolicyManager(2846): stopInput() unknown input 1670
03-13 16:10:34.520: V/msm8916_platform(2846): platform_update_usecase_from_source: input source :6
03-13 16:10:34.520: D/audio_hw_primary(2846): start_input_stream: enter: stream(0xf0b8d780)usecase(16: audio-record)
03-13 16:10:34.520: V/audio_hw_primary(2846): start_input_stream: usecase(16)
03-13 16:10:34.521: D/audio_hw_primary(2846): select_devices for use case (audio-record)
03-13 16:10:34.521: D/msm8916_platform(2846): platform_get_input_snd_device: bt_devices_type : 0
03-13 16:10:34.521: D/msm8916_platform(2846): is_beetalk = false
03-13 16:10:34.521: V/msm8916_platform(2846): platform_get_input_snd_device: enter: out_device(0) in_device(0x4) channel_count (1) channel_mask (0x10)
03-13 16:10:34.521: V/msm8916_platform(2846): platform_get_input_snd_device: exit: in_snd_device(voice-rec-mic)
03-13 16:10:34.521: D/msm8916_platform(2846): is_beetalk = false
03-13 16:10:34.521: D/audio_hw_primary(2846): select_devices: out_snd_device(0: ) in_snd_device(114: voice-rec-mic)
03-13 16:10:34.521: I/msm8916_platform(2846): platform_check_and_set_capture_codec_backend_cfg:txbecf: afe: bitwidth 16, samplerate 16000, backend_idx 0 usecase = 16 device (voice-rec-mic)
03-13 16:10:34.521: I/msm8916_platform(2846): platform_check_capture_codec_backend_cfg:txbecf: afe: Codec selected backend: 0 current bit width: 16 and sample rate: 16000
03-13 16:10:34.521: W/msm8916_platform(2846): platform_check_capture_codec_backend_cfg:txbecf: afe:Use default bw and sr for voice/voip calls
03-13 16:10:34.521: I/msm8916_platform(2846): platform_check_capture_codec_backend_cfg:txbecf: afe: Codec selected backend: 0 updated bit width: 16 and sample rate: 48000
03-13 16:10:34.521: D/audio_hw_primary(2846): check_usecases_capture_codec_backend:becf: force routing 0
03-13 16:10:34.521: D/hardware_info(2846): hw_info_append_hw_type : device_name = voice-rec-mic
03-13 16:10:34.521: D/msm8916_platform(2846): platform_can_split_snd_device: snd_device(114) num devices(0) new_snd_devices(0)
03-13 16:10:34.521: D/audio_hw_primary(2846): enable_snd_device: snd_device(114: voice-rec-mic)
03-13 16:10:34.522: I/MicrophoneInputStream(5256): mic_started  SR : 16000 CC : 16 SO : 1999
03-13 16:10:34.523: W/APM_AudioPolicyManager(2846): releaseInput() releasing unknown input 1670
03-13 16:10:34.523: V/audio_hw_primary(2846): enable_audio_route: enter: usecase(16)
03-13 16:10:34.523: I/audio_hw_utils(2846): audio_extn_utils_send_app_type_cfg CAPTURE app_type 69938, acdb_dev_id 4, sample_rate 48000
03-13 16:10:34.524: I/audio_hw_utils(2846): audio_extn_utils_send_app_type_cfg:becf: adm: app_type 69938, acdb_dev_id 4, sample_rate 48000
03-13 16:10:34.524: D/msm8916_platform(2846): platform_can_split_snd_device: snd_device(114) num devices(1) new_snd_devices(114)
03-13 16:10:34.524: V/msm8916_platform(2846): platform_send_audio_calibration: sending audio calibration for snd_device(114) acdb_id(4)
03-13 16:10:34.524: D/ACDB-LOADER(2846): ACDB -> send_audio_cal, acdb_id = 4, path = 1, app id = 0x11132, sample rate = 48000
03-13 16:10:34.524: D/ACDB-LOADER(2846): ACDB -> send_asm_topology
03-13 16:10:34.524: D/ACDB-LOADER(2846): ACDB -> ACDB_CMD_GET_AUDPROC_STREAM_TOPOLOGY_ID
03-13 16:10:34.524: D/ACDB-LOADER(2846): ACDB -> send_adm_topology
03-13 16:10:34.524: D/ACDB-LOADER(2846): ACDB -> ACDB_CMD_GET_AUDPROC_COMMON_TOPOLOGY_ID
03-13 16:10:34.524: D/ACDB-LOADER(2846): ACDB -> send_audtable
03-13 16:10:34.524: D/ACDB-LOADER(2846): ACDB -> ACDB_CMD_GET_AUDPROC_COMMON_TABLE_SIZE
03-13 16:10:34.524: D/ACDB-LOADER(2846): ACDB -> ACDB_CMD_GET_AUDPROC_COMMON_TABLE
03-13 16:10:34.524: D/ACDB-LOADER(2846): ACDB -> AUDIO_SET_AUDPROC_CAL
03-13 16:10:34.524: D/ACDB-LOADER(2846): ACDB -> send_audvoltable
03-13 16:10:34.524: D/ACDB-LOADER(2846): ACDB -> ACDB_CMD_GET_AUDPROC_GAIN_DEP_STEP_TABLE, vol index 0
03-13 16:10:34.524: D/(2846): Failed to fetch the lookup information of the device 00000004 
03-13 16:10:34.524: E/ACDB-LOADER(2846): Error: ACDB AudProc vol returned = -19
03-13 16:10:34.524: D/ACDB-LOADER(2846): ACDB -> AUDIO_SET_VOL_CAL cal type = 12
03-13 16:10:34.524: D/ACDB-LOADER(2846): ACDB -> send_audstrmtable
03-13 16:10:34.524: D/ACDB-LOADER(2846): ACDB -> ACDB_CMD_GET_AUDPROC_STREAM_TABLE_V2
03-13 16:10:34.524: D/ACDB-LOADER(2846): ACDB -> audstrm_cal->cal_type.cal_data.cal_size = 16
03-13 16:10:34.524: D/ACDB-LOADER(2846): ACDB -> send_afe_topology
03-13 16:10:34.524: D/ACDB-LOADER(2846): ACDB -> ACDB_CMD_GET_AFE_TOPOLOGY_ID
03-13 16:10:34.524: D/ACDB-LOADER(2846): ACDB -> GET_AFE_TOPOLOGY_ID for adcd_id 4, Topology Id 112fb
03-13 16:10:34.524: D/ACDB-LOADER(2846): ACDB -> send_afe_cal
03-13 16:10:34.524: D/ACDB-LOADER(2846): ACDB -> ACDB_CMD_GET_AFE_COMMON_TABLE
03-13 16:10:34.524: D/(2846): Failed to fetch the lookup information of the device 00000004 
03-13 16:10:34.524: E/ACDB-LOADER(2846): Error: ACDB AFE returned = -19
03-13 16:10:34.524: D/ACDB-LOADER(2846): ACDB -> AUDIO_SET_AFE_CAL
03-13 16:10:34.524: D/ACDB-LOADER(2846): ACDB -> send_hw_delay : acdb_id = 4 path = 1
03-13 16:10:34.524: D/ACDB-LOADER(2846): ACDB -> ACDB_AVSYNC_INFO: ACDB_CMD_GET_DEVICE_PROPERTY
03-13 16:10:34.524: D/audio_hw_primary(2846): enable_audio_route: apply mixer and update path: audio-record
03-13 16:10:34.525: D/audio_hw_primary(2846): enableNXPamp_isSpeakerDevice , enter 
03-13 16:10:34.525: E/msm8916_platform(2846): check_is_speakerout: snd device 114 
03-13 16:10:34.525: D/audio_hw_primary(2846):  enableNXPamp_isSpeakerDevice , exit 
03-13 16:10:34.525: V/audio_hw_primary(2846): enable_audio_route: exit
03-13 16:10:34.525: D/audio_hw_primary(2846): select_devices: done
03-13 16:10:34.525: V/audio_hw_primary(2846): start_input_stream: Opening PCM device card_id(0) device_id(0), channels 1 format 0
03-13 16:10:34.527: V/audio_hw_primary(2846): start_input_stream: pcm_prepare
03-13 16:10:34.529: D/SignalClusterView(4222): vpn: GONE
03-13 16:10:34.530: D/SignalClusterView(4222): ethernet: GONE sig=0 inout=0
03-13 16:10:34.532: D/LauncherLog(5157): BadgeReceiver():: Asus badge update action
03-13 16:10:34.532: D/SignalClusterView(4222): wifi: VISIBLE sig=2130838974 inout=2130838945
03-13 16:10:34.533: D/SignalClusterView(4222): wigig: GONE sig=2130838981 inout=2130838946
03-13 16:10:34.534: W/BroadcastQueue(3188): Reject to launch app br.com.bb.android/10126 for broadcast: App Op 66
03-13 16:10:34.537: D/SignalClusterView(4222): mobile: VISIBLE sig=2130838940 typ=0 inout=0c
03-13 16:10:34.537: D/SignalClusterView(4222): vpn: GONE
03-13 16:10:34.538: D/SignalClusterView(4222): ethernet: GONE sig=0 inout=0
03-13 16:10:34.538: D/SignalClusterView(4222): wifi: VISIBLE sig=2130838974 inout=2130838945
03-13 16:10:34.539: D/SignalClusterView(4222): wigig: GONE sig=2130838981 inout=2130838946
03-13 16:10:34.541: D/SignalClusterView(4222): mobile: VISIBLE sig=2130838940 typ=0 inout=0c
03-13 16:10:34.542: D/LauncherLog(5157): BadgeReceiver():: pkg: com.whatsapp clz: com.whatsapp.Main user: UserHandle{0} count: 2 vip_count:0
03-13 16:10:34.543: I/Launcher_badge(5157): Badge DB update: com.whatsapp|com.whatsapp.Main|0|2|0|null
03-13 16:10:34.543: D/Launcher_badge(5157): LauncherProvider update badge db - badge-receiver-thread : com.asus.launcher
03-13 16:10:34.545: D/Launcher_badge(5157): LauncherProvider notify badge update
03-13 16:10:34.553: D/compound_icon(5157): updateBadgeCount forceUpdate? false
03-13 16:10:34.553: D/Launcher_badge(5157): LauncherProvider query badge db - badge-receiver-thread : com.asus.launcher
03-13 16:10:34.555: D/compound_icon(5157): updateUnreadBadgeCounts -------
03-13 16:10:34.555: D/compound_icon(5157): ComponentInfo{com.whatsapp/com.whatsapp.Main}
03-13 16:10:34.555: D/compound_icon(5157): -------------------------
03-13 16:10:34.573: D/SignalClusterView(4222): vpn: GONE
03-13 16:10:34.573: D/SignalClusterView(4222): ethernet: GONE sig=0 inout=0
03-13 16:10:34.573: D/SignalClusterView(4222): wifi: VISIBLE sig=2130838974 inout=2130838945
03-13 16:10:34.573: D/SignalClusterView(4222): wigig: GONE sig=2130838981 inout=2130838946
03-13 16:10:34.574: D/SignalClusterView(4222): mobile: VISIBLE sig=2130838940 typ=0 inout=0c
03-13 16:10:34.574: D/SignalClusterView(4222): vpn: GONE
03-13 16:10:34.574: D/SignalClusterView(4222): ethernet: GONE sig=0 inout=0
03-13 16:10:34.575: D/SignalClusterView(4222): wifi: VISIBLE sig=2130838974 inout=2130838945
03-13 16:10:34.575: D/SignalClusterView(4222): wigig: GONE sig=2130838981 inout=2130838946
03-13 16:10:34.576: D/SignalClusterView(4222): mobile: VISIBLE sig=2130838940 typ=0 inout=0c
03-13 16:10:34.577: D/SignalClusterView(4222): vpn: GONE
03-13 16:10:34.577: D/SignalClusterView(4222): ethernet: GONE sig=0 inout=0
03-13 16:10:34.577: D/SignalClusterView(4222): wifi: VISIBLE sig=2130838974 inout=2130838945
03-13 16:10:34.577: D/SignalClusterView(4222): wigig: GONE sig=2130838981 inout=2130838946
03-13 16:10:34.579: D/Tiny_ALSA(2846):  pcm_prepare getquinstatus() 0 ,g_speakerOpened 0 ,g_isTurnOnSpeaker 0
03-13 16:10:34.579: D/SignalClusterView(4222): mobile: VISIBLE sig=2130838940 typ=0 inout=0c
03-13 16:10:34.579: D/SignalClusterView(4222): vpn: GONE
03-13 16:10:34.579: D/SignalClusterView(4222): ethernet: GONE sig=0 inout=0
03-13 16:10:34.579: D/audio_hw_primary(2846): start_input_stream: exit
03-13 16:10:34.579: D/SignalClusterView(4222): wifi: VISIBLE sig=2130838974 inout=2130838945
03-13 16:10:34.580: D/SignalClusterView(4222): wigig: GONE sig=2130838981 inout=2130838946
03-13 16:10:34.581: D/SignalClusterView(4222): mobile: VISIBLE sig=2130838940 typ=0 inout=0c
03-13 16:10:34.583: I/Adreno(6640): QUALCOMM build                   : dfab96b, I762e720a6a
03-13 16:10:34.583: I/Adreno(6640): Build Date                       : 01/31/17
03-13 16:10:34.583: I/Adreno(6640): OpenGL ES Shader Compiler Version: XE031.09.00.04
03-13 16:10:34.583: I/Adreno(6640): Local Branch                     : 
03-13 16:10:34.583: I/Adreno(6640): Remote Branch                    : 
03-13 16:10:34.583: I/Adreno(6640): Remote Branch                    : 
03-13 16:10:34.583: I/Adreno(6640): Reconstruct Branch               : 
03-13 16:10:34.591: I/OpenGLRenderer(6640): Initialized EGL, version 1.4
03-13 16:10:34.591: D/OpenGLRenderer(6640): Swap behavior 1
03-13 16:10:34.597: I/MicroDetectionWorker(5256): onReady
03-13 16:10:34.622: I/keyguard(4222): AsusSlideshowManager:updateSlideshowInformation: imageSource: false
03-13 16:10:34.622: I/keyguard(4222): AsusSlideshowManager:setSlideshowInformationTitle: null, view: true
03-13 16:10:34.622: I/keyguard(4222): AsusKgBottomAreaZen35:setSlideshowInformationTextView: null
03-13 16:10:34.622: I/keyguard(4222): TargetContainer:initDrag
03-13 16:10:34.623: E/keyguard(4222): FramesHelp:not support no path data
03-13 16:10:34.623: I/keyguard(4222): TargetContainer:initDrag
03-13 16:10:34.623: E/keyguard(4222): FramesHelp:not support no path data
03-13 16:10:34.623: D/StatusBar(4222): onNotificationPosted: StatusBarNotification(pkg=com.whatsapp user=UserHandle{0} id=1 tag=555181438757@s.whatsapp.net key=0|com.whatsapp|1|555181438757@s.whatsapp.net|10116: Notification(pri=0 contentView=null vibrate=null sound=null defaults=0x0 flags=0x8 color=0xff075e54 groupKey=group_key_messages sortKey=1 actions=1 vis=PRIVATE publicVersion=Notification(pri=0 contentView=null vibrate=null sound=null defaults=0x0 flags=0x0 color=0xff075e54 category=msg vis=PRIVATE)))
03-13 16:10:34.624: D/StatusBar(4222): onNotificationPosted: StatusBarNotification(pkg=com.whatsapp user=UserHandle{0} id=1 tag=null key=0|com.whatsapp|1|null|10116: Notification(pri=1 contentView=null vibrate=default sound=content://settings/system/notification_sound tick defaults=0x2 flags=0x200 color=0xff075e54 category=msg groupKey=group_key_messages vis=PRIVATE publicVersion=Notification(pri=0 contentView=null vibrate=null sound=null defaults=0x0 flags=0x0 color=0xff075e54 category=msg vis=PRIVATE)))
03-13 16:10:34.624: I/keyguard(4222): AsusFirstKGUnlockedMonitor:getSettingsForFirstKGUnlocked()  settings: true
03-13 16:10:34.624: I/keyguard(4222): AsusFirstKGUnlockedMonitor:getSettingsForFirstKGUnlocked()  settings: true
03-13 16:10:34.626: D/keyguard(4222): AsusClockContainer_L:addWeatherWidget: createView, id=2
03-13 16:10:34.629: V/weather(6049): WeatherWidgetProviderPhone> onAppWidgetOptionsChanged 2
03-13 16:10:34.650: V/weather(6049): BroadcastUtils> sendUpdateLockscreenIcon 0 false
03-13 16:10:34.680: I/MSM-irqbalance(2367): Decided to move IRQ5 from CPU2 [P:0] to CPU5 [P:1] (banned)
03-13 16:10:34.680: I/MSM-irqbalance(2367): Decided to move IRQ3 from CPU2 [P:0] to CPU6 [P:1] (banned)
03-13 16:10:34.681: I/MSM-irqbalance(2367): Decided to move IRQ3 from CPU0 [P:0] to CPU7 [P:1] (banned)
03-13 16:10:34.681: I/MSM-irqbalance(2367): Decided to move IRQ5 from CPU0 [P:0] to CPU4 [P:1] (banned)
03-13 16:10:34.681: I/MSM-irqbalance(2367): Decided to move IRQ5 from CPU3 [P:0] to CPU5 [P:1] (banned)
03-13 16:10:34.681: I/MSM-irqbalance(2367): Decided to move IRQ3 from CPU3 [P:0] to CPU6 [P:1] (banned)
03-13 16:10:34.681: I/MSM-irqbalance(2367): Decided to move IRQ5 from CPU1 [P:0] to CPU7 [P:1] (banned)
03-13 16:10:34.681: I/MSM-irqbalance(2367): Decided to move IRQ3 from CPU1 [P:0] to CPU4 [P:1] (banned)
03-13 16:10:34.737: D/NotificationGroupManager(4222): Notification(pri=0 contentView=null vibrate=null sound=null defaults=0x0 flags=0x8 color=0xff075e54 groupKey=group_key_messages sortKey=1 actions=1 vis=PRIVATE publicVersion=Notification(pri=0 contentView=null vibrate=null sound=null defaults=0x0 flags=0x0 color=0xff075e54 category=msg vis=PRIVATE)) not found in mGroupMap
03-13 16:10:34.737: D/NotificationGroupManager(4222): Notification(pri=0 contentView=null vibrate=null sound=null defaults=0x0 flags=0x8 color=0xff075e54 groupKey=group_key_messages sortKey=1 actions=1 vis=PRIVATE publicVersion=Notification(pri=0 contentView=null vibrate=null sound=null defaults=0x0 flags=0x0 color=0xff075e54 category=msg vis=PRIVATE)) isGroupChild
03-13 16:10:34.791: I/ActivityManager(3188): Setting hasTopUi=true for pid=4222
03-13 16:10:34.792: D/PhoneStatusBar(4222): disable: < expand ICONS* alerts SYSTEM_INFO* back home recent clock search quick_settings >
03-13 16:10:34.798: I/ActivityManager(3188): Setting hasTopUi=false for pid=4222
03-13 16:10:34.801: D/NotificationGroupManager(4222): Notification(pri=1 contentView=null vibrate=default sound=content://settings/system/notification_sound tick defaults=0x2 flags=0x200 color=0xff075e54 category=msg groupKey=group_key_messages vis=PRIVATE publicVersion=Notification(pri=0 contentView=null vibrate=null sound=null defaults=0x0 flags=0x0 color=0xff075e54 category=msg vis=PRIVATE)) !isGroupChild
03-13 16:10:34.805: D/NotificationGroupManager(4222): Notification(pri=0 contentView=null vibrate=null sound=null defaults=0x0 flags=0x8 color=0xff075e54 groupKey=group_key_messages sortKey=1 actions=1 vis=PRIVATE publicVersion=Notification(pri=0 contentView=null vibrate=null sound=null defaults=0x0 flags=0x0 color=0xff075e54 category=msg vis=PRIVATE)) not found in mGroupMap
03-13 16:10:34.806: D/NotificationGroupManager(4222): Notification(pri=0 contentView=null vibrate=null sound=null defaults=0x0 flags=0x8 color=0xff075e54 groupKey=group_key_messages sortKey=1 actions=1 vis=PRIVATE publicVersion=Notification(pri=0 contentView=null vibrate=null sound=null defaults=0x0 flags=0x0 color=0xff075e54 category=msg vis=PRIVATE)) !isGroupChild
03-13 16:10:34.818: I/keyguard(4222): AsusWeatherDataMonitor: :onReceive: com.asus.weathertime.ACTION_UPDATE_LOCKSCREEN_ICON
03-13 16:10:34.826: E/WindowManager(3188): Performed 6 layouts in a row. Skipping
03-13 16:10:34.829: W/IInputConnectionWrapper(5157): reportFullscreenMode on inexistent InputConnection
03-13 16:10:34.829: I/GoogleInputMethod(4175): onStartInput() : Dummy InputConnection bound
03-13 16:10:34.836: I/QTI PowerHAL(3188): Got wifi_hint
03-13 16:10:34.837: I/ActivityManager(3188): Displayed com.aquiris.horizonchase/com.unity3d.player.UnityPlayerActivity: +612ms [aosp]
03-13 16:10:34.838: D/ActivityTrigger(3188): ActivityTrigger activityStopTrigger 
03-13 16:10:34.840: D/LauncherLog(5157): Launcher onStop Begin
03-13 16:10:34.840: D/LauncherLog(5157): Launcher onStop End
03-13 16:10:34.858: V/GoogleTagManager(5157): Dispatch call queued. Dispatch will run once initialization is complete.
03-13 16:10:34.859: D/TaskWatcherService(4505): pkgName: com.aquiris.horizonchase taskId: 691
03-13 16:10:34.860: W/ContextImpl(4505): Calling a method in the system process without a qualified user: android.app.ContextImpl.startService:1357 android.content.ContextWrapper.startService:620 com.asus.powersaver.TaskWatcherService$IncomingHandler.handleMessage:-1 android.os.Handler.dispatchMessage:102 android.os.Looper.loop:159 
03-13 16:10:34.861: D/WindowManager(3188): FINISH_LAYOUT_REDO_LAYOUT && FINISH_LAYOUT_REDO_WALLPAPER
03-13 16:10:34.871: W/ContextImpl(4505): Calling a method in the system process without a qualified user: android.app.ContextImpl.sendBroadcast:877 android.content.ContextWrapper.sendBroadcast:428 com.asus.powersaver.TaskWatcherService$IncomingHandler.handleMessage:-1 android.os.Handler.dispatchMessage:102 android.os.Looper.loop:159 
03-13 16:10:34.873: D/OpenedTimeAppInfoProvider(4505): Update DB : number of affected records : 1
03-13 16:10:34.880: I/GameWidgetReceiver(3852): onReceive :com.asus.gamewidget.app.START
03-13 16:10:34.880: V/Utils(3852): disableToolbarByCountryCode: Country code list not updated, skip
03-13 16:10:34.881: D/PowerSaverService(4505): onStartCommand PowerSaverService:
03-13 16:10:34.881: D/PowerSaverService(4505): onStartCommand  action:null
03-13 16:10:34.884: D/PowerSaverService(4505): current package:com.aquiris.horizonchase;activity:com.unity3d.player.UnityPlayerActivity
03-13 16:10:34.884: D/PowerSaverUtils(4505): isLimitedCpuFrequency prop : 0 ; result : false
03-13 16:10:34.885: I//system/bin/onFgAppChanged(6678): bFound=0;thermald_mode=0;next_thermald_mode=0
03-13 16:10:34.885: I/AppOpsStatusUpdateHandler(4505): pkgName = com.aquiris.horizonchase
03-13 16:10:34.885: I/AppOpsStatusUpdateHandler(4505): taskId = 691
03-13 16:10:34.885: D/CNAppLockHandler(4505): CNAppLockHandler handleAppFocus
03-13 16:10:34.886: D/GameWidgetService(3852): onCreate
03-13 16:10:34.898: D/FOCUS_FOREGROUND_MONITOR(4505): Show Visual Mode:Game Mode
03-13 16:10:34.903: I/VisualMasterCommand(4505): result :; HIT: Game, L/I:0/-; HIT: Can not open /dev/cadiz; HIT: Read HDISP and VDISP fail; HIT: Can not open /dev/cadiz; HIT: Read HTOTAL fail; HIT: Set by-pass all on; HIT: Can not open /dev/cadiz; HIT: Read iBC 0x0C14 fail; HIT: Can not open /dev/cadiz; HIT: Read by-pass 0x0901 fail; HIT: Can not open /dev/cadiz
03-13 16:10:34.903: I/DpmTcmClient(3852): RegisterTcmMonitor from: com.android.okhttp.TcmIdleTimerMonitor
03-13 16:10:34.909: I/WindowManager(3188): Screen frozen for +657ms due to Window{63777cf u0 com.aquiris.horizonchase/com.unity3d.player.UnityPlayerActivity}
03-13 16:10:34.913: D/GameWidgetService(3852): onStartCommand: ACTION_START_SERVICE
03-13 16:10:34.913: I/GameUtils(3852): updateDB package:com.asus.gamewidget.status, category: com.aquiris.horizonchase, isAutoStart:true, isGame:false
03-13 16:10:34.914: D/GameBroadcasterService(3877): onCreate
03-13 16:10:34.920: I/ActivityManager(3188): Setting hasTopUi=true for pid=4222
03-13 16:10:34.925: V/GameWidgetService(3852): showFloatingWidget(true) mServiceCreated=true
03-13 16:10:34.943: E/Unity(6640): Unable to find AudioPluginMsHRTF
03-13 16:10:34.943: E/Unity(6640): Unable to find AudioPluginOculusSpatializer
03-13 16:10:34.944: E/Unity(6640): Unable to find libAudioPluginOculusSpatializer
03-13 16:10:34.946: D/WindowManager(3188): adjustConfigurationLw, config:{0 0.85 724mcc4mnc [pt_BR] ldltr sw423dp w752dp h399dp 408dpi nrml long land finger -keyb/v/h -nav/v s.128} mLidState:-1 mHasDockFeature:false mHasKeyboardFeature:false mHasHallSensorFeature:false config.hardKeyboardHidden:2
03-13 16:10:34.950: D/StatusBar(4222): onNotificationPosted: StatusBarNotification(pkg=com.asus.gamewidget user=UserHandle{0} id=1 tag=null key=0|com.asus.gamewidget|1|null|10027: Notification(pri=2 contentView=null vibrate=null sound=null defaults=0x0 flags=0x72 color=0x00000000 actions=1 vis=SECRET))
03-13 16:10:34.953: D/PhoneStatusBar(4222): disable: < expand icons* alerts system_info* back home recent clock search quick_settings >
03-13 16:10:34.966: D/WindowManager(3188): adjustConfigurationLw, config:{0 0.85 724mcc4mnc [pt_BR] ldltr sw423dp w752dp h399dp 408dpi nrml long land finger -keyb/v/h -nav/v s.128} mLidState:-1 mHasDockFeature:false mHasKeyboardFeature:false mHasHallSensorFeature:false config.hardKeyboardHidden:2
03-13 16:10:34.972: D/Unity(6640):  GL_OES_EGL_image GL_OES_EGL_image_external GL_OES_EGL_sync GL_OES_vertex_half_float GL_OES_framebuffer_object GL_OES_rgb8_rgba8 GL_OES_compressed_ETC1_RGB8_texture GL_AMD_compressed_ATC_texture GL_KHR_texture_compression_astc_ldr GL_KHR_texture_compression_astc_hdr GL_OES_texture_compression_astc GL_OES_texture_npot GL_EXT_texture_filter_anisotropic GL_EXT_texture_format_BGRA8888 GL_OES_texture_3D GL_EXT_color_buffer_float GL_EXT_color_buffer_half_float GL_QCOM_alpha_test GL_OES_depth24 GL_OES_packed_depth_stencil GL_OES_depth_texture GL_OES_depth_texture_cube_map GL_EXT_sRGB GL_OES_texture_float GL_OES_texture_float_linear GL_OES_texture_half_float GL_OES_texture_half_float_linear GL_EXT_texture_type_2_10_10_10_REV GL_EXT_texture_sRGB_decode GL_OES_element_index_uint GL_EXT_copy_image GL_EXT_geometry_shader GL_EXT_tessellation_shader GL_OES_texture_stencil8 GL_EXT_shader_io_blocks GL_OES_shader_image_atomic GL_OES_sample_variables GL_EXT_texture_border_clamp GL_EXT_multisampled_render_to_texture GL_OES_sha
03-13 16:10:34.972: D/Unity(6640): der_multisample_interpolation GL_EXT_texture_cube_map_array GL_EXT_draw_buffers_indexed GL_EXT_gpu_shader5 GL_EXT_robustness GL_EXT_texture_buffer GL_EXT_shader_framebuffer_fetch GL_ARM_shader_framebuffer_fetch_depth_stencil GL_OES_texture_storage_multisample_2d_array GL_OES_sample_shading GL_OES_get_program_binary GL_EXT_debug_label GL_KHR_blend_equation_advanced GL_KHR_blend_equation_advanced_coherent GL_QCOM_tiled_rendering GL_ANDROID_extension_pack_es31a GL_EXT_primitive_bounding_box GL_OES_standard_derivatives GL_OES_vertex_array_object GL_EXT_disjoint_timer_query GL_KHR_debug GL_EXT_YUV_target GL_EXT_sRGB_write_control GL_EXT_texture_norm16 GL_EXT_discard_framebuffer GL_OES_surfaceless_context GL_OVR_multiview GL_OVR_multiview2 GL_EXT_texture_sRGB_R8 GL_KHR_no_error GL_EXT_debug_marker GL_OES_EGL_image_external_essl3 GL_OVR_multiview_multisampled_render_to_texture GL_EXT_buffer_storage GL_EXT_blit_framebuffer_params GL_EXT_clip_cull_distance GL_EXT_protected_textures GL_EXT_shader_non_constant_global_i
03-13 16:10:34.972: D/Unity(6640): nitializers
03-13 16:10:35.017: I/AudioPolicyManagerCustom(2846): setting force DEEP buffer now 
03-13 16:10:35.017: V/AudioPolicyManagerCustom(2846): getOutputForDevice() returns output 21
03-13 16:10:35.020: V/audio_hw_primary(2846): out_get_latency: Latency 8
03-13 16:10:35.020: V/audio_hw_primary(2846): out_get_latency: Latency 80
03-13 16:10:35.021: V/audio_hw_primary(2846): out_get_latency: Latency 64
03-13 16:10:35.022: V/audio_hw_primary(2846): out_get_latency: Latency 8
03-13 16:10:35.022: I/AudioPolicyManagerCustom(2846): setting force DEEP buffer now 
03-13 16:10:35.022: V/AudioPolicyManagerCustom(2846): getOutputForDevice() returns output 21
03-13 16:10:35.022: I/AudioPolicyManagerCustom(2846): setting force DEEP buffer now 
03-13 16:10:35.022: V/AudioPolicyManagerCustom(2846): getOutputForDevice() returns output 21
03-13 16:10:35.026: I/AudioPolicyManagerCustom(2846): Direct PCM is disabled for this request
03-13 16:10:35.026: I/AudioPolicyManagerCustom(2846): setting force DEEP buffer now 
03-13 16:10:35.026: V/AudioPolicyManagerCustom(2846): getOutputForDevice() returns output 21
03-13 16:10:35.026: V/audio_hw_primary(2846): out_get_parameters: enter: keys - is_direct_pcm_track
03-13 16:10:35.026: D/compress_voip(2846): voice_extn_compress_voip_out_get_parameters: enter
03-13 16:10:35.026: V/audio_hw_primary(2846): not in direct_pcm
03-13 16:10:35.026: V/audio_hw_primary(2846): out_get_parameters: exit: returns - is_direct_pcm_track=false
03-13 16:10:35.027: V/audio_hw_primary(2846): out_get_latency: Latency 80
03-13 16:10:35.029: D/AudioTrack(6640): Client defaulted notificationFrames to 706 for frameCount 2120
03-13 16:10:35.030: E/AudioFlinger(2846): start : chmod playbackstatus.info error
03-13 16:10:35.030: D/APM_AudioPolicyManager(2846): startOutput() output 21, stream 3, session 3081
03-13 16:10:35.030: D/APM_AudioPolicyManager(2846): will call setAudioWizardForcePreset 
03-13 16:10:35.030: V/AudioPolicyManagerCustom(2846): getNewOutputDevice() selected device 2
03-13 16:10:35.031: D/audio_hw_primary(2846): out_set_parameters: enter: usecase(0: deep-buffer-playback) kvpairs: routing=2
03-13 16:10:35.031: V/audio_hw_primary(2846): out_set_parameters: exit: code(0)
03-13 16:10:35.031: I/SoundChannelObserver(5112): num=2
03-13 16:10:35.031: I/SoundChannelObserver(5112): num=2
03-13 16:10:35.038: V/AudioPolicyManagerCustom(2846): checkAndSetVolume() cannot set stream 6 volume with force use = 0 for comm
